Archive member included to satisfy reference by file (symbol)

C:\Users\vince\Documents\LPCXpresso_5.2.6_2137\w_exercices\TP1_labyrinth\Debug\libMylab_lib.a(accelerometer.o)
                              ./src/labyrinth.o (accel_init)
C:\Users\vince\Documents\LPCXpresso_5.2.6_2137\w_exercices\TP1_labyrinth\Debug\libMylab_lib.a(custom_rand.o)
                              ./src/labyrinth.o (rnd_32)
C:\Users\vince\Documents\LPCXpresso_5.2.6_2137\w_exercices\TP1_labyrinth\Debug\libMylab_lib.a(ethernet_mgt.o)
                              ./src/labyrinth.o (ethernet_init)
C:\Users\vince\Documents\LPCXpresso_5.2.6_2137\w_exercices\TP1_labyrinth\Debug\libMylab_lib.a(ethmac.o)
                              C:\Users\vince\Documents\LPCXpresso_5.2.6_2137\w_exercices\TP1_labyrinth\Debug\libMylab_lib.a(ethernet_mgt.o) (Init_EthMAC)
C:\Users\vince\Documents\LPCXpresso_5.2.6_2137\w_exercices\TP1_labyrinth\Debug\libMylab_lib.a(lcd.o)
                              ./src/labyrinth.o (init_lcd)
C:\Users\vince\Documents\LPCXpresso_5.2.6_2137\w_exercices\TP1_labyrinth\Debug\libMylab_lib.a(ssp.o)
                              C:\Users\vince\Documents\LPCXpresso_5.2.6_2137\w_exercices\TP1_labyrinth\Debug\libMylab_lib.a(lcd.o) (ssp_init_custom)
C:\Users\vince\Documents\LPCXpresso_5.2.6_2137\w_exercices\TP1_labyrinth\Debug\libMylab_lib.a(traces.o)
                              ./src/trace_mgt.o (write_trace_ref)
C:\Users\vince\Documents\LPCXpresso_5.2.6_2137\w_exercices\TP1_labyrinth\Debug\libMylab_lib.a(uart.o)
                              C:\Users\vince\Documents\LPCXpresso_5.2.6_2137\w_exercices\TP1_labyrinth\Debug\libMylab_lib.a(traces.o) (uart0_init_ref)
C:\Users\vince\Documents\LPCXpresso_5.2.6_2137\w_exercices\TP1_labyrinth\Debug\libMylab_lib.a(I2C.o)
                              C:\Users\vince\Documents\LPCXpresso_5.2.6_2137\w_exercices\TP1_labyrinth\Debug\libMylab_lib.a(accelerometer.o) (init_i2c)
C:\Users\vince\Documents\LPCXpresso_5.2.6_2137\w_exercices\TP1_labyrinth\Debug\libMylab_lib.a(fonts.o)
                              C:\Users\vince\Documents\LPCXpresso_5.2.6_2137\w_exercices\TP1_labyrinth\Debug\libMylab_lib.a(lcd.o) (SmallFont)
C:\Users\vince\Documents\LPCXpresso_5.2.6_2137\w_exercices\CMSISv2p00_LPC17xx\Debug\libCMSISv2p00_LPC17xx.a(system_LPC17xx.o)
                              ./src/cr_startup_lpc17.o (SystemInit)
c:/nxp/lpcxpresso_8.2.2_650/lpcxpresso/tools/bin/../lib/gcc/arm-none-eabi/5.4.1/../../../../arm-none-eabi/lib/armv7-m\libcr_semihost.a(_cr__main.o)
                              ./src/cr_startup_lpc17.o (__main)
c:/nxp/lpcxpresso_8.2.2_650/lpcxpresso/tools/bin/../lib/gcc/arm-none-eabi/5.4.1/../../../../arm-none-eabi/lib/armv7-m\libcr_c.a(memcpy.o)
                              ./FreeRTOS_src/queue.o (memcpy)
c:/nxp/lpcxpresso_8.2.2_650/lpcxpresso/tools/bin/../lib/gcc/arm-none-eabi/5.4.1/../../../../arm-none-eabi/lib/armv7-m\libcr_c.a(memset.o)
                              ./FreeRTOS_src/tasks.o (memset)
c:/nxp/lpcxpresso_8.2.2_650/lpcxpresso/tools/bin/../lib/gcc/arm-none-eabi/5.4.1/../../../../arm-none-eabi/lib/armv7-m\libcr_c.a(alloc.o)
                              C:\Users\vince\Documents\LPCXpresso_5.2.6_2137\w_exercices\TP1_labyrinth\Debug\libMylab_lib.a(lcd.o) (malloc)
c:/nxp/lpcxpresso_8.2.2_650/lpcxpresso/tools/bin/../lib/gcc/arm-none-eabi/5.4.1/../../../../arm-none-eabi/lib/armv7-m\libcr_c.a(ceil.o)
                              ./src/tools.o (ceil)
c:/nxp/lpcxpresso_8.2.2_650/lpcxpresso/tools/bin/../lib/gcc/arm-none-eabi/5.4.1/../../../../arm-none-eabi/lib/armv7-m\libcr_c.a(fclose.o)
                              C:\Users\vince\Documents\LPCXpresso_5.2.6_2137\w_exercices\TP1_labyrinth\Debug\libMylab_lib.a(lcd.o) (fclose)
c:/nxp/lpcxpresso_8.2.2_650/lpcxpresso/tools/bin/../lib/gcc/arm-none-eabi/5.4.1/../../../../arm-none-eabi/lib/armv7-m\libcr_c.a(fflush.o)
                              c:/nxp/lpcxpresso_8.2.2_650/lpcxpresso/tools/bin/../lib/gcc/arm-none-eabi/5.4.1/../../../../arm-none-eabi/lib/armv7-m\libcr_c.a(fclose.o) (fflush)
c:/nxp/lpcxpresso_8.2.2_650/lpcxpresso/tools/bin/../lib/gcc/arm-none-eabi/5.4.1/../../../../arm-none-eabi/lib/armv7-m\libcr_c.a(floor.o)
                              ./src/tools.o (floor)
c:/nxp/lpcxpresso_8.2.2_650/lpcxpresso/tools/bin/../lib/gcc/arm-none-eabi/5.4.1/../../../../arm-none-eabi/lib/armv7-m\libcr_c.a(fopen.o)
                              C:\Users\vince\Documents\LPCXpresso_5.2.6_2137\w_exercices\TP1_labyrinth\Debug\libMylab_lib.a(lcd.o) (fopen)
c:/nxp/lpcxpresso_8.2.2_650/lpcxpresso/tools/bin/../lib/gcc/arm-none-eabi/5.4.1/../../../../arm-none-eabi/lib/armv7-m\libcr_c.a(fpprintf.o)
                              C:\Users\vince\Documents\LPCXpresso_5.2.6_2137\w_exercices\TP1_labyrinth\Debug\libMylab_lib.a(lcd.o) (vsprintf)
c:/nxp/lpcxpresso_8.2.2_650/lpcxpresso/tools/bin/../lib/gcc/arm-none-eabi/5.4.1/../../../../arm-none-eabi/lib/armv7-m\libcr_c.a(fread.o)
[...]
Memory Configuration

Name             Origin             Length             Attributes
MFlash512        0x00000000         0x00080000         xr
RamLoc32         0x10000000         0x00008000         xrw
RamAHB32         0x2007c000         0x00008000         xrw
*default*        0x00000000         0xffffffff

Linker script and memory map

LOAD ./src/cr_startup_lpc17.o
LOAD ./src/debug.o
LOAD ./src/gpio.o
LOAD ./src/labyrinth.o
LOAD ./src/tools.o
LOAD ./src/trace_mgt.o
LOAD ./src/uart.o
LOAD ./FreeRTOS_src/croutine.o
LOAD ./FreeRTOS_src/list.o
LOAD ./FreeRTOS_src/queue.o
LOAD ./FreeRTOS_src/tasks.o
LOAD ./FreeRTOS_src/timers.o
LOAD ./FreeRTOS_portable/MemMang/heap_2.o
LOAD ./FreeRTOS_portable/port.o
LOAD C:\Users\vince\Documents\LPCXpresso_5.2.6_2137\w_exercices\TP1_labyrinth\Debug\libMylab_lib.a
LOAD C:\Users\vince\Documents\LPCXpresso_5.2.6_2137\w_exercices\CMSISv2p00_LPC17xx\Debug\libCMSISv2p00_LPC17xx.a
START GROUP
LOAD c:/nxp/lpcxpresso_8.2.2_650/lpcxpresso/tools/bin/../lib/gcc/arm-none-eabi/5.4.1/../../../../arm-none-eabi/lib/armv7-m\libcr_semihost.a
LOAD c:/nxp/lpcxpresso_8.2.2_650/lpcxpresso/tools/bin/../lib/gcc/arm-none-eabi/5.4.1/../../../../arm-none-eabi/lib/armv7-m\libcr_c.a
LOAD c:/nxp/lpcxpresso_8.2.2_650/lpcxpresso/tools/bin/../lib/gcc/arm-none-eabi/5.4.1/armv7-m\libcr_eabihelpers.a
END GROUP
                0x00000000                __base_MFlash512 = 0x0
                0x00000000                __base_Flash = 0x0
                0x00080000                __top_MFlash512 = 0x80000
                0x00080000                __top_Flash = 0x80000
                0x10000000                __base_RamLoc32 = 0x10000000
                0x10000000                __base_RAM = 0x10000000
                0x10008000                __top_RamLoc32 = 0x10008000
                0x10008000                __top_RAM = 0x10008000
                0x2007c000                __base_RamAHB32 = 0x2007c000
                0x2007c000                __base_RAM2 = 0x2007c000
                0x20084000                __top_RamAHB32 = 0x20084000
                0x20084000                __top_RAM2 = 0x20084000

.text           0x00000000     0x7c10
 FILL mask 0xff
                0x00000000                __vectors_start__ = ABSOLUTE (.)
 *(.isr_vector)
 .isr_vector    0x00000000       0xcc ./src/cr_startup_lpc17.o
                0x00000000                g_pfnVectors
                0x000000cc                . = ALIGN (0x4)
                0x000000cc                __section_table_start = .
                0x000000cc                __data_section_table = .
                0x000000cc        0x4 LONG 0x7c10 LOADADDR (.data)
                0x000000d0        0x4 LONG 0x10000000 ADDR (.data)
                0x000000d4        0x4 LONG 0x2a0 SIZEOF (.data)
                0x000000d8        0x4 LONG 0x7c10 LOADADDR (.data_RAM2)
                0x000000dc        0x4 LONG 0x2007c000 ADDR (.data_RAM2)
                0x000000e0        0x4 LONG 0x0 SIZEOF (.data_RAM2)
                0x000000e4                __data_section_table_end = .
                0x000000e4                __bss_section_table = .
                0x000000e4        0x4 LONG 0x100002a0 ADDR (.bss)
                0x000000e8        0x4 LONG 0x5774 SIZEOF (.bss)
                0x000000ec        0x4 LONG 0x2007c000 ADDR (.bss_RAM2)
                0x000000f0        0x4 LONG 0x0 SIZEOF (.bss_RAM2)
                0x000000f4                __bss_section_table_end = .
                0x000000f4                __section_table_end = .
 *(.after_vectors*)
 .after_vectors
                0x000000f4      0x12c ./src/cr_startup_lpc17.o
                0x000000f4                data_init
                0x00000138                bss_init
                0x00000170                ResetISR
                0x000001e8                NMI_Handler
                0x000001f0                HardFault_Handler
                0x000001f8                MemManage_Handler
                0x00000200                BusFault_Handler
                0x00000208                UsageFault_Handler
                0x00000210                DebugMon_Handler
                0x00000218                UART1_IRQHandler
                0x00000218                CANActivity_IRQHandler
                0x00000218                TIMER3_IRQHandler
                0x00000218                USBActivity_IRQHandler
                0x00000218                EINT2_IRQHandler
                0x00000218                I2C1_IRQHandler
                0x00000218                IntDefaultHandler
                0x00000218                PLL0_IRQHandler
                0x00000218                CAN_IRQHandler
                0x00000218                PLL1_IRQHandler
                0x00000218                I2C0_IRQHandler
                0x00000218                I2S_IRQHandler
                0x00000218                I2C2_IRQHandler
                0x00000218                RTC_IRQHandler
                0x00000218                TIMER0_IRQHandler
                0x00000218                SPI_IRQHandler
                0x00000218                RIT_IRQHandler
                0x00000218                EINT1_IRQHandler
                0x00000218                TIMER1_IRQHandler
                0x00000218                UART2_IRQHandler
                0x00000218                ADC_IRQHandler
                0x00000218                SSP1_IRQHandler
                0x00000218                USB_IRQHandler
                0x00000218                BOD_IRQHandler
                0x00000218                PWM1_IRQHandler
                0x00000218                WDT_IRQHandler
                0x00000218                QEI_IRQHandler
                0x00000218                EINT0_IRQHandler
                0x00000218                SSP0_IRQHandler
                0x00000218                DMA_IRQHandler
                0x00000218                TIMER2_IRQHandler
                0x00000218                UART3_IRQHandler
                0x00000218                MCPWM_IRQHandler
 *(.text*)
 .text.EINT3_IRQHandler
                0x00000220       0x48 ./src/gpio.o
                0x00000220                EINT3_IRQHandler
 .text.get_gpio
                0x00000268       0x2c ./src/gpio.o
                0x00000268                get_gpio
 *fill*         0x00000294        0x4 ff
 .text.ball     0x00000298      0x544 ./src/labyrinth.o
                0x00000298                ball
 .text.slave_info_rx
                0x000007dc       0x28 ./src/labyrinth.o
                0x000007dc                slave_info_rx
 .text.main     0x00000804       0xb0 ./src/labyrinth.o
                0x00000804                main
 .text.round    0x000008b4       0x78 ./src/tools.o
                0x000008b4                round
 .text.draw_labyrinth
                0x0000092c      0x150 ./src/tools.o
                0x0000092c                draw_labyrinth
 .text.test_collision
                0x00000a7c      0x450 ./src/tools.o
                0x00000a7c                test_collision
 .text.write_trace
                0x00000ecc       0x28 ./src/trace_mgt.o
                0x00000ecc                write_trace
 .text.vListInitialise
                0x00000ef4       0x40 ./FreeRTOS_src/list.o
                0x00000ef4                vListInitialise
 .text.vListInitialiseItem
                0x00000f34       0x18 ./FreeRTOS_src/list.o
                0x00000f34                vListInitialiseItem
 .text.vListInsertEnd
                0x00000f4c       0x50 ./FreeRTOS_src/list.o
                0x00000f4c                vListInsertEnd
 .text.vListInsert
                0x00000f9c       0x70 ./FreeRTOS_src/list.o
                0x00000f9c                vListInsert
 .text.vListRemove
                0x0000100c       0x50 ./FreeRTOS_src/list.o
                0x0000100c                vListRemove
 .text.xTaskGenericCreate
                0x0000105c      0x15c ./FreeRTOS_src/tasks.o
                0x0000105c                xTaskGenericCreate
 .text.vTaskDelayUntil
                0x000011b8       0x98 ./FreeRTOS_src/tasks.o
                0x000011b8                vTaskDelayUntil
 .text.vTaskStartScheduler
                0x00001250       0x5c ./FreeRTOS_src/tasks.o
                0x00001250                vTaskStartScheduler
 .text.vTaskSuspendAll
                0x000012ac       0x1c ./FreeRTOS_src/tasks.o
                0x000012ac                vTaskSuspendAll
 .text.xTaskResumeAll
                0x000012c8       0xf0 ./FreeRTOS_src/tasks.o
                0x000012c8                xTaskResumeAll
 .text.xTaskGetTickCount
                0x000013b8       0x24 ./FreeRTOS_src/tasks.o
                0x000013b8                xTaskGetTickCount
 .text.vTaskIncrementTick
                0x000013dc      0x12c ./FreeRTOS_src/tasks.o
                0x000013dc                vTaskIncrementTick
 .text.vTaskSwitchContext
                0x00001508      0x100 ./FreeRTOS_src/tasks.o
                0x00001508                vTaskSwitchContext
 .text.prvIdleTask
                0x00001608       0x14 ./FreeRTOS_src/tasks.o
 .text.prvInitialiseTCBVariables
                0x0000161c       0x68 ./FreeRTOS_src/tasks.o
 .text.prvInitialiseTaskLists
                0x00001684       0x80 ./FreeRTOS_src/tasks.o
 .text.prvCheckTasksWaitingTermination
                0x00001704       0x78 ./FreeRTOS_src/tasks.o
 .text.prvAddCurrentTaskToDelayedList
                0x0000177c       0x6c ./FreeRTOS_src/tasks.o
 .text.prvAllocateTCBAndStack
                0x000017e8       0x64 ./FreeRTOS_src/tasks.o
 .text.prvDeleteTCB
                0x0000184c       0x20 ./FreeRTOS_src/tasks.o
 .text.pvPortMalloc
                0x0000186c      0x144 ./FreeRTOS_portable/MemMang/heap_2.o
                0x0000186c                pvPortMalloc
 .text.vPortFree
                0x000019b0       0x74 ./FreeRTOS_portable/MemMang/heap_2.o
                0x000019b0                vPortFree
 .text.pxPortInitialiseStack
                0x00001a24       0x50 ./FreeRTOS_portable/port.o
                0x00001a24                pxPortInitialiseStack
 .text.vPortSVCHandler
                0x00001a74       0x24 ./FreeRTOS_portable/port.o
                0x00001a74                vPortSVCHandler
 .text.vPortStartFirstTask
                0x00001a98       0x18 ./FreeRTOS_portable/port.o
                0x00001a98                vPortStartFirstTask
 .text.xPortStartScheduler
                0x00001ab0       0x38 ./FreeRTOS_portable/port.o
                0x00001ab0                xPortStartScheduler
 .text.vPortYieldFromISR
                0x00001ae8       0x18 ./FreeRTOS_portable/port.o
                0x00001ae8                vPortYieldFromISR
 .text.vPortEnterCritical
                0x00001b00       0x24 ./FreeRTOS_portable/port.o
                0x00001b00                vPortEnterCritical
 .text.vPortExitCritical
                0x00001b24       0x2c ./FreeRTOS_portable/port.o
                0x00001b24                vPortExitCritical
 .text.xPortPendSVHandler
                0x00001b50       0x40 ./FreeRTOS_portable/port.o
                0x00001b50                xPortPendSVHandler
 .text.xPortSysTickHandler
                0x00001b90       0x28 ./FreeRTOS_portable/port.o
                0x00001b90                xPortSysTickHandler
 .text.prvSetupTimerInterrupt
                0x00001bb8       0x24 ./FreeRTOS_portable/port.o
 .text.accel_write_byte
                0x00001bdc       0x44 C:\Users\vince\Documents\LPCXpresso_5.2.6_2137\w_exercices\TP1_labyrinth\Debug\libMylab_lib.a(accelerometer.o)
                0x00001bdc                accel_write_byte
 .text.accel_read_byte
                0x00001c20       0x54 C:\Users\vince\Documents\LPCXpresso_5.2.6_2137\w_exercices\TP1_labyrinth\Debug\libMylab_lib.a(accelerometer.o)
                0x00001c20                accel_read_byte
 .text.accel_init
                0x00001c74       0xb4 C:\Users\vince\Documents\LPCXpresso_5.2.6_2137\w_exercices\TP1_labyrinth\Debug\libMylab_lib.a(accelerometer.o)
                0x00001c74                accel_init
 .text.accel_read
                0x00001d28       0xcc C:\Users\vince\Documents\LPCXpresso_5.2.6_2137\w_exercices\TP1_labyrinth\Debug\libMylab_lib.a(accelerometer.o)
                0x00001d28                accel_read
 .text.rnd_32   0x00001df4       0x78 C:\Users\vince\Documents\LPCXpresso_5.2.6_2137\w_exercices\TP1_labyrinth\Debug\libMylab_lib.a(custom_rand.o)
                0x00001df4                rnd_32
 .text.init_rnd32
                0x00001e6c       0x6c C:\Users\vince\Documents\LPCXpresso_5.2.6_2137\w_exercices\TP1_labyrinth\Debug\libMylab_lib.a(custom_rand.o)
                0x00001e6c                init_rnd32
 .text.NVIC_EnableIRQ
                0x00001ed8       0x30 C:\Users\vince\Documents\LPCXpresso_5.2.6_2137\w_exercices\TP1_labyrinth\Debug\libMylab_lib.a(ethernet_mgt.o)
 .text.ENET_IRQHandler
                0x00001f08       0x78 C:\Users\vince\Documents\LPCXpresso_5.2.6_2137\w_exercices\TP1_labyrinth\Debug\libMylab_lib.a(ethernet_mgt.o)
                0x00001f08                ENET_IRQHandler
 .text.ethernet_init
                0x00001f80       0x4c C:\Users\vince\Documents\LPCXpresso_5.2.6_2137\w_exercices\TP1_labyrinth\Debug\libMylab_lib.a(ethernet_mgt.o)
                0x00001f80                ethernet_init
 .text.send_eth
                0x00001fcc       0x64 C:\Users\vince\Documents\LPCXpresso_5.2.6_2137\w_exercices\TP1_labyrinth\Debug\libMylab_lib.a(ethernet_mgt.o)
                0x00001fcc                send_eth
 .text.WriteToPHY
                0x00002030       0x50 C:\Users\vince\Documents\LPCXpresso_5.2.6_2137\w_exercices\TP1_labyrinth\Debug\libMylab_lib.a(ethmac.o)
                0x00002030                WriteToPHY
 .text.ReadFromPHY
                0x00002080       0x60 C:\Users\vince\Documents\LPCXpresso_5.2.6_2137\w_exercices\TP1_labyrinth\Debug\libMylab_lib.a(ethmac.o)
                0x00002080                ReadFromPHY
 .text.Init_EthMAC
                0x000020e0      0x3e0 C:\Users\vince\Documents\LPCXpresso_5.2.6_2137\w_exercices\TP1_labyrinth\Debug\libMylab_lib.a(ethmac.o)
                0x000020e0                Init_EthMAC
 .text.WriteFrame_EthMAC
                0x000024c0       0x28 C:\Users\vince\Documents\LPCXpresso_5.2.6_2137\w_exercices\TP1_labyrinth\Debug\libMylab_lib.a(ethmac.o)
                0x000024c0                WriteFrame_EthMAC
 .text.ReadFrame_EthMAC
                0x000024e8       0x1c C:\Users\vince\Documents\LPCXpresso_5.2.6_2137\w_exercices\TP1_labyrinth\Debug\libMylab_lib.a(ethmac.o)
                0x000024e8                ReadFrame_EthMAC
 .text.RequestSend
                0x00002504       0x50 C:\Users\vince\Documents\LPCXpresso_5.2.6_2137\w_exercices\TP1_labyrinth\Debug\libMylab_lib.a(ethmac.o)
                0x00002504                RequestSend
 .text.StartReadingFrame
                0x00002554       0x50 C:\Users\vince\Documents\LPCXpresso_5.2.6_2137\w_exercices\TP1_labyrinth\Debug\libMylab_lib.a(ethmac.o)
                0x00002554                StartReadingFrame
 .text.StopReadingFrame
                0x000025a4       0x34 C:\Users\vince\Documents\LPCXpresso_5.2.6_2137\w_exercices\TP1_labyrinth\Debug\libMylab_lib.a(ethmac.o)
                0x000025a4                StopReadingFrame
 .text.LCD_RS_ENA
                0x000025d8       0x38 C:\Users\vince\Documents\LPCXpresso_5.2.6_2137\w_exercices\TP1_labyrinth\Debug\libMylab_lib.a(lcd.o)
 .text.LCD_RS_DIS
                0x00002610       0x38 C:\Users\vince\Documents\LPCXpresso_5.2.6_2137\w_exercices\TP1_labyrinth\Debug\libMylab_lib.a(lcd.o)
 .text.Write_Cmd_Data
                0x00002648       0x28 C:\Users\vince\Documents\LPCXpresso_5.2.6_2137\w_exercices\TP1_labyrinth\Debug\libMylab_lib.a(lcd.o)
                0x00002648                Write_Cmd_Data
 .text.Write_Cmd
                0x00002670       0x28 C:\Users\vince\Documents\LPCXpresso_5.2.6_2137\w_exercices\TP1_labyrinth\Debug\libMylab_lib.a(lcd.o)
                0x00002670                Write_Cmd
 .text.Write_Data
                0x00002698       0x30 C:\Users\vince\Documents\LPCXpresso_5.2.6_2137\w_exercices\TP1_labyrinth\Debug\libMylab_lib.a(lcd.o)
                0x00002698                Write_Data
 .text.Write_Data_U16
                0x000026c8       0x28 C:\Users\vince\Documents\LPCXpresso_5.2.6_2137\w_exercices\TP1_labyrinth\Debug\libMylab_lib.a(lcd.o)
                0x000026c8                Write_Data_U16
 .text.Delay    0x000026f0       0x30 C:\Users\vince\Documents\LPCXpresso_5.2.6_2137\w_exercices\TP1_labyrinth\Debug\libMylab_lib.a(lcd.o)
                0x000026f0                Delay
 .text.ILI9341_Initial
                0x00002720      0x220 C:\Users\vince\Documents\LPCXpresso_5.2.6_2137\w_exercices\TP1_labyrinth\Debug\libMylab_lib.a(lcd.o)
                0x00002720                ILI9341_Initial
 .text.init_lcd
                0x00002940       0x54 C:\Users\vince\Documents\LPCXpresso_5.2.6_2137\w_exercices\TP1_labyrinth\Debug\libMylab_lib.a(lcd.o)
                0x00002940                init_lcd
 .text.LCD_SetPos
                0x00002994       0xb8 C:\Users\vince\Documents\LPCXpresso_5.2.6_2137\w_exercices\TP1_labyrinth\Debug\libMylab_lib.a(lcd.o)
                0x00002994                LCD_SetPos
 .text.LCD_SetPosR
                0x00002a4c       0x90 C:\Users\vince\Documents\LPCXpresso_5.2.6_2137\w_exercices\TP1_labyrinth\Debug\libMylab_lib.a(lcd.o)
                0x00002a4c                LCD_SetPosR
 .text.read_pixels
                0x00002adc       0xf8 C:\Users\vince\Documents\LPCXpresso_5.2.6_2137\w_exercices\TP1_labyrinth\Debug\libMylab_lib.a(lcd.o)
                0x00002adc                read_pixels
 .text.clear_screen
                0x00002bd4       0x4c C:\Users\vince\Documents\LPCXpresso_5.2.6_2137\w_exercices\TP1_labyrinth\Debug\libMylab_lib.a(lcd.o)
                0x00002bd4                clear_screen
 .text.lcd_filled_circle
                0x00002c20       0xd8 C:\Users\vince\Documents\LPCXpresso_5.2.6_2137\w_exercices\TP1_labyrinth\Debug\libMylab_lib.a(lcd.o)
                0x00002c20                lcd_filled_circle
 .text.lcd_filled_rectangle
                0x00002cf8       0xa4 C:\Users\vince\Documents\LPCXpresso_5.2.6_2137\w_exercices\TP1_labyrinth\Debug\libMylab_lib.a(lcd.o)
                0x00002cf8                lcd_filled_rectangle
 .text.lcd_print_char
                0x00002d9c      0x10c C:\Users\vince\Documents\LPCXpresso_5.2.6_2137\w_exercices\TP1_labyrinth\Debug\libMylab_lib.a(lcd.o)
                0x00002d9c                lcd_print_char
 .text.lcd_print
                0x00002ea8       0xf4 C:\Users\vince\Documents\LPCXpresso_5.2.6_2137\w_exercices\TP1_labyrinth\Debug\libMylab_lib.a(lcd.o)
                0x00002ea8                lcd_print
 .text.ssp_init_custom
                0x00002f9c       0x84 C:\Users\vince\Documents\LPCXpresso_5.2.6_2137\w_exercices\TP1_labyrinth\Debug\libMylab_lib.a(ssp.o)
                0x00002f9c                ssp_init_custom
 .text.ssp_send_buf
                0x00003020       0x48 C:\Users\vince\Documents\LPCXpresso_5.2.6_2137\w_exercices\TP1_labyrinth\Debug\libMylab_lib.a(ssp.o)
                0x00003020                ssp_send_buf
 .text.ssp_receive_buf
                0x00003068       0x70 C:\Users\vince\Documents\LPCXpresso_5.2.6_2137\w_exercices\TP1_labyrinth\Debug\libMylab_lib.a(ssp.o)
                0x00003068                ssp_receive_buf
 .text.NVIC_EnableIRQ
                0x000030d8       0x30 C:\Users\vince\Documents\LPCXpresso_5.2.6_2137\w_exercices\TP1_labyrinth\Debug\libMylab_lib.a(traces.o)
 .text.NVIC_SetPendingIRQ
                0x00003108       0x34 C:\Users\vince\Documents\LPCXpresso_5.2.6_2137\w_exercices\TP1_labyrinth\Debug\libMylab_lib.a(traces.o)
 .text.start_timer
                0x0000313c       0xa8 C:\Users\vince\Documents\LPCXpresso_5.2.6_2137\w_exercices\TP1_labyrinth\Debug\libMylab_lib.a(traces.o)
                0x0000313c                start_timer
 .text.write_trace_ref
                0x000031e4      0x138 C:\Users\vince\Documents\LPCXpresso_5.2.6_2137\w_exercices\TP1_labyrinth\Debug\libMylab_lib.a(traces.o)
                0x000031e4                write_trace_ref
 .text.UART0_IRQHandler
                0x0000331c       0x7c C:\Users\vince\Documents\LPCXpresso_5.2.6_2137\w_exercices\TP1_labyrinth\Debug\libMylab_lib.a(traces.o)
                0x0000331c                UART0_IRQHandler
 .text.init_traces
                0x00003398       0x44 C:\Users\vince\Documents\LPCXpresso_5.2.6_2137\w_exercices\TP1_labyrinth\Debug\libMylab_lib.a(traces.o)
                0x00003398                init_traces
 .text.uart0_init_ref
                0x000033dc       0x80 C:\Users\vince\Documents\LPCXpresso_5.2.6_2137\w_exercices\TP1_labyrinth\Debug\libMylab_lib.a(uart.o)
                0x000033dc                uart0_init_ref
 .text.init_i2c
                0x0000345c       0xfc C:\Users\vince\Documents\LPCXpresso_5.2.6_2137\w_exercices\TP1_labyrinth\Debug\libMylab_lib.a(I2C.o)
                0x0000345c                init_i2c
 .text.wait_SI  0x00003558       0x44 C:\Users\vince\Documents\LPCXpresso_5.2.6_2137\w_exercices\TP1_labyrinth\Debug\libMylab_lib.a(I2C.o)
                0x00003558                wait_SI
 .text.I2C_master_write
                0x0000359c       0xec C:\Users\vince\Documents\LPCXpresso_5.2.6_2137\w_exercices\TP1_labyrinth\Debug\libMylab_lib.a(I2C.o)
                0x0000359c                I2C_master_write
 .text.I2C_master_read
                0x00003688      0x120 C:\Users\vince\Documents\LPCXpresso_5.2.6_2137\w_exercices\TP1_labyrinth\Debug\libMylab_lib.a(I2C.o)
                0x00003688                I2C_master_read
 .text.SystemInit
                0x000037a8       0xe4 C:\Users\vince\Documents\LPCXpresso_5.2.6_2137\w_exercices\CMSISv2p00_LPC17xx\Debug\libCMSISv2p00_LPC17xx.a(system_LPC17xx.o)
                0x000037a8                SystemInit
 .text.__main   0x0000388c       0x14 c:/nxp/lpcxpresso_8.2.2_650/lpcxpresso/tools/bin/../lib/gcc/arm-none-eabi/5.4.1/../../../../arm-none-eabi/lib/armv7-m\libcr_semihost.a(_cr__main.o)
                0x0000388c                __CR_SEMIHOST
                0x0000388c                __main
 .text.memset   0x000038a0        0x4 c:/nxp/lpcxpresso_8.2.2_650/lpcxpresso/tools/bin/../lib/gcc/arm-none-eabi/5.4.1/../../../../arm-none-eabi/lib/armv7-m\libcr_c.a(memset.o)
                0x000038a0                memset
 .text.malloc   0x000038a4       0xc8 c:/nxp/lpcxpresso_8.2.2_650/lpcxpresso/tools/bin/../lib/gcc/arm-none-eabi/5.4.1/../../../../arm-none-eabi/lib/armv7-m\libcr_c.a(alloc.o)
                0x000038a4                malloc
 .text.free     0x0000396c       0x30 c:/nxp/lpcxpresso_8.2.2_650/lpcxpresso/tools/bin/../lib/gcc/arm-none-eabi/5.4.1/../../../../arm-none-eabi/lib/armv7-m\libcr_c.a(alloc.o)
                0x0000396c                free
 .text._Csys_alloc
                0x0000399c       0x20 c:/nxp/lpcxpresso_8.2.2_650/lpcxpresso/tools/bin/../lib/gcc/arm-none-eabi/5.4.1/../../../../arm-none-eabi/lib/armv7-m\libcr_c.a(alloc.o)
                0x0000399c                _Csys_alloc
 .text.ceil     0x000039bc       0x90 c:/nxp/lpcxpresso_8.2.2_650/lpcxpresso/tools/bin/../lib/gcc/arm-none-eabi/5.4.1/../../../../arm-none-eabi/lib/armv7-m\libcr_c.a(ceil.o)
                0x000039bc                ceil
 .text.fclose   0x00003a4c       0x6c c:/nxp/lpcxpresso_8.2.2_650/lpcxpresso/tools/bin/../lib/gcc/arm-none-eabi/5.4.1/../../../../arm-none-eabi/lib/armv7-m\libcr_c.a(fclose.o)
                0x00003a4c                fclose
 .text.fflush   0x00003ab8       0x30 c:/nxp/lpcxpresso_8.2.2_650/lpcxpresso/tools/bin/../lib/gcc/arm-none-eabi/5.4.1/../../../../arm-none-eabi/lib/armv7-m\libcr_c.a(fflush.o)
                0x00003ab8                fflush
 .text.floor    0x00003ae8       0x94 c:/nxp/lpcxpresso_8.2.2_650/lpcxpresso/tools/bin/../lib/gcc/arm-none-eabi/5.4.1/../../../../arm-none-eabi/lib/armv7-m\libcr_c.a(floor.o)
                0x00003ae8                floor
 .text.fp_round
                0x00003b7c       0x4c c:/nxp/lpcxpresso_8.2.2_650/lpcxpresso/tools/bin/../lib/gcc/arm-none-eabi/5.4.1/../../../../arm-none-eabi/lib/armv7-m\libcr_c.a(fpprintf.o)
 .text.pr_dec.constprop.1
                0x00003bc8       0x26 c:/nxp/lpcxpresso_8.2.2_650/lpcxpresso/tools/bin/../lib/gcc/arm-none-eabi/5.4.1/../../../../arm-none-eabi/lib/armv7-m\libcr_c.a(fpprintf.o)
 *fill*         0x00003bee        0x2 ff
 .text.sprintf  0x00003bf0       0x6c c:/nxp/lpcxpresso_8.2.2_650/lpcxpresso/tools/bin/../lib/gcc/arm-none-eabi/5.4.1/../../../../arm-none-eabi/lib/armv7-m\libcr_c.a(fpprintf.o)
                0x00003bf0                sprintf
 *fill*         0x00003c5c        0x4 ff
 .text.fp_display
                0x00003c60      0x8ec c:/nxp/lpcxpresso_8.2.2_650/lpcxpresso/tools/bin/../lib/gcc/arm-none-eabi/5.4.1/../../../../arm-none-eabi/lib/armv7-m\libcr_c.a(fpprintf.o)
 .text.vsprintf
                0x0000454c       0x5c c:/nxp/lpcxpresso_8.2.2_650/lpcxpresso/tools/bin/../lib/gcc/arm-none-eabi/5.4.1/../../../../arm-none-eabi/lib/armv7-m\libcr_c.a(fpprintf.o)
                0x0000454c                vsprintf
 .text.vsnprintf
                0x000045a8       0x5c c:/nxp/lpcxpresso_8.2.2_650/lpcxpresso/tools/bin/../lib/gcc/arm-none-eabi/5.4.1/../../../../arm-none-eabi/lib/armv7-m\libcr_c.a(fpprintf.o)
                0x000045a8                vsnprintf
 .text.printf   0x00004604       0x54 c:/nxp/lpcxpresso_8.2.2_650/lpcxpresso/tools/bin/../lib/gcc/arm-none-eabi/5.4.1/../../../../arm-none-eabi/lib/armv7-m\libcr_c.a(fpprintf.o)
                0x00004604                printf
 .text.fseek    0x00004658      0x110 c:/nxp/lpcxpresso_8.2.2_650/lpcxpresso/tools/bin/../lib/gcc/arm-none-eabi/5.4.1/../../../../arm-none-eabi/lib/armv7-m\libcr_c.a(fseek.o)
                0x00004658                fseek
 .text.ftell    0x00004768       0x4c c:/nxp/lpcxpresso_8.2.2_650/lpcxpresso/tools/bin/../lib/gcc/arm-none-eabi/5.4.1/../../../../arm-none-eabi/lib/armv7-m\libcr_c.a(ftell.o)
                0x00004768                ftell
 .text._initio  0x000047b4       0xa4 c:/nxp/lpcxpresso_8.2.2_650/lpcxpresso/tools/bin/../lib/gcc/arm-none-eabi/5.4.1/../../../../arm-none-eabi/lib/armv7-m\libcr_c.a(initio.o)
                0x000047b4                _initio
 .text._terminateio
                0x00004858       0x44 c:/nxp/lpcxpresso_8.2.2_650/lpcxpresso/tools/bin/../lib/gcc/arm-none-eabi/5.4.1/../../../../arm-none-eabi/lib/armv7-m\libcr_c.a(initio.o)
                0x00004858                _terminateio
 .text.__vfprintf
                0x0000489c      0xd28 c:/nxp/lpcxpresso_8.2.2_650/lpcxpresso/tools/bin/../lib/gcc/arm-none-eabi/5.4.1/../../../../arm-none-eabi/lib/armv7-m\libcr_c.a(printf.o)
                0x0000489c                __vfprintf
 .text.remove   0x000055c4       0x14 c:/nxp/lpcxpresso_8.2.2_650/lpcxpresso/tools/bin/../lib/gcc/arm-none-eabi/5.4.1/../../../../arm-none-eabi/lib/armv7-m\libcr_c.a(remove.o)
                0x000055c4                remove
 .text.setvbuf  0x000055d8       0x40 c:/nxp/lpcxpresso_8.2.2_650/lpcxpresso/tools/bin/../lib/gcc/arm-none-eabi/5.4.1/../../../../arm-none-eabi/lib/armv7-m\libcr_c.a(setvbuf.o)
                0x000055d8                setvbuf
 .text.sqrt     0x00005618      0x11c c:/nxp/lpcxpresso_8.2.2_650/lpcxpresso/tools/bin/../lib/gcc/arm-none-eabi/5.4.1/../../../../arm-none-eabi/lib/armv7-m\libcr_c.a(sqrt.o)
                0x00005618                sqrt
 .text.exit     0x00005734       0x2c c:/nxp/lpcxpresso_8.2.2_650/lpcxpresso/tools/bin/../lib/gcc/arm-none-eabi/5.4.1/../../../../arm-none-eabi/lib/armv7-m\libcr_c.a(stdlib.o)
                0x00005734                exit
 .text.strlen   0x00005760       0x4a c:/nxp/lpcxpresso_8.2.2_650/lpcxpresso/tools/bin/../lib/gcc/arm-none-eabi/5.4.1/../../../../arm-none-eabi/lib/armv7-m\libcr_c.a(strlen.o)
                0x00005760                strlen
 .text.strncpy  0x000057aa       0x56 c:/nxp/lpcxpresso_8.2.2_650/lpcxpresso/tools/bin/../lib/gcc/arm-none-eabi/5.4.1/../../../../arm-none-eabi/lib/armv7-m\libcr_c.a(strncpy.o)
                0x000057aa                strncpy
 .text._sbrk    0x00005800       0x40 c:/nxp/lpcxpresso_8.2.2_650/lpcxpresso/tools/bin/../lib/gcc/arm-none-eabi/5.4.1/../../../../arm-none-eabi/lib/armv7-m\libcr_c.a(_cr_sbrk.o)
                0x00005800                _sbrk
 .text._deferredlazyseek
                0x00005840       0x44 c:/nxp/lpcxpresso_8.2.2_650/lpcxpresso/tools/bin/../lib/gcc/arm-none-eabi/5.4.1/../../../../arm-none-eabi/lib/armv7-m\libcr_c.a(_deferredlazyseek.o)
                0x00005840                _deferredlazyseek
 .text.__flsbuf
                0x00005884      0x140 c:/nxp/lpcxpresso_8.2.2_650/lpcxpresso/tools/bin/../lib/gcc/arm-none-eabi/5.4.1/../../../../arm-none-eabi/lib/armv7-m\libcr_c.a(_deferredlazyseek.o)
                0x00005884                __flsbuf
 .text._do_fflush
                0x000059c4       0x44 c:/nxp/lpcxpresso_8.2.2_650/lpcxpresso/tools/bin/../lib/gcc/arm-none-eabi/5.4.1/../../../../arm-none-eabi/lib/armv7-m\libcr_c.a(_do_fflush.o)
                0x000059c4                _do_fflush
 .text._fdopen  0x00005a08       0x6a c:/nxp/lpcxpresso_8.2.2_650/lpcxpresso/tools/bin/../lib/gcc/arm-none-eabi/5.4.1/../../../../arm-none-eabi/lib/armv7-m\libcr_c.a(_fdopen.o)
                0x00005a08                _fdopen
 .text._fflush  0x00005a72       0x58 c:/nxp/lpcxpresso_8.2.2_650/lpcxpresso/tools/bin/../lib/gcc/arm-none-eabi/5.4.1/../../../../arm-none-eabi/lib/armv7-m\libcr_c.a(_fflush.o)
                0x00005a72                _fflush
 .text._frexpl  0x00005aca       0x5a c:/nxp/lpcxpresso_8.2.2_650/lpcxpresso/tools/bin/../lib/gcc/arm-none-eabi/5.4.1/../../../../arm-none-eabi/lib/armv7-m\libcr_c.a(_frexpl.o)
                0x00005aca                _frexpl
 .text._ldexpl  0x00005b24       0x4c c:/nxp/lpcxpresso_8.2.2_650/lpcxpresso/tools/bin/../lib/gcc/arm-none-eabi/5.4.1/../../../../arm-none-eabi/lib/armv7-m\libcr_c.a(_ldexpl.o)
                0x00005b24                _ldexpl
 .text._Cwritebuf
                0x00005b70       0x68 c:/nxp/lpcxpresso_8.2.2_650/lpcxpresso/tools/bin/../lib/gcc/arm-none-eabi/5.4.1/../../../../arm-none-eabi/lib/armv7-m\libcr_c.a(_writebuf.o)
                0x00005b70                _Cwritebuf
 .text.__check_heap_overflow
                0x00005bd8       0x18 c:/nxp/lpcxpresso_8.2.2_650/lpcxpresso/tools/bin/../lib/gcc/arm-none-eabi/5.4.1/../../../../arm-none-eabi/lib/armv7-m\libcr_c.a(_cr_check_heap.o)
                0x00005bd8                __check_heap_overflow
 .text.__aeabi_dmul
                0x00005bf0      0x110 c:/nxp/lpcxpresso_8.2.2_650/lpcxpresso/tools/bin/../lib/gcc/arm-none-eabi/5.4.1/armv7-m\libcr_eabihelpers.a(double.o)
                0x00005bf0                __aeabi_dmul
 .text.__aeabi_ddiv
                0x00005d00      0x138 c:/nxp/lpcxpresso_8.2.2_650/lpcxpresso/tools/bin/../lib/gcc/arm-none-eabi/5.4.1/armv7-m\libcr_eabihelpers.a(double.o)
                0x00005d00                __aeabi_ddiv
 .text.__aeabi_dsub
                0x00005e38      0x1a0 c:/nxp/lpcxpresso_8.2.2_650/lpcxpresso/tools/bin/../lib/gcc/arm-none-eabi/5.4.1/armv7-m\libcr_eabihelpers.a(double.o)
                0x00005e38                __aeabi_dsub
 .text.__aeabi_dadd
                0x00005fd8      0x10c c:/nxp/lpcxpresso_8.2.2_650/lpcxpresso/tools/bin/../lib/gcc/arm-none-eabi/5.4.1/armv7-m\libcr_eabihelpers.a(double.o)
                0x00005fd8                __aeabi_dadd
 .text.__aeabi_d2f
                0x000060e4       0x54 c:/nxp/lpcxpresso_8.2.2_650/lpcxpresso/tools/bin/../lib/gcc/arm-none-eabi/5.4.1/armv7-m\libcr_eabihelpers.a(double.o)
                0x000060e4                __aeabi_d2f
 .text.__aeabi_d2iz
                0x00006138       0x40 c:/nxp/lpcxpresso_8.2.2_650/lpcxpresso/tools/bin/../lib/gcc/arm-none-eabi/5.4.1/armv7-m\libcr_eabihelpers.a(double.o)
                0x00006138                __aeabi_d2iz
 .text.__bhs_ui2d
                0x00006178       0x46 c:/nxp/lpcxpresso_8.2.2_650/lpcxpresso/tools/bin/../lib/gcc/arm-none-eabi/5.4.1/armv7-m\libcr_eabihelpers.a(double.o)
                0x00006178                __bhs_ui2d
 .text.__aeabi_i2d
                0x000061be       0x10 c:/nxp/lpcxpresso_8.2.2_650/lpcxpresso/tools/bin/../lib/gcc/arm-none-eabi/5.4.1/armv7-m\libcr_eabihelpers.a(double.o)
                0x000061be                __aeabi_i2d
 .text.__aeabi_dcmpeq
                0x000061ce       0x2c c:/nxp/lpcxpresso_8.2.2_650/lpcxpresso/tools/bin/../lib/gcc/arm-none-eabi/5.4.1/armv7-m\libcr_eabihelpers.a(double.o)
                0x000061ce                __aeabi_dcmpeq
 .text.__aeabi_dcmplt
                0x000061fa       0x54 c:/nxp/lpcxpresso_8.2.2_650/lpcxpresso/tools/bin/../lib/gcc/arm-none-eabi/5.4.1/armv7-m\libcr_eabihelpers.a(double.o)
                0x000061fa                __aeabi_dcmplt
 .text.__aeabi_dcmple
                0x0000624e       0x54 c:/nxp/lpcxpresso_8.2.2_650/lpcxpresso/tools/bin/../lib/gcc/arm-none-eabi/5.4.1/armv7-m\libcr_eabihelpers.a(double.o)
                0x0000624e                __aeabi_dcmple
 .text.__aeabi_dcmpge
                0x000062a2       0x54 c:/nxp/lpcxpresso_8.2.2_650/lpcxpresso/tools/bin/../lib/gcc/arm-none-eabi/5.4.1/armv7-m\libcr_eabihelpers.a(double.o)
                0x000062a2                __aeabi_dcmpge
 *fill*         0x000062f6        0x2 ff
 .text.__aeabi_fmul
                0x000062f8       0xb0 c:/nxp/lpcxpresso_8.2.2_650/lpcxpresso/tools/bin/../lib/gcc/arm-none-eabi/5.4.1/armv7-m\libcr_eabihelpers.a(float.o)
                0x000062f8                __aeabi_fmul
 .text.__aeabi_fdiv
                0x000063a8       0xc0 c:/nxp/lpcxpresso_8.2.2_650/lpcxpresso/tools/bin/../lib/gcc/arm-none-eabi/5.4.1/armv7-m\libcr_eabihelpers.a(float.o)
                0x000063a8                __aeabi_fdiv
 .text.__aeabi_fsub
                0x00006468       0xe0 c:/nxp/lpcxpresso_8.2.2_650/lpcxpresso/tools/bin/../lib/gcc/arm-none-eabi/5.4.1/armv7-m\libcr_eabihelpers.a(float.o)
                0x00006468                __aeabi_fsub
 .text.__aeabi_fadd
                0x00006548       0xac c:/nxp/lpcxpresso_8.2.2_650/lpcxpresso/tools/bin/../lib/gcc/arm-none-eabi/5.4.1/armv7-m\libcr_eabihelpers.a(float.o)
                0x00006548                __aeabi_fadd
 .text.__bhs_ui2f
                0x000065f4       0x26 c:/nxp/lpcxpresso_8.2.2_650/lpcxpresso/tools/bin/../lib/gcc/arm-none-eabi/5.4.1/armv7-m\libcr_eabihelpers.a(float.o)
                0x000065f4                __bhs_ui2f
 .text.__aeabi_i2f
                0x0000661a       0x10 c:/nxp/lpcxpresso_8.2.2_650/lpcxpresso/tools/bin/../lib/gcc/arm-none-eabi/5.4.1/armv7-m\libcr_eabihelpers.a(float.o)
                0x0000661a                __aeabi_i2f
 .text.__aeabi_ui2f
                0x0000662a        0x8 c:/nxp/lpcxpresso_8.2.2_650/lpcxpresso/tools/bin/../lib/gcc/arm-none-eabi/5.4.1/armv7-m\libcr_eabihelpers.a(float.o)
                0x0000662a                __aeabi_ui2f
 *fill*         0x00006632        0x2 ff
 .text.__aeabi_f2d
                0x00006634       0x38 c:/nxp/lpcxpresso_8.2.2_650/lpcxpresso/tools/bin/../lib/gcc/arm-none-eabi/5.4.1/armv7-m\libcr_eabihelpers.a(float.o)
                0x00006634                __aeabi_f2d
 .text.__aeabi_fcmplt
                0x0000666c       0x3a c:/nxp/lpcxpresso_8.2.2_650/lpcxpresso/tools/bin/../lib/gcc/arm-none-eabi/5.4.1/armv7-m\libcr_eabihelpers.a(float.o)
                0x0000666c                __aeabi_fcmplt
 .text.__aeabi_fcmpgt
                0x000066a6       0x3a c:/nxp/lpcxpresso_8.2.2_650/lpcxpresso/tools/bin/../lib/gcc/arm-none-eabi/5.4.1/armv7-m\libcr_eabihelpers.a(float.o)
                0x000066a6                __aeabi_fcmpgt
 .text.__aeabi_fcmple
                0x000066e0       0x3e c:/nxp/lpcxpresso_8.2.2_650/lpcxpresso/tools/bin/../lib/gcc/arm-none-eabi/5.4.1/armv7-m\libcr_eabihelpers.a(float.o)
                0x000066e0                __aeabi_fcmple
 .text.__aeabi_fcmpge
                0x0000671e       0x3e c:/nxp/lpcxpresso_8.2.2_650/lpcxpresso/tools/bin/../lib/gcc/arm-none-eabi/5.4.1/armv7-m\libcr_eabihelpers.a(float.o)
                0x0000671e                __aeabi_fcmpge
 .text.__aeabi_memset_lowlevel
                0x0000675c       0x32 c:/nxp/lpcxpresso_8.2.2_650/lpcxpresso/tools/bin/../lib/gcc/arm-none-eabi/5.4.1/armv7-m\libcr_eabihelpers.a(memcpy.o)
                0x0000675c                __aeabi_lowlevel_memset
 *fill*         0x0000678e        0x2 ff
 .text.__sys_appexit
                0x00006790        0xc c:/nxp/lpcxpresso_8.2.2_650/lpcxpresso/tools/bin/../lib/gcc/arm-none-eabi/5.4.1/../../../../arm-none-eabi/lib/armv7-m\libcr_semihost.a(__sys_appexit.o)
                0x00006790                __sys_appexit
                0x00006790                __exit
 .text.__sys_close
                0x0000679c        0xc c:/nxp/lpcxpresso_8.2.2_650/lpcxpresso/tools/bin/../lib/gcc/arm-none-eabi/5.4.1/../../../../arm-none-eabi/lib/armv7-m\libcr_semihost.a(__sys_close.o)
                0x0000679c                __sys_close
 .text.__sys_flen
                0x000067a8        0xc c:/nxp/lpcxpresso_8.2.2_650/lpcxpresso/tools/bin/../lib/gcc/arm-none-eabi/5.4.1/../../../../arm-none-eabi/lib/armv7-m\libcr_semihost.a(__sys_flen.o)
                0x000067a8                __sys_flen
 .text.__sys_istty
                0x000067b4        0xc c:/nxp/lpcxpresso_8.2.2_650/lpcxpresso/tools/bin/../lib/gcc/arm-none-eabi/5.4.1/../../../../arm-none-eabi/lib/armv7-m\libcr_semihost.a(__sys_istty.o)
                0x000067b4                __sys_istty
 .text.__sys_remove
                0x000067c0        0xc c:/nxp/lpcxpresso_8.2.2_650/lpcxpresso/tools/bin/../lib/gcc/arm-none-eabi/5.4.1/../../../../arm-none-eabi/lib/armv7-m\libcr_semihost.a(__sys_remove.o)
                0x000067c0                __sys_remove
 .text.__sys_seek
                0x000067cc        0xc c:/nxp/lpcxpresso_8.2.2_650/lpcxpresso/tools/bin/../lib/gcc/arm-none-eabi/5.4.1/../../../../arm-none-eabi/lib/armv7-m\libcr_semihost.a(__sys_seek.o)
                0x000067cc                __sys_seek
 .text.__sys_tmpnam
                0x000067d8        0xc c:/nxp/lpcxpresso_8.2.2_650/lpcxpresso/tools/bin/../lib/gcc/arm-none-eabi/5.4.1/../../../../arm-none-eabi/lib/armv7-m\libcr_semihost.a(__sys_tmpnam.o)
                0x000067d8                __sys_tmpnam
 .text.__sys_write
                0x000067e4        0xc c:/nxp/lpcxpresso_8.2.2_650/lpcxpresso/tools/bin/../lib/gcc/arm-none-eabi/5.4.1/../../../../arm-none-eabi/lib/armv7-m\libcr_semihost.a(__sys_write.o)
                0x000067e4                __sys_write
                0x000067e4                __write
 *(.rodata .rodata.* .constdata .constdata.*)
 .rodata        0x000067f0       0x5d ./src/labyrinth.o
 *fill*         0x0000684d        0x3 ff
 .rodata        0x00006850        0x5 ./FreeRTOS_src/tasks.o
 *fill*         0x00006855        0x3 ff
 .rodata        0x00006858       0x28 C:\Users\vince\Documents\LPCXpresso_5.2.6_2137\w_exercices\TP1_labyrinth\Debug\libMylab_lib.a(ethernet_mgt.o)
 .rodata        0x00006880       0x37 C:\Users\vince\Documents\LPCXpresso_5.2.6_2137\w_exercices\TP1_labyrinth\Debug\libMylab_lib.a(ethmac.o)
 *fill*         0x000068b7        0x1 ff
 .rodata        0x000068b8      0x19b C:\Users\vince\Documents\LPCXpresso_5.2.6_2137\w_exercices\TP1_labyrinth\Debug\libMylab_lib.a(lcd.o)
 *fill*         0x00006a53        0x1 ff
 .rodata        0x00006a54       0xcc C:\Users\vince\Documents\LPCXpresso_5.2.6_2137\w_exercices\TP1_labyrinth\Debug\libMylab_lib.a(traces.o)
 .rodata.SmallFont
                0x00006b20      0x478 C:\Users\vince\Documents\LPCXpresso_5.2.6_2137\w_exercices\TP1_labyrinth\Debug\libMylab_lib.a(fonts.o)
                0x00006b20                SmallFont
 .rodata.BigFont
                0x00006f98      0xbe4 C:\Users\vince\Documents\LPCXpresso_5.2.6_2137\w_exercices\TP1_labyrinth\Debug\libMylab_lib.a(fonts.o)
                0x00006f98                BigFont
 .rodata.str1.1
                0x00007b7c       0x18 c:/nxp/lpcxpresso_8.2.2_650/lpcxpresso/tools/bin/../lib/gcc/arm-none-eabi/5.4.1/../../../../arm-none-eabi/lib/armv7-m\libcr_c.a(alloc.o)
 .rodata.str1.1
                0x00007b94       0x34 c:/nxp/lpcxpresso_8.2.2_650/lpcxpresso/tools/bin/../lib/gcc/arm-none-eabi/5.4.1/../../../../arm-none-eabi/lib/armv7-m\libcr_c.a(fpprintf.o)
                                 0x35 (size before relaxing)
 .rodata.str1.1
                0x00007bc8        0x4 c:/nxp/lpcxpresso_8.2.2_650/lpcxpresso/tools/bin/../lib/gcc/arm-none-eabi/5.4.1/../../../../arm-none-eabi/lib/armv7-m\libcr_c.a(initio.o)
 .rodata.str1.1
                0x00007bcc       0x31 c:/nxp/lpcxpresso_8.2.2_650/lpcxpresso/tools/bin/../lib/gcc/arm-none-eabi/5.4.1/../../../../arm-none-eabi/lib/armv7-m\libcr_c.a(printf.o)
                                 0x38 (size before relaxing)
 *fill*         0x00007bfd        0x3 ff
 .rodata.__huge_val
                0x00007c00        0x8 c:/nxp/lpcxpresso_8.2.2_650/lpcxpresso/tools/bin/../lib/gcc/arm-none-eabi/5.4.1/../../../../arm-none-eabi/lib/armv7-m\libcr_c.a(_hugeval.o)
                0x00007c00                __huge_val
 .rodata.__huge_vall
                0x00007c08        0x8 c:/nxp/lpcxpresso_8.2.2_650/lpcxpresso/tools/bin/../lib/gcc/arm-none-eabi/5.4.1/../../../../arm-none-eabi/lib/armv7-m\libcr_c.a(_hugeval.o)
                0x00007c08                __huge_vall
                0x00007c10                . = ALIGN (0x4)

.glue_7         0x00007c10        0x0
 .glue_7        0x00007c10        0x0 linker stubs

.glue_7t        0x00007c10        0x0
 .glue_7t       0x00007c10        0x0 linker stubs

.vfp11_veneer   0x00007c10        0x0
 .vfp11_veneer  0x00007c10        0x0 linker stubs

.v4_bx          0x00007c10        0x0
 .v4_bx         0x00007c10        0x0 linker stubs

.iplt           0x00007c10        0x0
 .iplt          0x00007c10        0x0 ./src/cr_startup_lpc17.o

.rel.dyn        0x00007c10        0x0
 .rel.iplt      0x00007c10        0x0 ./src/cr_startup_lpc17.o

.ARM.extab
 *(.ARM.extab* .gnu.linkonce.armextab.*)
                0x00007c10                __exidx_start = .

.ARM.exidx
 *(.ARM.exidx* .gnu.linkonce.armexidx.*)
                0x00007c10                __exidx_end = .
                0x00007c10                _etext = .

.data_RAM2      0x2007c000        0x0 load address 0x00007c10
 FILL mask 0xff
                [!provide]                PROVIDE (__start_data_RAM2, .)
 *(.ramfunc.$RAM2)
 *(.ramfunc.$RamAHB32)
 *(.data.$RAM2*)
 *(.data.$RamAHB32*)
                0x2007c000                . = ALIGN (0x4)
                [!provide]                PROVIDE (__end_data_RAM2, .)

.uninit_RESERVED
                0x10000000        0x0
 *(.bss.$RESERVED*)
                0x10000000                . = ALIGN (0x4)
                0x10000000                _end_uninit_RESERVED = .

.data           0x10000000      0x2a0 load address 0x00007c10
 FILL mask 0xff
                0x10000000                _data = .
 *(vtable)
 *(.ramfunc*)
 *(.data*)
 .data.labyrinth_points
                0x10000000      0x128 ./src/labyrinth.o
 .data.ball_param_th.5985
                0x10000128       0x8c ./src/labyrinth.o
 .data.previous_id_in
                0x100001b4        0x4 ./FreeRTOS_src/tasks.o
 .data.xNextTaskUnblockTime
                0x100001b8        0x4 ./FreeRTOS_src/tasks.o
 .data.xFreeBytesRemaining
                0x100001bc        0x4 ./FreeRTOS_portable/MemMang/heap_2.o
 .data.uxCriticalNesting
                0x100001c0        0x4 ./FreeRTOS_portable/port.o
 .data.olds     0x100001c4       0xdc C:\Users\vince\Documents\LPCXpresso_5.2.6_2137\w_exercices\TP1_labyrinth\Debug\libMylab_lib.a(custom_rand.o)
                0x100001c4                olds
                0x100002a0                . = ALIGN (0x4)
                0x100002a0                _edata = .

.igot.plt       0x100002a0        0x0 load address 0x00007eb0
 .igot.plt      0x100002a0        0x0 ./src/cr_startup_lpc17.o

.bss_RAM2       0x2007c000        0x0
                [!provide]                PROVIDE (__start_bss_RAM2, .)
 *(.bss.$RAM2*)
 *(.bss.$RamAHB32*)
                0x2007c000                . = ALIGN ((. != 0x0)?0x4:0x1)
                [!provide]                PROVIDE (__end_bss_RAM2, .)

.bss            0x100002a0     0x5774
                0x100002a0                _bss = .
 *(.bss*)
 .bss.gpio_int_clr
                0x100002a0        0x4 ./src/gpio.o
 .bss.irq_callback_g
                0x100002a4        0x4 ./src/gpio.o
 .bss.slave_accel
                0x100002a8       0x14 ./src/labyrinth.o
 .bss.finished  0x100002bc        0x1 ./src/labyrinth.o
 *fill*         0x100002bd        0x3 
 .bss.pxCurrentTCB
                0x100002c0        0x4 ./FreeRTOS_src/tasks.o
                0x100002c0                pxCurrentTCB
 .bss.pxReadyTasksLists
                0x100002c4       0x64 ./FreeRTOS_src/tasks.o
 .bss.xDelayedTaskList1
                0x10000328       0x14 ./FreeRTOS_src/tasks.o
 .bss.xDelayedTaskList2
                0x1000033c       0x14 ./FreeRTOS_src/tasks.o
 .bss.pxDelayedTaskList
                0x10000350        0x4 ./FreeRTOS_src/tasks.o
 .bss.pxOverflowDelayedTaskList
                0x10000354        0x4 ./FreeRTOS_src/tasks.o
 .bss.xPendingReadyList
                0x10000358       0x14 ./FreeRTOS_src/tasks.o
 .bss.xTasksWaitingTermination
                0x1000036c       0x14 ./FreeRTOS_src/tasks.o
 .bss.uxTasksDeleted
                0x10000380        0x4 ./FreeRTOS_src/tasks.o
 .bss.xSuspendedTaskList
                0x10000384       0x14 ./FreeRTOS_src/tasks.o
 .bss.uxCurrentNumberOfTasks
                0x10000398        0x4 ./FreeRTOS_src/tasks.o
 .bss.xTickCount
                0x1000039c        0x4 ./FreeRTOS_src/tasks.o
 .bss.uxTopUsedPriority
                0x100003a0        0x4 ./FreeRTOS_src/tasks.o
 .bss.uxTopReadyPriority
                0x100003a4        0x4 ./FreeRTOS_src/tasks.o
 .bss.xSchedulerRunning
                0x100003a8        0x4 ./FreeRTOS_src/tasks.o
 .bss.uxSchedulerSuspended
                0x100003ac        0x4 ./FreeRTOS_src/tasks.o
 .bss.uxMissedTicks
                0x100003b0        0x4 ./FreeRTOS_src/tasks.o
 .bss.xMissedYield
                0x100003b4        0x4 ./FreeRTOS_src/tasks.o
 .bss.xNumOfOverflows
                0x100003b8        0x4 ./FreeRTOS_src/tasks.o
 .bss.uxTaskNumber
                0x100003bc        0x4 ./FreeRTOS_src/tasks.o
 .bss.xHeap     0x100003c0     0x4c00 ./FreeRTOS_portable/MemMang/heap_2.o
 .bss.xStart    0x10004fc0        0x8 ./FreeRTOS_portable/MemMang/heap_2.o
 .bss.xEnd      0x10004fc8        0x8 ./FreeRTOS_portable/MemMang/heap_2.o
 .bss.xHeapHasBeenInitialised.4128
                0x10004fd0        0x4 ./FreeRTOS_portable/MemMang/heap_2.o
 .bss.i2c_h     0x10004fd4        0x4 C:\Users\vince\Documents\LPCXpresso_5.2.6_2137\w_exercices\TP1_labyrinth\Debug\libMylab_lib.a(accelerometer.o)
 .bss.rx_irq_callback
                0x10004fd8        0x4 C:\Users\vince\Documents\LPCXpresso_5.2.6_2137\w_exercices\TP1_labyrinth\Debug\libMylab_lib.a(ethernet_mgt.o)
 .bss.dat       0x10004fdc       0x3c C:\Users\vince\Documents\LPCXpresso_5.2.6_2137\w_exercices\TP1_labyrinth\Debug\libMylab_lib.a(ethernet_mgt.o)
 .bss.rx        0x10005018        0x4 C:\Users\vince\Documents\LPCXpresso_5.2.6_2137\w_exercices\TP1_labyrinth\Debug\libMylab_lib.a(ethernet_mgt.o)
                0x10005018                rx
 .bss.rxptr     0x1000501c        0x4 C:\Users\vince\Documents\LPCXpresso_5.2.6_2137\w_exercices\TP1_labyrinth\Debug\libMylab_lib.a(ethmac.o)
 .bss.txptr     0x10005020        0x4 C:\Users\vince\Documents\LPCXpresso_5.2.6_2137\w_exercices\TP1_labyrinth\Debug\libMylab_lib.a(ethmac.o)
 .bss.write_idx
                0x10005024        0x4 C:\Users\vince\Documents\LPCXpresso_5.2.6_2137\w_exercices\TP1_labyrinth\Debug\libMylab_lib.a(traces.o)
                0x10005024                write_idx
 .bss.read_idx  0x10005028        0x4 C:\Users\vince\Documents\LPCXpresso_5.2.6_2137\w_exercices\TP1_labyrinth\Debug\libMylab_lib.a(traces.o)
                0x10005028                read_idx
 .bss.int_enabled
                0x1000502c        0x1 C:\Users\vince\Documents\LPCXpresso_5.2.6_2137\w_exercices\TP1_labyrinth\Debug\libMylab_lib.a(traces.o)
 .bss.trace_init_done
                0x1000502d        0x1 C:\Users\vince\Documents\LPCXpresso_5.2.6_2137\w_exercices\TP1_labyrinth\Debug\libMylab_lib.a(traces.o)
 *fill*         0x1000502e        0x2 
 .bss._extra    0x10005030        0x4 c:/nxp/lpcxpresso_8.2.2_650/lpcxpresso/tools/bin/../lib/gcc/arm-none-eabi/5.4.1/../../../../arm-none-eabi/lib/armv7-m\libcr_c.a(initio.o)
                0x10005030                _extra
 .bss.__Ciob    0x10005034      0x140 c:/nxp/lpcxpresso_8.2.2_650/lpcxpresso/tools/bin/../lib/gcc/arm-none-eabi/5.4.1/../../../../arm-none-eabi/lib/armv7-m\libcr_c.a(stdio.o)
                0x10005034                __Ciob
 .bss._exitvector
                0x10005174       0x84 c:/nxp/lpcxpresso_8.2.2_650/lpcxpresso/tools/bin/../lib/gcc/arm-none-eabi/5.4.1/../../../../arm-none-eabi/lib/armv7-m\libcr_c.a(stdlib.o)
                0x10005174                _exitvector
 .bss._number_of_exit_functions
                0x100051f8        0x4 c:/nxp/lpcxpresso_8.2.2_650/lpcxpresso/tools/bin/../lib/gcc/arm-none-eabi/5.4.1/../../../../arm-none-eabi/lib/armv7-m\libcr_c.a(stdlib.o)
                0x100051f8                _number_of_exit_functions
 .bss.__heaps   0x100051fc        0x4 c:/nxp/lpcxpresso_8.2.2_650/lpcxpresso/tools/bin/../lib/gcc/arm-none-eabi/5.4.1/../../../../arm-none-eabi/lib/armv7-m\libcr_c.a(__init_alloc.o)
                0x100051fc                __heaps
 .bss.__end_of_heap
                0x10005200        0x4 c:/nxp/lpcxpresso_8.2.2_650/lpcxpresso/tools/bin/../lib/gcc/arm-none-eabi/5.4.1/../../../../arm-none-eabi/lib/armv7-m\libcr_c.a(__init_alloc.o)
                0x10005200                __end_of_heap
 .bss.errno     0x10005204        0x4 c:/nxp/lpcxpresso_8.2.2_650/lpcxpresso/tools/bin/../lib/gcc/arm-none-eabi/5.4.1/../../../../arm-none-eabi/lib/armv7-m\libcr_c.a(errno.o)
                0x10005204                errno
 *(COMMON)
 COMMON         0x10005208        0x8 C:\Users\vince\Documents\LPCXpresso_5.2.6_2137\w_exercices\TP1_labyrinth\Debug\libMylab_lib.a(custom_rand.o)
                0x10005208                _j
                0x1000520c                _k
 COMMON         0x10005210      0x804 C:\Users\vince\Documents\LPCXpresso_5.2.6_2137\w_exercices\TP1_labyrinth\Debug\libMylab_lib.a(traces.o)
                0x10005210                timer_counter
                0x10005214                trace_buffer
                0x10005a14                . = ALIGN (0x4)
                0x10005a14                _ebss = .
                [!provide]                PROVIDE (end, .)

.noinit_RAM2    0x2007c000        0x0
 *(.noinit.$RAM2*)
 *(.noinit.$RamAHB32*)
                0x2007c000                . = ALIGN (0x4)

.noinit         0x10005a14        0x0
                0x10005a14                _noinit = .
 *(.noinit*)
                0x10005a14                . = ALIGN (0x4)
                0x10005a14                _end_noinit = .
                0x10005a14                PROVIDE (_pvHeapStart, DEFINED (__user_heap_base)?__user_heap_base:.)
                0x10008000                PROVIDE (_vStackTop, DEFINED (__user_stack_top)?__user_stack_top:(__top_RamLoc32 - 0x0))
                [!provide]                PROVIDE (__valid_user_code_checksum, (0x0 - ((((((_vStackTop + (ResetISR + 0x1)) + (NMI_Handler + 0x1)) + (HardFault_Handler + 0x1)) + (DEFINED (MemManage_Handler)?MemManage_Handler:0x0 + 0x1)) + (DEFINED (BusFault_Handler)?BusFault_Handler:0x0 + 0x1)) + (DEFINED (UsageFault_Handler)?UsageFault_Handler:0x0 + 0x1))))
OUTPUT(TP1_labyrinth.axf elf32-littlearm)

.debug_info     0x00000000     0x753b
 .debug_info    0x00000000      0x259 ./src/cr_startup_lpc17.o
 .debug_info    0x00000259      0xa41 ./src/gpio.o
 .debug_info    0x00000c9a      0x6f9 ./src/labyrinth.o
 .debug_info    0x00001393      0x2a0 ./src/tools.o
 .debug_info    0x00001633       0xd7 ./src/trace_mgt.o
 .debug_info    0x0000170a      0x264 ./FreeRTOS_src/list.o
 .debug_info    0x0000196e      0xcbb ./FreeRTOS_src/tasks.o
 .debug_info    0x00002629      0x295 ./FreeRTOS_portable/MemMang/heap_2.o
 .debug_info    0x000028be      0x1c6 ./FreeRTOS_portable/port.o
 .debug_info    0x00002a84      0x362 C:\Users\vince\Documents\LPCXpresso_5.2.6_2137\w_exercices\TP1_labyrinth\Debug\libMylab_lib.a(accelerometer.o)
 .debug_info    0x00002de6      0x126 C:\Users\vince\Documents\LPCXpresso_5.2.6_2137\w_exercices\TP1_labyrinth\Debug\libMylab_lib.a(custom_rand.o)
 .debug_info    0x00002f0c      0x7d8 C:\Users\vince\Documents\LPCXpresso_5.2.6_2137\w_exercices\TP1_labyrinth\Debug\libMylab_lib.a(ethernet_mgt.o)
 .debug_info    0x000036e4      0x9cb C:\Users\vince\Documents\LPCXpresso_5.2.6_2137\w_exercices\TP1_labyrinth\Debug\libMylab_lib.a(ethmac.o)
 .debug_info    0x000040af     0x129f C:\Users\vince\Documents\LPCXpresso_5.2.6_2137\w_exercices\TP1_labyrinth\Debug\libMylab_lib.a(lcd.o)
 .debug_info    0x0000534e      0x5ab C:\Users\vince\Documents\LPCXpresso_5.2.6_2137\w_exercices\TP1_labyrinth\Debug\libMylab_lib.a(ssp.o)
 .debug_info    0x000058f9      0xa05 C:\Users\vince\Documents\LPCXpresso_5.2.6_2137\w_exercices\TP1_labyrinth\Debug\libMylab_lib.a(traces.o)
 .debug_info    0x000062fe      0x672 C:\Users\vince\Documents\LPCXpresso_5.2.6_2137\w_exercices\TP1_labyrinth\Debug\libMylab_lib.a(uart.o)
 .debug_info    0x00006970      0x809 C:\Users\vince\Documents\LPCXpresso_5.2.6_2137\w_exercices\TP1_labyrinth\Debug\libMylab_lib.a(I2C.o)
 .debug_info    0x00007179       0xaa C:\Users\vince\Documents\LPCXpresso_5.2.6_2137\w_exercices\TP1_labyrinth\Debug\libMylab_lib.a(fonts.o)
 .debug_info    0x00007223      0x318 C:\Users\vince\Documents\LPCXpresso_5.2.6_2137\w_exercices\CMSISv2p00_LPC17xx\Debug\libCMSISv2p00_LPC17xx.a(system_LPC17xx.o)

.debug_abbrev   0x00000000     0x1b19
 .debug_abbrev  0x00000000      0x100 ./src/cr_startup_lpc17.o
 .debug_abbrev  0x00000100      0x215 ./src/gpio.o
 .debug_abbrev  0x00000315      0x176 ./src/labyrinth.o
 .debug_abbrev  0x0000048b      0x122 ./src/tools.o
 .debug_abbrev  0x000005ad       0x8a ./src/trace_mgt.o
 .debug_abbrev  0x00000637       0xbf ./FreeRTOS_src/list.o
 .debug_abbrev  0x000006f6      0x1ec ./FreeRTOS_src/tasks.o
 .debug_abbrev  0x000008e2      0x16b ./FreeRTOS_portable/MemMang/heap_2.o
 .debug_abbrev  0x00000a4d      0x11d ./FreeRTOS_portable/port.o
 .debug_abbrev  0x00000b6a      0x111 C:\Users\vince\Documents\LPCXpresso_5.2.6_2137\w_exercices\TP1_labyrinth\Debug\libMylab_lib.a(accelerometer.o)
 .debug_abbrev  0x00000c7b       0xc2 C:\Users\vince\Documents\LPCXpresso_5.2.6_2137\w_exercices\TP1_labyrinth\Debug\libMylab_lib.a(custom_rand.o)
 .debug_abbrev  0x00000d3d      0x1fc C:\Users\vince\Documents\LPCXpresso_5.2.6_2137\w_exercices\TP1_labyrinth\Debug\libMylab_lib.a(ethernet_mgt.o)
 .debug_abbrev  0x00000f39      0x205 C:\Users\vince\Documents\LPCXpresso_5.2.6_2137\w_exercices\TP1_labyrinth\Debug\libMylab_lib.a(ethmac.o)
 .debug_abbrev  0x0000113e      0x274 C:\Users\vince\Documents\LPCXpresso_5.2.6_2137\w_exercices\TP1_labyrinth\Debug\libMylab_lib.a(lcd.o)
 .debug_abbrev  0x000013b2      0x13a C:\Users\vince\Documents\LPCXpresso_5.2.6_2137\w_exercices\TP1_labyrinth\Debug\libMylab_lib.a(ssp.o)
 .debug_abbrev  0x000014ec      0x21e C:\Users\vince\Documents\LPCXpresso_5.2.6_2137\w_exercices\TP1_labyrinth\Debug\libMylab_lib.a(traces.o)
 .debug_abbrev  0x0000170a      0x18b C:\Users\vince\Documents\LPCXpresso_5.2.6_2137\w_exercices\TP1_labyrinth\Debug\libMylab_lib.a(uart.o)
 .debug_abbrev  0x00001895      0x156 C:\Users\vince\Documents\LPCXpresso_5.2.6_2137\w_exercices\TP1_labyrinth\Debug\libMylab_lib.a(I2C.o)
 .debug_abbrev  0x000019eb       0x48 C:\Users\vince\Documents\LPCXpresso_5.2.6_2137\w_exercices\TP1_labyrinth\Debug\libMylab_lib.a(fonts.o)
 .debug_abbrev  0x00001a33       0xe6 C:\Users\vince\Documents\LPCXpresso_5.2.6_2137\w_exercices\CMSISv2p00_LPC17xx\Debug\libCMSISv2p00_LPC17xx.a(system_LPC17xx.o)

.debug_aranges  0x00000000      0x680
 .debug_aranges
                0x00000000       0x68 ./src/cr_startup_lpc17.o
 .debug_aranges
                0x00000068       0x40 ./src/gpio.o
 .debug_aranges
                0x000000a8       0x30 ./src/labyrinth.o
 .debug_aranges
                0x000000d8       0x30 ./src/tools.o
 .debug_aranges
                0x00000108       0x20 ./src/trace_mgt.o
 .debug_aranges
                0x00000128       0x40 ./FreeRTOS_src/list.o
 .debug_aranges
                0x00000168      0x120 ./FreeRTOS_src/tasks.o
 .debug_aranges
                0x00000288       0x38 ./FreeRTOS_portable/MemMang/heap_2.o
 .debug_aranges
                0x000002c0       0x70 ./FreeRTOS_portable/port.o
 .debug_aranges
                0x00000330       0x38 C:\Users\vince\Documents\LPCXpresso_5.2.6_2137\w_exercices\TP1_labyrinth\Debug\libMylab_lib.a(accelerometer.o)
 .debug_aranges
                0x00000368       0x28 C:\Users\vince\Documents\LPCXpresso_5.2.6_2137\w_exercices\TP1_labyrinth\Debug\libMylab_lib.a(custom_rand.o)
 .debug_aranges
                0x00000390       0x40 C:\Users\vince\Documents\LPCXpresso_5.2.6_2137\w_exercices\TP1_labyrinth\Debug\libMylab_lib.a(ethernet_mgt.o)
 .debug_aranges
                0x000003d0       0x68 C:\Users\vince\Documents\LPCXpresso_5.2.6_2137\w_exercices\TP1_labyrinth\Debug\libMylab_lib.a(ethmac.o)
 .debug_aranges
                0x00000438      0x110 C:\Users\vince\Documents\LPCXpresso_5.2.6_2137\w_exercices\TP1_labyrinth\Debug\libMylab_lib.a(lcd.o)
 .debug_aranges
                0x00000548       0x30 C:\Users\vince\Documents\LPCXpresso_5.2.6_2137\w_exercices\TP1_labyrinth\Debug\libMylab_lib.a(ssp.o)
 .debug_aranges
                0x00000578       0x50 C:\Users\vince\Documents\LPCXpresso_5.2.6_2137\w_exercices\TP1_labyrinth\Debug\libMylab_lib.a(traces.o)
 .debug_aranges
                0x000005c8       0x30 C:\Users\vince\Documents\LPCXpresso_5.2.6_2137\w_exercices\TP1_labyrinth\Debug\libMylab_lib.a(uart.o)
 .debug_aranges
                0x000005f8       0x48 C:\Users\vince\Documents\LPCXpresso_5.2.6_2137\w_exercices\TP1_labyrinth\Debug\libMylab_lib.a(I2C.o)
 .debug_aranges
                0x00000640       0x18 C:\Users\vince\Documents\LPCXpresso_5.2.6_2137\w_exercices\TP1_labyrinth\Debug\libMylab_lib.a(fonts.o)
 .debug_aranges
                0x00000658       0x28 C:\Users\vince\Documents\LPCXpresso_5.2.6_2137\w_exercices\CMSISv2p00_LPC17xx\Debug\libCMSISv2p00_LPC17xx.a(system_LPC17xx.o)

.debug_ranges   0x00000000      0x568
 .debug_ranges  0x00000000       0x58 ./src/cr_startup_lpc17.o
 .debug_ranges  0x00000058       0x30 ./src/gpio.o
 .debug_ranges  0x00000088       0x20 ./src/labyrinth.o
 .debug_ranges  0x000000a8       0x20 ./src/tools.o
 .debug_ranges  0x000000c8       0x10 ./src/trace_mgt.o
 .debug_ranges  0x000000d8       0x30 ./FreeRTOS_src/list.o
 .debug_ranges  0x00000108      0x110 ./FreeRTOS_src/tasks.o
 .debug_ranges  0x00000218       0x28 ./FreeRTOS_portable/MemMang/heap_2.o
 .debug_ranges  0x00000240       0x60 ./FreeRTOS_portable/port.o
 .debug_ranges  0x000002a0       0x28 C:\Users\vince\Documents\LPCXpresso_5.2.6_2137\w_exercices\TP1_labyrinth\Debug\libMylab_lib.a(accelerometer.o)
 .debug_ranges  0x000002c8       0x18 C:\Users\vince\Documents\LPCXpresso_5.2.6_2137\w_exercices\TP1_labyrinth\Debug\libMylab_lib.a(custom_rand.o)
 .debug_ranges  0x000002e0       0x30 C:\Users\vince\Documents\LPCXpresso_5.2.6_2137\w_exercices\TP1_labyrinth\Debug\libMylab_lib.a(ethernet_mgt.o)
 .debug_ranges  0x00000310       0x58 C:\Users\vince\Documents\LPCXpresso_5.2.6_2137\w_exercices\TP1_labyrinth\Debug\libMylab_lib.a(ethmac.o)
 .debug_ranges  0x00000368      0x130 C:\Users\vince\Documents\LPCXpresso_5.2.6_2137\w_exercices\TP1_labyrinth\Debug\libMylab_lib.a(lcd.o)
 .debug_ranges  0x00000498       0x20 C:\Users\vince\Documents\LPCXpresso_5.2.6_2137\w_exercices\TP1_labyrinth\Debug\libMylab_lib.a(ssp.o)
 .debug_ranges  0x000004b8       0x40 C:\Users\vince\Documents\LPCXpresso_5.2.6_2137\w_exercices\TP1_labyrinth\Debug\libMylab_lib.a(traces.o)
 .debug_ranges  0x000004f8       0x20 C:\Users\vince\Documents\LPCXpresso_5.2.6_2137\w_exercices\TP1_labyrinth\Debug\libMylab_lib.a(uart.o)
 .debug_ranges  0x00000518       0x38 C:\Users\vince\Documents\LPCXpresso_5.2.6_2137\w_exercices\TP1_labyrinth\Debug\libMylab_lib.a(I2C.o)
 .debug_ranges  0x00000550       0x18 C:\Users\vince\Documents\LPCXpresso_5.2.6_2137\w_exercices\CMSISv2p00_LPC17xx\Debug\libCMSISv2p00_LPC17xx.a(system_LPC17xx.o)

.debug_macro    0x00000000     0x3e30
 .debug_macro   0x00000000       0x52 ./src/cr_startup_lpc17.o
 .debug_macro   0x00000052      0x892 ./src/cr_startup_lpc17.o
 .debug_macro   0x000008e4       0x10 ./src/cr_startup_lpc17.o
 .debug_macro   0x000008f4      0x12d ./src/cr_startup_lpc17.o
 .debug_macro   0x00000a21      0x5b2 ./src/cr_startup_lpc17.o
 .debug_macro   0x00000fd3       0x8e ./src/gpio.o
 .debug_macro   0x00001061       0x22 ./src/gpio.o
 .debug_macro   0x00001083      0x219 ./src/labyrinth.o
 .debug_macro   0x0000129c       0x22 ./src/labyrinth.o
 .debug_macro   0x000012be       0xc4 ./src/labyrinth.o
 .debug_macro   0x00001382      0x150 ./src/labyrinth.o
 .debug_macro   0x000014d2       0x1c ./src/labyrinth.o
 .debug_macro   0x000014ee       0x28 ./src/labyrinth.o
 .debug_macro   0x00001516       0x1c ./src/labyrinth.o
 .debug_macro   0x00001532       0xc2 ./src/labyrinth.o
 .debug_macro   0x000015f4       0xd6 ./src/labyrinth.o
 .debug_macro   0x000016ca       0x22 ./src/labyrinth.o
 .debug_macro   0x000016ec       0x1c ./src/labyrinth.o
 .debug_macro   0x00001708       0x10 ./src/labyrinth.o
 .debug_macro   0x00001718       0xc0 ./src/tools.o
 .debug_macro   0x000017d8       0xc4 ./src/tools.o
 .debug_macro   0x0000189c       0x1c ./src/tools.o
 .debug_macro   0x000018b8      0x135 ./src/trace_mgt.o
 .debug_macro   0x000019ed       0x16 ./src/trace_mgt.o
 .debug_macro   0x00001a03       0x9d ./FreeRTOS_src/list.o
 .debug_macro   0x00001aa0       0x28 ./FreeRTOS_src/list.o
 .debug_macro   0x00001ac8      0x130 ./FreeRTOS_src/tasks.o
 .debug_macro   0x00001bf8       0x61 ./FreeRTOS_src/tasks.o
 .debug_macro   0x00001c59       0x16 ./FreeRTOS_src/tasks.o
 .debug_macro   0x00001c6f       0xcb ./FreeRTOS_portable/MemMang/heap_2.o
 .debug_macro   0x00001d3a       0xda ./FreeRTOS_portable/port.o
 .debug_macro   0x00001e14       0xaf C:\Users\vince\Documents\LPCXpresso_5.2.6_2137\w_exercices\TP1_labyrinth\Debug\libMylab_lib.a(accelerometer.o)
 .debug_macro   0x00001ec3      0x898 C:\Users\vince\Documents\LPCXpresso_5.2.6_2137\w_exercices\TP1_labyrinth\Debug\libMylab_lib.a(accelerometer.o)
 .debug_macro   0x0000275b       0x52 C:\Users\vince\Documents\LPCXpresso_5.2.6_2137\w_exercices\TP1_labyrinth\Debug\libMylab_lib.a(accelerometer.o)
 .debug_macro   0x000027ad       0x46 C:\Users\vince\Documents\LPCXpresso_5.2.6_2137\w_exercices\TP1_labyrinth\Debug\libMylab_lib.a(custom_rand.o)
 .debug_macro   0x000027f3       0xd4 C:\Users\vince\Documents\LPCXpresso_5.2.6_2137\w_exercices\TP1_labyrinth\Debug\libMylab_lib.a(ethernet_mgt.o)
 .debug_macro   0x000028c7       0x9a C:\Users\vince\Documents\LPCXpresso_5.2.6_2137\w_exercices\TP1_labyrinth\Debug\libMylab_lib.a(ethernet_mgt.o)
 .debug_macro   0x00002961       0x7c C:\Users\vince\Documents\LPCXpresso_5.2.6_2137\w_exercices\TP1_labyrinth\Debug\libMylab_lib.a(ethernet_mgt.o)
 .debug_macro   0x000029dd       0x82 C:\Users\vince\Documents\LPCXpresso_5.2.6_2137\w_exercices\TP1_labyrinth\Debug\libMylab_lib.a(ethernet_mgt.o)
 .debug_macro   0x00002a5f      0x5c3 C:\Users\vince\Documents\LPCXpresso_5.2.6_2137\w_exercices\TP1_labyrinth\Debug\libMylab_lib.a(ethernet_mgt.o)
 .debug_macro   0x00003022       0xa9 C:\Users\vince\Documents\LPCXpresso_5.2.6_2137\w_exercices\TP1_labyrinth\Debug\libMylab_lib.a(ethmac.o)
 .debug_macro   0x000030cb      0x108 C:\Users\vince\Documents\LPCXpresso_5.2.6_2137\w_exercices\TP1_labyrinth\Debug\libMylab_lib.a(lcd.o)
 .debug_macro   0x000031d3       0x90 C:\Users\vince\Documents\LPCXpresso_5.2.6_2137\w_exercices\TP1_labyrinth\Debug\libMylab_lib.a(ssp.o)
 .debug_macro   0x00003263       0x22 C:\Users\vince\Documents\LPCXpresso_5.2.6_2137\w_exercices\TP1_labyrinth\Debug\libMylab_lib.a(ssp.o)
 .debug_macro   0x00003285       0xcf C:\Users\vince\Documents\LPCXpresso_5.2.6_2137\w_exercices\TP1_labyrinth\Debug\libMylab_lib.a(traces.o)
 .debug_macro   0x00003354       0x84 C:\Users\vince\Documents\LPCXpresso_5.2.6_2137\w_exercices\TP1_labyrinth\Debug\libMylab_lib.a(uart.o)
 .debug_macro   0x000033d8       0x8d C:\Users\vince\Documents\LPCXpresso_5.2.6_2137\w_exercices\TP1_labyrinth\Debug\libMylab_lib.a(I2C.o)
 .debug_macro   0x00003465       0x1a C:\Users\vince\Documents\LPCXpresso_5.2.6_2137\w_exercices\TP1_labyrinth\Debug\libMylab_lib.a(fonts.o)
 .debug_macro   0x0000347f      0x12b C:\Users\vince\Documents\LPCXpresso_5.2.6_2137\w_exercices\CMSISv2p00_LPC17xx\Debug\libCMSISv2p00_LPC17xx.a(system_LPC17xx.o)
 .debug_macro   0x000035aa      0x886 C:\Users\vince\Documents\LPCXpresso_5.2.6_2137\w_exercices\CMSISv2p00_LPC17xx\Debug\libCMSISv2p00_LPC17xx.a(system_LPC17xx.o)

.debug_line     0x00000000     0x3c9a
 .debug_line    0x00000000      0x1e2 ./src/cr_startup_lpc17.o
 .debug_line    0x000001e2      0x273 ./src/gpio.o
 .debug_line    0x00000455      0x41c ./src/labyrinth.o
 .debug_line    0x00000871      0x32f ./src/tools.o
 .debug_line    0x00000ba0      0x297 ./src/trace_mgt.o
 .debug_line    0x00000e37      0x21e ./FreeRTOS_src/list.o
 .debug_line    0x00001055      0x709 ./FreeRTOS_src/tasks.o
 .debug_line    0x0000175e      0x256 ./FreeRTOS_portable/MemMang/heap_2.o
 .debug_line    0x000019b4      0x268 ./FreeRTOS_portable/port.o
 .debug_line    0x00001c1c      0x299 C:\Users\vince\Documents\LPCXpresso_5.2.6_2137\w_exercices\TP1_labyrinth\Debug\libMylab_lib.a(accelerometer.o)
 .debug_line    0x00001eb5      0x19e C:\Users\vince\Documents\LPCXpresso_5.2.6_2137\w_exercices\TP1_labyrinth\Debug\libMylab_lib.a(custom_rand.o)
 .debug_line    0x00002053      0x320 C:\Users\vince\Documents\LPCXpresso_5.2.6_2137\w_exercices\TP1_labyrinth\Debug\libMylab_lib.a(ethernet_mgt.o)
 .debug_line    0x00002373      0x3db C:\Users\vince\Documents\LPCXpresso_5.2.6_2137\w_exercices\TP1_labyrinth\Debug\libMylab_lib.a(ethmac.o)
 .debug_line    0x0000274e      0x80d C:\Users\vince\Documents\LPCXpresso_5.2.6_2137\w_exercices\TP1_labyrinth\Debug\libMylab_lib.a(lcd.o)
 .debug_line    0x00002f5b      0x25a C:\Users\vince\Documents\LPCXpresso_5.2.6_2137\w_exercices\TP1_labyrinth\Debug\libMylab_lib.a(ssp.o)
 .debug_line    0x000031b5      0x30e C:\Users\vince\Documents\LPCXpresso_5.2.6_2137\w_exercices\TP1_labyrinth\Debug\libMylab_lib.a(traces.o)
 .debug_line    0x000034c3      0x221 C:\Users\vince\Documents\LPCXpresso_5.2.6_2137\w_exercices\TP1_labyrinth\Debug\libMylab_lib.a(uart.o)
 .debug_line    0x000036e4      0x360 C:\Users\vince\Documents\LPCXpresso_5.2.6_2137\w_exercices\TP1_labyrinth\Debug\libMylab_lib.a(I2C.o)
 .debug_line    0x00003a44       0x83 C:\Users\vince\Documents\LPCXpresso_5.2.6_2137\w_exercices\TP1_labyrinth\Debug\libMylab_lib.a(fonts.o)
 .debug_line    0x00003ac7      0x1d3 C:\Users\vince\Documents\LPCXpresso_5.2.6_2137\w_exercices\CMSISv2p00_LPC17xx\Debug\libCMSISv2p00_LPC17xx.a(system_LPC17xx.o)

.debug_str      0x00000000    0x10bd5
 .debug_str     0x00000000     0x3d87 ./src/cr_startup_lpc17.o
                               0x3e06 (size before relaxing)
 .debug_str     0x00003d87     0x472f ./src/gpio.o
                               0x83c7 (size before relaxing)
 .debug_str     0x000084b6     0x3cfe ./src/labyrinth.o
                               0xbc14 (size before relaxing)
 .debug_str     0x0000c1b4       0x56 ./src/tools.o
                               0x88bd (size before relaxing)
 .debug_str     0x0000c20a       0x74 ./src/trace_mgt.o
                               0xa916 (size before relaxing)
 .debug_str     0x0000c27e      0x135 ./FreeRTOS_src/list.o
                               0x453a (size before relaxing)
 .debug_str     0x0000c3b3     0x11c8 ./FreeRTOS_src/tasks.o
                               0x5bff (size before relaxing)
 .debug_str     0x0000d57b      0x45f ./FreeRTOS_portable/MemMang/heap_2.o
                               0x4bfd (size before relaxing)
 .debug_str     0x0000d9da      0x368 ./FreeRTOS_portable/port.o
                               0x4a62 (size before relaxing)
 .debug_str     0x0000dd42      0x267 C:\Users\vince\Documents\LPCXpresso_5.2.6_2137\w_exercices\TP1_labyrinth\Debug\libMylab_lib.a(accelerometer.o)
                               0x8393 (size before relaxing)
 .debug_str     0x0000dfa9       0x31 C:\Users\vince\Documents\LPCXpresso_5.2.6_2137\w_exercices\TP1_labyrinth\Debug\libMylab_lib.a(custom_rand.o)
                               0x3cb0 (size before relaxing)
 .debug_str     0x0000dfda     0x1e3b C:\Users\vince\Documents\LPCXpresso_5.2.6_2137\w_exercices\TP1_labyrinth\Debug\libMylab_lib.a(ethernet_mgt.o)
                               0xa130 (size before relaxing)
 .debug_str     0x0000fe15      0x227 C:\Users\vince\Documents\LPCXpresso_5.2.6_2137\w_exercices\TP1_labyrinth\Debug\libMylab_lib.a(ethmac.o)
                               0x9a75 (size before relaxing)
 .debug_str     0x0001003c      0x412 C:\Users\vince\Documents\LPCXpresso_5.2.6_2137\w_exercices\TP1_labyrinth\Debug\libMylab_lib.a(lcd.o)
                               0x9006 (size before relaxing)
 .debug_str     0x0001044e       0xa7 C:\Users\vince\Documents\LPCXpresso_5.2.6_2137\w_exercices\TP1_labyrinth\Debug\libMylab_lib.a(ssp.o)
                               0x80e2 (size before relaxing)
 .debug_str     0x000104f5      0x17f C:\Users\vince\Documents\LPCXpresso_5.2.6_2137\w_exercices\TP1_labyrinth\Debug\libMylab_lib.a(traces.o)
                               0x85c5 (size before relaxing)
 .debug_str     0x00010674       0x45 C:\Users\vince\Documents\LPCXpresso_5.2.6_2137\w_exercices\TP1_labyrinth\Debug\libMylab_lib.a(uart.o)
                               0x8063 (size before relaxing)
 .debug_str     0x000106b9       0xe5 C:\Users\vince\Documents\LPCXpresso_5.2.6_2137\w_exercices\TP1_labyrinth\Debug\libMylab_lib.a(I2C.o)
                               0x823f (size before relaxing)
 .debug_str     0x0001079e       0x1f C:\Users\vince\Documents\LPCXpresso_5.2.6_2137\w_exercices\TP1_labyrinth\Debug\libMylab_lib.a(fonts.o)
                               0x2587 (size before relaxing)
 .debug_str     0x000107bd      0x418 C:\Users\vince\Documents\LPCXpresso_5.2.6_2137\w_exercices\CMSISv2p00_LPC17xx\Debug\libCMSISv2p00_LPC17xx.a(system_LPC17xx.o)
                               0x814e (size before relaxing)

.comment        0x00000000       0xdc
 .comment       0x00000000       0x6e ./src/cr_startup_lpc17.o
                                 0x6f (size before relaxing)
 .comment       0x0000006e       0x6f ./src/gpio.o
 .comment       0x0000006e       0x6f ./src/labyrinth.o
 .comment       0x0000006e       0x6f ./src/tools.o
 .comment       0x0000006e       0x6f ./src/trace_mgt.o
 .comment       0x0000006e       0x6f ./FreeRTOS_src/list.o
 .comment       0x0000006e       0x6f ./FreeRTOS_src/tasks.o
 .comment       0x0000006e       0x6f ./FreeRTOS_portable/MemMang/heap_2.o
 .comment       0x0000006e       0x6f ./FreeRTOS_portable/port.o
 .comment       0x0000006e       0x6f C:\Users\vince\Documents\LPCXpresso_5.2.6_2137\w_exercices\TP1_labyrinth\Debug\libMylab_lib.a(accelerometer.o)
 .comment       0x0000006e       0x6f C:\Users\vince\Documents\LPCXpresso_5.2.6_2137\w_exercices\TP1_labyrinth\Debug\libMylab_lib.a(custom_rand.o)
 .comment       0x0000006e       0x6f C:\Users\vince\Documents\LPCXpresso_5.2.6_2137\w_exercices\TP1_labyrinth\Debug\libMylab_lib.a(ethernet_mgt.o)
 .comment       0x0000006e       0x6f C:\Users\vince\Documents\LPCXpresso_5.2.6_2137\w_exercices\TP1_labyrinth\Debug\libMylab_lib.a(ethmac.o)
 .comment       0x0000006e       0x6f C:\Users\vince\Documents\LPCXpresso_5.2.6_2137\w_exercices\TP1_labyrinth\Debug\libMylab_lib.a(lcd.o)
 .comment       0x0000006e       0x6f C:\Users\vince\Documents\LPCXpresso_5.2.6_2137\w_exercices\TP1_labyrinth\Debug\libMylab_lib.a(ssp.o)
 .comment       0x0000006e       0x6f C:\Users\vince\Documents\LPCXpresso_5.2.6_2137\w_exercices\TP1_labyrinth\Debug\libMylab_lib.a(traces.o)
 .comment       0x0000006e       0x6f C:\Users\vince\Documents\LPCXpresso_5.2.6_2137\w_exercices\TP1_labyrinth\Debug\libMylab_lib.a(uart.o)
 .comment       0x0000006e       0x6f C:\Users\vince\Documents\LPCXpresso_5.2.6_2137\w_exercices\TP1_labyrinth\Debug\libMylab_lib.a(I2C.o)
 .comment       0x0000006e       0x6f C:\Users\vince\Documents\LPCXpresso_5.2.6_2137\w_exercices\TP1_labyrinth\Debug\libMylab_lib.a(fonts.o)
 .comment       0x0000006e       0x6f C:\Users\vince\Documents\LPCXpresso_5.2.6_2137\w_exercices\CMSISv2p00_LPC17xx\Debug\libCMSISv2p00_LPC17xx.a(system_LPC17xx.o)
 .comment       0x0000006e       0x6e c:/nxp/lpcxpresso_8.2.2_650/lpcxpresso/tools/bin/../lib/gcc/arm-none-eabi/5.4.1/../../../../arm-none-eabi/lib/armv7-m\libcr_semihost.a(_cr__main.o)
                                 0x6f (size before relaxing)
 .comment       0x000000dc       0x6f c:/nxp/lpcxpresso_8.2.2_650/lpcxpresso/tools/bin/../lib/gcc/arm-none-eabi/5.4.1/../../../../arm-none-eabi/lib/armv7-m\libcr_c.a(memset.o)
 .comment       0x000000dc       0x6f c:/nxp/lpcxpresso_8.2.2_650/lpcxpresso/tools/bin/../lib/gcc/arm-none-eabi/5.4.1/../../../../arm-none-eabi/lib/armv7-m\libcr_c.a(alloc.o)
 .comment       0x000000dc       0x6f c:/nxp/lpcxpresso_8.2.2_650/lpcxpresso/tools/bin/../lib/gcc/arm-none-eabi/5.4.1/../../../../arm-none-eabi/lib/armv7-m\libcr_c.a(ceil.o)
 .comment       0x000000dc       0x6f c:/nxp/lpcxpresso_8.2.2_650/lpcxpresso/tools/bin/../lib/gcc/arm-none-eabi/5.4.1/../../../../arm-none-eabi/lib/armv7-m\libcr_c.a(fclose.o)
 .comment       0x000000dc       0x6f c:/nxp/lpcxpresso_8.2.2_650/lpcxpresso/tools/bin/../lib/gcc/arm-none-eabi/5.4.1/../../../../arm-none-eabi/lib/armv7-m\libcr_c.a(fflush.o)
 .comment       0x000000dc       0x6f c:/nxp/lpcxpresso_8.2.2_650/lpcxpresso/tools/bin/../lib/gcc/arm-none-eabi/5.4.1/../../../../arm-none-eabi/lib/armv7-m\libcr_c.a(floor.o)
 .comment       0x000000dc       0x6f c:/nxp/lpcxpresso_8.2.2_650/lpcxpresso/tools/bin/../lib/gcc/arm-none-eabi/5.4.1/../../../../arm-none-eabi/lib/armv7-m\libcr_c.a(fpprintf.o)
 .comment       0x000000dc       0x6f c:/nxp/lpcxpresso_8.2.2_650/lpcxpresso/tools/bin/../lib/gcc/arm-none-eabi/5.4.1/../../../../arm-none-eabi/lib/armv7-m\libcr_c.a(fseek.o)
 .comment       0x000000dc       0x6f c:/nxp/lpcxpresso_8.2.2_650/lpcxpresso/tools/bin/../lib/gcc/arm-none-eabi/5.4.1/../../../../arm-none-eabi/lib/armv7-m\libcr_c.a(ftell.o)
 .comment       0x000000dc       0x6f c:/nxp/lpcxpresso_8.2.2_650/lpcxpresso/tools/bin/../lib/gcc/arm-none-eabi/5.4.1/../../../../arm-none-eabi/lib/armv7-m\libcr_c.a(initio.o)
 .comment       0x000000dc       0x6f c:/nxp/lpcxpresso_8.2.2_650/lpcxpresso/tools/bin/../lib/gcc/arm-none-eabi/5.4.1/../../../../arm-none-eabi/lib/armv7-m\libcr_c.a(printf.o)
 .comment       0x000000dc       0x6f c:/nxp/lpcxpresso_8.2.2_650/lpcxpresso/tools/bin/../lib/gcc/arm-none-eabi/5.4.1/../../../../arm-none-eabi/lib/armv7-m\libcr_c.a(remove.o)
 .comment       0x000000dc       0x6f c:/nxp/lpcxpresso_8.2.2_650/lpcxpresso/tools/bin/../lib/gcc/arm-none-eabi/5.4.1/../../../../arm-none-eabi/lib/armv7-m\libcr_c.a(setvbuf.o)
 .comment       0x000000dc       0x6f c:/nxp/lpcxpresso_8.2.2_650/lpcxpresso/tools/bin/../lib/gcc/arm-none-eabi/5.4.1/../../../../arm-none-eabi/lib/armv7-m\libcr_c.a(sqrt.o)
 .comment       0x000000dc       0x6f c:/nxp/lpcxpresso_8.2.2_650/lpcxpresso/tools/bin/../lib/gcc/arm-none-eabi/5.4.1/../../../../arm-none-eabi/lib/armv7-m\libcr_c.a(stdio.o)
 .comment       0x000000dc       0x6f c:/nxp/lpcxpresso_8.2.2_650/lpcxpresso/tools/bin/../lib/gcc/arm-none-eabi/5.4.1/../../../../arm-none-eabi/lib/armv7-m\libcr_c.a(stdlib.o)
 .comment       0x000000dc       0x6f c:/nxp/lpcxpresso_8.2.2_650/lpcxpresso/tools/bin/../lib/gcc/arm-none-eabi/5.4.1/../../../../arm-none-eabi/lib/armv7-m\libcr_c.a(strlen.o)
 .comment       0x000000dc       0x6f c:/nxp/lpcxpresso_8.2.2_650/lpcxpresso/tools/bin/../lib/gcc/arm-none-eabi/5.4.1/../../../../arm-none-eabi/lib/armv7-m\libcr_c.a(strncpy.o)
 .comment       0x000000dc       0x6f c:/nxp/lpcxpresso_8.2.2_650/lpcxpresso/tools/bin/../lib/gcc/arm-none-eabi/5.4.1/../../../../arm-none-eabi/lib/armv7-m\libcr_c.a(__init_alloc.o)
 .comment       0x000000dc       0x6f c:/nxp/lpcxpresso_8.2.2_650/lpcxpresso/tools/bin/../lib/gcc/arm-none-eabi/5.4.1/../../../../arm-none-eabi/lib/armv7-m\libcr_c.a(_cr_sbrk.o)
 .comment       0x000000dc       0x6f c:/nxp/lpcxpresso_8.2.2_650/lpcxpresso/tools/bin/../lib/gcc/arm-none-eabi/5.4.1/../../../../arm-none-eabi/lib/armv7-m\libcr_c.a(_deferredlazyseek.o)
 .comment       0x000000dc       0x6f c:/nxp/lpcxpresso_8.2.2_650/lpcxpresso/tools/bin/../lib/gcc/arm-none-eabi/5.4.1/../../../../arm-none-eabi/lib/armv7-m\libcr_c.a(_do_fflush.o)
 .comment       0x000000dc       0x6f c:/nxp/lpcxpresso_8.2.2_650/lpcxpresso/tools/bin/../lib/gcc/arm-none-eabi/5.4.1/../../../../arm-none-eabi/lib/armv7-m\libcr_c.a(_fdopen.o)
 .comment       0x000000dc       0x6f c:/nxp/lpcxpresso_8.2.2_650/lpcxpresso/tools/bin/../lib/gcc/arm-none-eabi/5.4.1/../../../../arm-none-eabi/lib/armv7-m\libcr_c.a(_fflush.o)
 .comment       0x000000dc       0x6f c:/nxp/lpcxpresso_8.2.2_650/lpcxpresso/tools/bin/../lib/gcc/arm-none-eabi/5.4.1/../../../../arm-none-eabi/lib/armv7-m\libcr_c.a(_frexpl.o)
 .comment       0x000000dc       0x6f c:/nxp/lpcxpresso_8.2.2_650/lpcxpresso/tools/bin/../lib/gcc/arm-none-eabi/5.4.1/../../../../arm-none-eabi/lib/armv7-m\libcr_c.a(_hugeval.o)
 .comment       0x000000dc       0x6f c:/nxp/lpcxpresso_8.2.2_650/lpcxpresso/tools/bin/../lib/gcc/arm-none-eabi/5.4.1/../../../../arm-none-eabi/lib/armv7-m\libcr_c.a(_ldexpl.o)
 .comment       0x000000dc       0x6f c:/nxp/lpcxpresso_8.2.2_650/lpcxpresso/tools/bin/../lib/gcc/arm-none-eabi/5.4.1/../../../../arm-none-eabi/lib/armv7-m\libcr_c.a(_writebuf.o)
 .comment       0x000000dc       0x6f c:/nxp/lpcxpresso_8.2.2_650/lpcxpresso/tools/bin/../lib/gcc/arm-none-eabi/5.4.1/../../../../arm-none-eabi/lib/armv7-m\libcr_c.a(errno.o)
 .comment       0x000000dc       0x6f c:/nxp/lpcxpresso_8.2.2_650/lpcxpresso/tools/bin/../lib/gcc/arm-none-eabi/5.4.1/../../../../arm-none-eabi/lib/armv7-m\libcr_c.a(_cr_check_heap.o)
 .comment       0x000000dc       0x6f c:/nxp/lpcxpresso_8.2.2_650/lpcxpresso/tools/bin/../lib/gcc/arm-none-eabi/5.4.1/armv7-m\libcr_eabihelpers.a(double.o)
 .comment       0x000000dc       0x6f c:/nxp/lpcxpresso_8.2.2_650/lpcxpresso/tools/bin/../lib/gcc/arm-none-eabi/5.4.1/armv7-m\libcr_eabihelpers.a(float.o)

.ARM.attributes
                0x00000000       0x31
 .ARM.attributes
                0x00000000       0x33 ./src/cr_startup_lpc17.o
 .ARM.attributes
                0x00000033       0x33 ./src/gpio.o
 .ARM.attributes
                0x00000066       0x33 ./src/labyrinth.o
 .ARM.attributes
                0x00000099       0x33 ./src/tools.o
 .ARM.attributes
                0x000000cc       0x33 ./src/trace_mgt.o
 .ARM.attributes
                0x000000ff       0x33 ./FreeRTOS_src/list.o
 .ARM.attributes
                0x00000132       0x33 ./FreeRTOS_src/tasks.o
 .ARM.attributes
                0x00000165       0x33 ./FreeRTOS_portable/MemMang/heap_2.o
 .ARM.attributes
                0x00000198       0x33 ./FreeRTOS_portable/port.o
 .ARM.attributes
                0x000001cb       0x33 C:\Users\vince\Documents\LPCXpresso_5.2.6_2137\w_exercices\TP1_labyrinth\Debug\libMylab_lib.a(accelerometer.o)
 .ARM.attributes
                0x000001fe       0x33 C:\Users\vince\Documents\LPCXpresso_5.2.6_2137\w_exercices\TP1_labyrinth\Debug\libMylab_lib.a(custom_rand.o)
 .ARM.attributes
                0x00000231       0x33 C:\Users\vince\Documents\LPCXpresso_5.2.6_2137\w_exercices\TP1_labyrinth\Debug\libMylab_lib.a(ethernet_mgt.o)
 .ARM.attributes
                0x00000264       0x33 C:\Users\vince\Documents\LPCXpresso_5.2.6_2137\w_exercices\TP1_labyrinth\Debug\libMylab_lib.a(ethmac.o)
 .ARM.attributes
                0x00000297       0x33 C:\Users\vince\Documents\LPCXpresso_5.2.6_2137\w_exercices\TP1_labyrinth\Debug\libMylab_lib.a(lcd.o)
 .ARM.attributes
                0x000002ca       0x33 C:\Users\vince\Documents\LPCXpresso_5.2.6_2137\w_exercices\TP1_labyrinth\Debug\libMylab_lib.a(ssp.o)
 .ARM.attributes
                0x000002fd       0x33 C:\Users\vince\Documents\LPCXpresso_5.2.6_2137\w_exercices\TP1_labyrinth\Debug\libMylab_lib.a(traces.o)
 .ARM.attributes
                0x00000330       0x33 C:\Users\vince\Documents\LPCXpresso_5.2.6_2137\w_exercices\TP1_labyrinth\Debug\libMylab_lib.a(uart.o)
 .ARM.attributes
                0x00000363       0x33 C:\Users\vince\Documents\LPCXpresso_5.2.6_2137\w_exercices\TP1_labyrinth\Debug\libMylab_lib.a(I2C.o)
 .ARM.attributes
                0x00000396       0x33 C:\Users\vince\Documents\LPCXpresso_5.2.6_2137\w_exercices\TP1_labyrinth\Debug\libMylab_lib.a(fonts.o)
 .ARM.attributes
                0x000003c9       0x33 C:\Users\vince\Documents\LPCXpresso_5.2.6_2137\w_exercices\CMSISv2p00_LPC17xx\Debug\libCMSISv2p00_LPC17xx.a(system_LPC17xx.o)
 .ARM.attributes
                0x000003fc       0x33 c:/nxp/lpcxpresso_8.2.2_650/lpcxpresso/tools/bin/../lib/gcc/arm-none-eabi/5.4.1/../../../../arm-none-eabi/lib/armv7-m\libcr_semihost.a(_cr__main.o)
 .ARM.attributes
                0x0000042f       0x33 c:/nxp/lpcxpresso_8.2.2_650/lpcxpresso/tools/bin/../lib/gcc/arm-none-eabi/5.4.1/../../../../arm-none-eabi/lib/armv7-m\libcr_c.a(memset.o)
 .ARM.attributes
                0x00000462       0x33 c:/nxp/lpcxpresso_8.2.2_650/lpcxpresso/tools/bin/../lib/gcc/arm-none-eabi/5.4.1/../../../../arm-none-eabi/lib/armv7-m\libcr_c.a(alloc.o)
 .ARM.attributes
                0x00000495       0x33 c:/nxp/lpcxpresso_8.2.2_650/lpcxpresso/tools/bin/../lib/gcc/arm-none-eabi/5.4.1/../../../../arm-none-eabi/lib/armv7-m\libcr_c.a(ceil.o)
 .ARM.attributes
                0x000004c8       0x33 c:/nxp/lpcxpresso_8.2.2_650/lpcxpresso/tools/bin/../lib/gcc/arm-none-eabi/5.4.1/../../../../arm-none-eabi/lib/armv7-m\libcr_c.a(fclose.o)
 .ARM.attributes
                0x000004fb       0x33 c:/nxp/lpcxpresso_8.2.2_650/lpcxpresso/tools/bin/../lib/gcc/arm-none-eabi/5.4.1/../../../../arm-none-eabi/lib/armv7-m\libcr_c.a(fflush.o)
 .ARM.attributes
                0x0000052e       0x33 c:/nxp/lpcxpresso_8.2.2_650/lpcxpresso/tools/bin/../lib/gcc/arm-none-eabi/5.4.1/../../../../arm-none-eabi/lib/armv7-m\libcr_c.a(floor.o)
 .ARM.attributes
                0x00000561       0x33 c:/nxp/lpcxpresso_8.2.2_650/lpcxpresso/tools/bin/../lib/gcc/arm-none-eabi/5.4.1/../../../../arm-none-eabi/lib/armv7-m\libcr_c.a(fpprintf.o)
 .ARM.attributes
                0x00000594       0x33 c:/nxp/lpcxpresso_8.2.2_650/lpcxpresso/tools/bin/../lib/gcc/arm-none-eabi/5.4.1/../../../../arm-none-eabi/lib/armv7-m\libcr_c.a(fseek.o)
 .ARM.attributes
                0x000005c7       0x33 c:/nxp/lpcxpresso_8.2.2_650/lpcxpresso/tools/bin/../lib/gcc/arm-none-eabi/5.4.1/../../../../arm-none-eabi/lib/armv7-m\libcr_c.a(ftell.o)
 .ARM.attributes
                0x000005fa       0x33 c:/nxp/lpcxpresso_8.2.2_650/lpcxpresso/tools/bin/../lib/gcc/arm-none-eabi/5.4.1/../../../../arm-none-eabi/lib/armv7-m\libcr_c.a(initio.o)
 .ARM.attributes
                0x0000062d       0x33 c:/nxp/lpcxpresso_8.2.2_650/lpcxpresso/tools/bin/../lib/gcc/arm-none-eabi/5.4.1/../../../../arm-none-eabi/lib/armv7-m\libcr_c.a(printf.o)
 .ARM.attributes
                0x00000660       0x33 c:/nxp/lpcxpresso_8.2.2_650/lpcxpresso/tools/bin/../lib/gcc/arm-none-eabi/5.4.1/../../../../arm-none-eabi/lib/armv7-m\libcr_c.a(remove.o)
 .ARM.attributes
                0x00000693       0x33 c:/nxp/lpcxpresso_8.2.2_650/lpcxpresso/tools/bin/../lib/gcc/arm-none-eabi/5.4.1/../../../../arm-none-eabi/lib/armv7-m\libcr_c.a(setvbuf.o)
 .ARM.attributes
                0x000006c6       0x33 c:/nxp/lpcxpresso_8.2.2_650/lpcxpresso/tools/bin/../lib/gcc/arm-none-eabi/5.4.1/../../../../arm-none-eabi/lib/armv7-m\libcr_c.a(sqrt.o)
 .ARM.attributes
                0x000006f9       0x33 c:/nxp/lpcxpresso_8.2.2_650/lpcxpresso/tools/bin/../lib/gcc/arm-none-eabi/5.4.1/../../../../arm-none-eabi/lib/armv7-m\libcr_c.a(stdio.o)
 .ARM.attributes
                0x0000072c       0x33 c:/nxp/lpcxpresso_8.2.2_650/lpcxpresso/tools/bin/../lib/gcc/arm-none-eabi/5.4.1/../../../../arm-none-eabi/lib/armv7-m\libcr_c.a(stdlib.o)
 .ARM.attributes
                0x0000075f       0x33 c:/nxp/lpcxpresso_8.2.2_650/lpcxpresso/tools/bin/../lib/gcc/arm-none-eabi/5.4.1/../../../../arm-none-eabi/lib/armv7-m\libcr_c.a(strlen.o)
 .ARM.attributes
                0x00000792       0x33 c:/nxp/lpcxpresso_8.2.2_650/lpcxpresso/tools/bin/../lib/gcc/arm-none-eabi/5.4.1/../../../../arm-none-eabi/lib/armv7-m\libcr_c.a(strncpy.o)
 .ARM.attributes
                0x000007c5       0x33 c:/nxp/lpcxpresso_8.2.2_650/lpcxpresso/tools/bin/../lib/gcc/arm-none-eabi/5.4.1/../../../../arm-none-eabi/lib/armv7-m\libcr_c.a(__init_alloc.o)
 .ARM.attributes
                0x000007f8       0x33 c:/nxp/lpcxpresso_8.2.2_650/lpcxpresso/tools/bin/../lib/gcc/arm-none-eabi/5.4.1/../../../../arm-none-eabi/lib/armv7-m\libcr_c.a(_cr_sbrk.o)
 .ARM.attributes
                0x0000082b       0x33 c:/nxp/lpcxpresso_8.2.2_650/lpcxpresso/tools/bin/../lib/gcc/arm-none-eabi/5.4.1/../../../../arm-none-eabi/lib/armv7-m\libcr_c.a(_deferredlazyseek.o)
 .ARM.attributes
                0x0000085e       0x33 c:/nxp/lpcxpresso_8.2.2_650/lpcxpresso/tools/bin/../lib/gcc/arm-none-eabi/5.4.1/../../../../arm-none-eabi/lib/armv7-m\libcr_c.a(_do_fflush.o)
 .ARM.attributes
                0x00000891       0x33 c:/nxp/lpcxpresso_8.2.2_650/lpcxpresso/tools/bin/../lib/gcc/arm-none-eabi/5.4.1/../../../../arm-none-eabi/lib/armv7-m\libcr_c.a(_fdopen.o)
 .ARM.attributes
                0x000008c4       0x33 c:/nxp/lpcxpresso_8.2.2_650/lpcxpresso/tools/bin/../lib/gcc/arm-none-eabi/5.4.1/../../../../arm-none-eabi/lib/armv7-m\libcr_c.a(_fflush.o)
 .ARM.attributes
                0x000008f7       0x33 c:/nxp/lpcxpresso_8.2.2_650/lpcxpresso/tools/bin/../lib/gcc/arm-none-eabi/5.4.1/../../../../arm-none-eabi/lib/armv7-m\libcr_c.a(_frexpl.o)
 .ARM.attributes
                0x0000092a       0x33 c:/nxp/lpcxpresso_8.2.2_650/lpcxpresso/tools/bin/../lib/gcc/arm-none-eabi/5.4.1/../../../../arm-none-eabi/lib/armv7-m\libcr_c.a(_hugeval.o)
 .ARM.attributes
                0x0000095d       0x33 c:/nxp/lpcxpresso_8.2.2_650/lpcxpresso/tools/bin/../lib/gcc/arm-none-eabi/5.4.1/../../../../arm-none-eabi/lib/armv7-m\libcr_c.a(_ldexpl.o)
 .ARM.attributes
                0x00000990       0x33 c:/nxp/lpcxpresso_8.2.2_650/lpcxpresso/tools/bin/../lib/gcc/arm-none-eabi/5.4.1/../../../../arm-none-eabi/lib/armv7-m\libcr_c.a(_writebuf.o)
 .ARM.attributes
                0x000009c3       0x33 c:/nxp/lpcxpresso_8.2.2_650/lpcxpresso/tools/bin/../lib/gcc/arm-none-eabi/5.4.1/../../../../arm-none-eabi/lib/armv7-m\libcr_c.a(errno.o)
 .ARM.attributes
                0x000009f6       0x33 c:/nxp/lpcxpresso_8.2.2_650/lpcxpresso/tools/bin/../lib/gcc/arm-none-eabi/5.4.1/../../../../arm-none-eabi/lib/armv7-m\libcr_c.a(_cr_check_heap.o)
 .ARM.attributes
                0x00000a29       0x33 c:/nxp/lpcxpresso_8.2.2_650/lpcxpresso/tools/bin/../lib/gcc/arm-none-eabi/5.4.1/armv7-m\libcr_eabihelpers.a(double.o)
 .ARM.attributes
                0x00000a5c       0x33 c:/nxp/lpcxpresso_8.2.2_650/lpcxpresso/tools/bin/../lib/gcc/arm-none-eabi/5.4.1/armv7-m\libcr_eabihelpers.a(float.o)
 .ARM.attributes
                0x00000a8f       0x21 c:/nxp/lpcxpresso_8.2.2_650/lpcxpresso/tools/bin/../lib/gcc/arm-none-eabi/5.4.1/armv7-m\libcr_eabihelpers.a(memcpy.o)
 .ARM.attributes
                0x00000ab0       0x21 c:/nxp/lpcxpresso_8.2.2_650/lpcxpresso/tools/bin/../lib/gcc/arm-none-eabi/5.4.1/../../../../arm-none-eabi/lib/armv7-m\libcr_semihost.a(__sys_appexit.o)
 .ARM.attributes
                0x00000ad1       0x21 c:/nxp/lpcxpresso_8.2.2_650/lpcxpresso/tools/bin/../lib/gcc/arm-none-eabi/5.4.1/../../../../arm-none-eabi/lib/armv7-m\libcr_semihost.a(__sys_close.o)
 .ARM.attributes
                0x00000af2       0x21 c:/nxp/lpcxpresso_8.2.2_650/lpcxpresso/tools/bin/../lib/gcc/arm-none-eabi/5.4.1/../../../../arm-none-eabi/lib/armv7-m\libcr_semihost.a(__sys_flen.o)
 .ARM.attributes
                0x00000b13       0x21 c:/nxp/lpcxpresso_8.2.2_650/lpcxpresso/tools/bin/../lib/gcc/arm-none-eabi/5.4.1/../../../../arm-none-eabi/lib/armv7-m\libcr_semihost.a(__sys_istty.o)
 .ARM.attributes
                0x00000b34       0x21 c:/nxp/lpcxpresso_8.2.2_650/lpcxpresso/tools/bin/../lib/gcc/arm-none-eabi/5.4.1/../../../../arm-none-eabi/lib/armv7-m\libcr_semihost.a(__sys_remove.o)
 .ARM.attributes
                0x00000b55       0x21 c:/nxp/lpcxpresso_8.2.2_650/lpcxpresso/tools/bin/../lib/gcc/arm-none-eabi/5.4.1/../../../../arm-none-eabi/lib/armv7-m\libcr_semihost.a(__sys_seek.o)
 .ARM.attributes
                0x00000b76       0x21 c:/nxp/lpcxpresso_8.2.2_650/lpcxpresso/tools/bin/../lib/gcc/arm-none-eabi/5.4.1/../../../../arm-none-eabi/lib/armv7-m\libcr_semihost.a(__sys_tmpnam.o)
 .ARM.attributes
                0x00000b97       0x21 c:/nxp/lpcxpresso_8.2.2_650/lpcxpresso/tools/bin/../lib/gcc/arm-none-eabi/5.4.1/../../../../arm-none-eabi/lib/armv7-m\libcr_semihost.a(__sys_write.o)

.debug_frame    0x00000000     0x15e0
 .debug_frame   0x00000000      0x128 ./src/cr_startup_lpc17.o
 .debug_frame   0x00000128       0xcc ./src/gpio.o
 .debug_frame   0x000001f4       0x88 ./src/labyrinth.o
 .debug_frame   0x0000027c       0x90 ./src/tools.o
 .debug_frame   0x0000030c       0x34 ./src/trace_mgt.o
 .debug_frame   0x00000340       0xd8 ./FreeRTOS_src/list.o
 .debug_frame   0x00000418      0x4b4 ./FreeRTOS_src/tasks.o
 .debug_frame   0x000008cc       0x98 ./FreeRTOS_portable/MemMang/heap_2.o
 .debug_frame   0x00000964      0x148 ./FreeRTOS_portable/port.o
 .debug_frame   0x00000aac       0xa0 C:\Users\vince\Documents\LPCXpresso_5.2.6_2137\w_exercices\TP1_labyrinth\Debug\libMylab_lib.a(accelerometer.o)
 .debug_frame   0x00000b4c       0x5c C:\Users\vince\Documents\LPCXpresso_5.2.6_2137\w_exercices\TP1_labyrinth\Debug\libMylab_lib.a(custom_rand.o)
 .debug_frame   0x00000ba8       0xc8 C:\Users\vince\Documents\LPCXpresso_5.2.6_2137\w_exercices\TP1_labyrinth\Debug\libMylab_lib.a(ethernet_mgt.o)
 .debug_frame   0x00000c70      0x18c C:\Users\vince\Documents\LPCXpresso_5.2.6_2137\w_exercices\TP1_labyrinth\Debug\libMylab_lib.a(ethmac.o)
 .debug_frame   0x00000dfc      0x490 C:\Users\vince\Documents\LPCXpresso_5.2.6_2137\w_exercices\TP1_labyrinth\Debug\libMylab_lib.a(lcd.o)
 .debug_frame   0x0000128c       0x88 C:\Users\vince\Documents\LPCXpresso_5.2.6_2137\w_exercices\TP1_labyrinth\Debug\libMylab_lib.a(ssp.o)
 .debug_frame   0x00001314      0x11c C:\Users\vince\Documents\LPCXpresso_5.2.6_2137\w_exercices\TP1_labyrinth\Debug\libMylab_lib.a(traces.o)
 .debug_frame   0x00001430       0x7c C:\Users\vince\Documents\LPCXpresso_5.2.6_2137\w_exercices\TP1_labyrinth\Debug\libMylab_lib.a(uart.o)
 .debug_frame   0x000014ac       0xf8 C:\Users\vince\Documents\LPCXpresso_5.2.6_2137\w_exercices\TP1_labyrinth\Debug\libMylab_lib.a(I2C.o)
 .debug_frame   0x000015a4       0x3c C:\Users\vince\Documents\LPCXpresso_5.2.6_2137\w_exercices\CMSISv2p00_LPC17xx\Debug\libCMSISv2p00_LPC17xx.a(system_LPC17xx.o)