Archive member included because of file (symbol)

/home/jeanetie.delucing/Documents/workspace/TP1_labyrinth_slave_etu/Debug/libMyLab_lib.a(accelerometer.o)
                              ./src/labyrinth_slave.o (accel_init)
/home/jeanetie.delucing/Documents/workspace/TP1_labyrinth_slave_etu/Debug/libMyLab_lib.a(lcd.o)
                              ./src/labyrinth_slave.o (init_lcd)
/home/jeanetie.delucing/Documents/workspace/TP1_labyrinth_slave_etu/Debug/libMyLab_lib.a(ssp.o)
                              /home/jeanetie.delucing/Documents/workspace/TP1_labyrinth_slave_etu/Debug/libMyLab_lib.a(lcd.o) (ssp_init_custom)
/home/jeanetie.delucing/Documents/workspace/TP1_labyrinth_slave_etu/Debug/libMyLab_lib.a(I2C.o)
                              /home/jeanetie.delucing/Documents/workspace/TP1_labyrinth_slave_etu/Debug/libMyLab_lib.a(accelerometer.o) (init_i2c)
/home/jeanetie.delucing/Documents/workspace/TP1_labyrinth_slave_etu/Debug/libMyLab_lib.a(fonts.o)
                              /home/jeanetie.delucing/Documents/workspace/TP1_labyrinth_slave_etu/Debug/libMyLab_lib.a(lcd.o) (SmallFont)
/home/jeanetie.delucing/Documents/workspace/CMSISv2p00_LPC17xx/Debug/libCMSISv2p00_LPC17xx.a(system_LPC17xx.o)
                              ./src/cr_startup_lpc175x_6x.o (SystemInit)
/usr/local/lpcxpresso_8.0.0_526/lpcxpresso/tools/bin/../lib/gcc/arm-none-eabi/4.9.3/../../../../arm-none-eabi/lib/armv7-m/libcr_semihost.a(_cr__main.o)
                              ./src/cr_startup_lpc175x_6x.o (__main)
/usr/local/lpcxpresso_8.0.0_526/lpcxpresso/tools/bin/../lib/gcc/arm-none-eabi/4.9.3/../../../../arm-none-eabi/lib/armv7-m/libcr_c.a(alloc.o)
                              /home/jeanetie.delucing/Documents/workspace/TP1_labyrinth_slave_etu/Debug/libMyLab_lib.a(lcd.o) (malloc)
/usr/local/lpcxpresso_8.0.0_526/lpcxpresso/tools/bin/../lib/gcc/arm-none-eabi/4.9.3/../../../../arm-none-eabi/lib/armv7-m/libcr_c.a(ceil.o)
                              ./src/tools.o (ceil)
/usr/local/lpcxpresso_8.0.0_526/lpcxpresso/tools/bin/../lib/gcc/arm-none-eabi/4.9.3/../../../../arm-none-eabi/lib/armv7-m/libcr_c.a(fclose.o)
                              /home/jeanetie.delucing/Documents/workspace/TP1_labyrinth_slave_etu/Debug/libMyLab_lib.a(lcd.o) (fclose)
/usr/local/lpcxpresso_8.0.0_526/lpcxpresso/tools/bin/../lib/gcc/arm-none-eabi/4.9.3/../../../../arm-none-eabi/lib/armv7-m/libcr_c.a(fflush.o)
                              /usr/local/lpcxpresso_8.0.0_526/lpcxpresso/tools/bin/../lib/gcc/arm-none-eabi/4.9.3/../../../../arm-none-eabi/lib/armv7-m/libcr_c.a(fclose.o) (fflush)
/usr/local/lpcxpresso_8.0.0_526/lpcxpresso/tools/bin/../lib/gcc/arm-none-eabi/4.9.3/../../../../arm-none-eabi/lib/armv7-m/libcr_c.a(floor.o)
                              ./src/tools.o (floor)
/usr/local/lpcxpresso_8.0.0_526/lpcxpresso/tools/bin/../lib/gcc/arm-none-eabi/4.9.3/../../../../arm-none-eabi/lib/armv7-m/libcr_c.a(fopen.o)
                              /home/jeanetie.delucing/Documents/workspace/TP1_labyrinth_slave_etu/Debug/libMyLab_lib.a(lcd.o) (fopen)
/usr/local/lpcxpresso_8.0.0_526/lpcxpresso/tools/bin/../lib/gcc/arm-none-eabi/4.9.3/../../../../arm-none-eabi/lib/armv7-m/libcr_c.a(fpprintf.o)
                              /home/jeanetie.delucing/Documents/workspace/TP1_labyrinth_slave_etu/Debug/libMyLab_lib.a(lcd.o) (vsprintf)
/usr/local/lpcxpresso_8.0.0_526/lpcxpresso/tools/bin/../lib/gcc/arm-none-eabi/4.9.3/../../../../arm-none-eabi/lib/armv7-m/libcr_c.a(fread.o)
                              /home/jeanetie.delucing/Documents/workspace/TP1_labyrinth_slave_etu/Debug/libMyLab_lib.a(lcd.o) (fread)
/usr/local/lpcxpresso_8.0.0_526/lpcxpresso/tools/bin/../lib/gcc/arm-none-eabi/4.9.3/../../../../arm-none-eabi/lib/armv7-m/libcr_c.a(freopen.o)
                              /usr/local/lpcxpresso_8.0.0_526/lpcxpresso/tools/bin/../lib/gcc/arm-none-eabi/4.9.3/../../../../arm-none-eabi/lib/armv7-m/libcr_c.a(fopen.o) (freopen)
/usr/local/lpcxpresso_8.0.0_526/lpcxpresso/tools/bin/../lib/gcc/arm-none-eabi/4.9.3/../../../../arm-none-eabi/lib/armv7-m/libcr_c.a(fseek.o)
                              /home/jeanetie.delucing/Documents/workspace/TP1_labyrinth_slave_etu/Debug/libMyLab_lib.a(lcd.o) (fseek)
/usr/local/lpcxpresso_8.0.0_526/lpcxpresso/tools/bin/../lib/gcc/arm-none-eabi/4.9.3/../../../../arm-none-eabi/lib/armv7-m/libcr_c.a(ftell.o)
                              /usr/local/lpcxpresso_8.0.0_526/lpcxpresso/tools/bin/../lib/gcc/arm-none-eabi/4.9.3/../../../../arm-none-eabi/lib/armv7-m/libcr_c.a(fseek.o) (ftell)
/usr/local/lpcxpresso_8.0.0_526/lpcxpresso/tools/bin/../lib/gcc/arm-none-eabi/4.9.3/../../../../arm-none-eabi/lib/armv7-m/libcr_c.a(initio.o)
                              /usr/local/lpcxpresso_8.0.0_526/lpcxpresso/tools/bin/../lib/gcc/arm-none-eabi/4.9.3/../../../../arm-none-eabi/lib/armv7-m/libcr_semihost.a(_cr__main.o) (_initio)
/usr/local/lpcxpresso_8.0.0_526/lpcxpresso/tools/bin/../lib/gcc/arm-none-eabi/4.9.3/../../../../arm-none-eabi/lib/armv7-m/libcr_c.a(printf.o)
[...]
Memory Configuration

Name             Origin             Length             Attributes
MFlash512        0x00000000         0x00080000         xr
RamLoc32         0x10000000         0x00008000         xrw
RamAHB32         0x2007c000         0x00008000         xrw
*default*        0x00000000         0xffffffff

Linker script and memory map

LOAD ./src/cr_startup_lpc175x_6x.o
LOAD ./src/crp.o
LOAD ./src/labyrinth_slave.o
LOAD ./src/tools.o
LOAD /home/jeanetie.delucing/Documents/workspace/TP1_labyrinth_slave_etu/Debug/libMyLab_lib.a
LOAD /home/jeanetie.delucing/Documents/workspace/CMSISv2p00_LPC17xx/Debug/libCMSISv2p00_LPC17xx.a
START GROUP
LOAD /usr/local/lpcxpresso_8.0.0_526/lpcxpresso/tools/bin/../lib/gcc/arm-none-eabi/4.9.3/../../../../arm-none-eabi/lib/armv7-m/libcr_semihost.a
LOAD /usr/local/lpcxpresso_8.0.0_526/lpcxpresso/tools/bin/../lib/gcc/arm-none-eabi/4.9.3/../../../../arm-none-eabi/lib/armv7-m/libcr_c.a
LOAD /usr/local/lpcxpresso_8.0.0_526/lpcxpresso/tools/bin/../lib/gcc/arm-none-eabi/4.9.3/armv7-m/libcr_eabihelpers.a
END GROUP
                0x00000000                __base_MFlash512 = 0x0
                0x00000000                __base_Flash = 0x0
                0x00080000                __top_MFlash512 = 0x80000
                0x00080000                __top_Flash = 0x80000
                0x10000000                __base_RamLoc32 = 0x10000000
                0x10000000                __base_RAM = 0x10000000
                0x10008000                __top_RamLoc32 = 0x10008000
                0x10008000                __top_RAM = 0x10008000
                0x2007c000                __base_RamAHB32 = 0x2007c000
                0x2007c000                __base_RAM2 = 0x2007c000
                0x20084000                __top_RamAHB32 = 0x20084000
                0x20084000                __top_RAM2 = 0x20084000

.text           0x00000000     0x4ce0
 FILL mask 0xff
                0x00000000                __vectors_start__ = ABSOLUTE (.)
 *(.isr_vector)
 .isr_vector    0x00000000       0xcc ./src/cr_startup_lpc175x_6x.o
                0x00000000                g_pfnVectors
                0x000000cc                . = ALIGN (0x4)
                0x000000cc                __section_table_start = .
                0x000000cc                __data_section_table = .
                0x000000cc        0x4 LONG 0x4ce0 LOADADDR (.data)
                0x000000d0        0x4 LONG 0x10000000 ADDR (.data)
                0x000000d4        0x4 LONG 0x12c SIZEOF (.data)
                0x000000d8        0x4 LONG 0x4ce0 LOADADDR (.data_RAM2)
                0x000000dc        0x4 LONG 0x2007c000 ADDR (.data_RAM2)
                0x000000e0        0x4 LONG 0x0 SIZEOF (.data_RAM2)
                0x000000e4                __data_section_table_end = .
                0x000000e4                __bss_section_table = .
                0x000000e4        0x4 LONG 0x1000012c ADDR (.bss)
                0x000000e8        0x4 LONG 0x1dc SIZEOF (.bss)
                0x000000ec        0x4 LONG 0x2007c000 ADDR (.bss_RAM2)
                0x000000f0        0x4 LONG 0x0 SIZEOF (.bss_RAM2)
                0x000000f4                __bss_section_table_end = .
                0x000000f4                __section_table_end = .
 *(.after_vectors*)
 .after_vectors
                0x000000f4      0x144 ./src/cr_startup_lpc175x_6x.o
                0x000000f4                data_init
                0x00000138                bss_init
                0x00000170                ResetISR
                0x000001e8                NMI_Handler
                0x000001f0                HardFault_Handler
                0x000001f8                MemManage_Handler
                0x00000200                BusFault_Handler
                0x00000208                UsageFault_Handler
                0x00000210                SVC_Handler
                0x00000218                DebugMon_Handler
                0x00000220                PendSV_Handler
                0x00000228                SysTick_Handler
                0x00000230                TIMER2_IRQHandler
                0x00000230                RIT_IRQHandler
                0x00000230                I2C0_IRQHandler
                0x00000230                USBActivity_IRQHandler
                0x00000230                PWM1_IRQHandler
                0x00000230                I2C1_IRQHandler
                0x00000230                EINT2_IRQHandler
                0x00000230                UART1_IRQHandler
                0x00000230                EINT3_IRQHandler
                0x00000230                CANActivity_IRQHandler
                0x00000230                TIMER3_IRQHandler
                0x00000230                UART0_IRQHandler
                0x00000230                IntDefaultHandler
                0x00000230                PLL0_IRQHandler
                0x00000230                CAN_IRQHandler
                0x00000230                PLL1_IRQHandler
                0x00000230                SSP0_IRQHandler
                0x00000230                I2S_IRQHandler
                0x00000230                I2C2_IRQHandler
                0x00000230                RTC_IRQHandler
                0x00000230                TIMER0_IRQHandler
                0x00000230                SPI_IRQHandler
                0x00000230                EINT1_IRQHandler
                0x00000230                TIMER1_IRQHandler
                0x00000230                UART2_IRQHandler
                0x00000230                ADC_IRQHandler
                0x00000230                SSP1_IRQHandler
                0x00000230                USB_IRQHandler
                0x00000230                BOD_IRQHandler
                0x00000230                WDT_IRQHandler
                0x00000230                QEI_IRQHandler
                0x00000230                EINT0_IRQHandler
                0x00000230                DMA_IRQHandler
                0x00000230                UART3_IRQHandler
                0x00000230                MCPWM_IRQHandler
                0x00000230                ENET_IRQHandler
                0x000002fc                . = 0x2fc
 *fill*         0x00000238       0xc4 ff
                0x000002fc                PROVIDE (__CRP_WORD_START__, .)
 *(.crp)
 .crp           0x000002fc        0x4 ./src/crp.o
                0x000002fc                CRP_WORD
                0x00000300                PROVIDE (__CRP_WORD_END__, .)
                0x00000001                ASSERT (! ((__CRP_WORD_START__ == __CRP_WORD_END__)), Linker CRP Enabled, but no CRP_WORD provided within application)
 *(.text*)
 .text.init_struct_ball
                0x00000300       0x64 ./src/labyrinth_slave.o
                0x00000300                init_struct_ball
 .text.main     0x00000364      0x23c ./src/labyrinth_slave.o
                0x00000364                main
 .text.round    0x000005a0       0x78 ./src/tools.o
                0x000005a0                round
 .text.draw_labyrinth
                0x00000618      0x150 ./src/tools.o
                0x00000618                draw_labyrinth
 .text.test_collision
                0x00000768      0x450 ./src/tools.o
                0x00000768                test_collision
 .text.accel_write_byte
                0x00000bb8       0x44 /home/jeanetie.delucing/Documents/workspace/TP1_labyrinth_slave_etu/Debug/libMyLab_lib.a(accelerometer.o)
                0x00000bb8                accel_write_byte
 .text.accel_read_byte
                0x00000bfc       0x54 /home/jeanetie.delucing/Documents/workspace/TP1_labyrinth_slave_etu/Debug/libMyLab_lib.a(accelerometer.o)
                0x00000bfc                accel_read_byte
 .text.accel_init
                0x00000c50       0xb8 /home/jeanetie.delucing/Documents/workspace/TP1_labyrinth_slave_etu/Debug/libMyLab_lib.a(accelerometer.o)
                0x00000c50                accel_init
 .text.accel_read
                0x00000d08       0xcc /home/jeanetie.delucing/Documents/workspace/TP1_labyrinth_slave_etu/Debug/libMyLab_lib.a(accelerometer.o)
                0x00000d08                accel_read
 .text.LCD_RS_ENA
                0x00000dd4       0x38 /home/jeanetie.delucing/Documents/workspace/TP1_labyrinth_slave_etu/Debug/libMyLab_lib.a(lcd.o)
 .text.LCD_RS_DIS
                0x00000e0c       0x38 /home/jeanetie.delucing/Documents/workspace/TP1_labyrinth_slave_etu/Debug/libMyLab_lib.a(lcd.o)
 .text.Write_Cmd_Data
                0x00000e44       0x28 /home/jeanetie.delucing/Documents/workspace/TP1_labyrinth_slave_etu/Debug/libMyLab_lib.a(lcd.o)
                0x00000e44                Write_Cmd_Data
 .text.Write_Cmd
                0x00000e6c       0x28 /home/jeanetie.delucing/Documents/workspace/TP1_labyrinth_slave_etu/Debug/libMyLab_lib.a(lcd.o)
                0x00000e6c                Write_Cmd
 .text.Write_Data
                0x00000e94       0x30 /home/jeanetie.delucing/Documents/workspace/TP1_labyrinth_slave_etu/Debug/libMyLab_lib.a(lcd.o)
                0x00000e94                Write_Data
 .text.Write_Data_U16
                0x00000ec4       0x28 /home/jeanetie.delucing/Documents/workspace/TP1_labyrinth_slave_etu/Debug/libMyLab_lib.a(lcd.o)
                0x00000ec4                Write_Data_U16
 .text.Delay    0x00000eec       0x30 /home/jeanetie.delucing/Documents/workspace/TP1_labyrinth_slave_etu/Debug/libMyLab_lib.a(lcd.o)
                0x00000eec                Delay
 .text.ILI9341_Initial
                0x00000f1c      0x220 /home/jeanetie.delucing/Documents/workspace/TP1_labyrinth_slave_etu/Debug/libMyLab_lib.a(lcd.o)
                0x00000f1c                ILI9341_Initial
 .text.init_lcd
                0x0000113c       0x54 /home/jeanetie.delucing/Documents/workspace/TP1_labyrinth_slave_etu/Debug/libMyLab_lib.a(lcd.o)
                0x0000113c                init_lcd
 .text.LCD_SetPos
                0x00001190       0xb8 /home/jeanetie.delucing/Documents/workspace/TP1_labyrinth_slave_etu/Debug/libMyLab_lib.a(lcd.o)
                0x00001190                LCD_SetPos
 .text.LCD_SetPosR
                0x00001248       0x90 /home/jeanetie.delucing/Documents/workspace/TP1_labyrinth_slave_etu/Debug/libMyLab_lib.a(lcd.o)
                0x00001248                LCD_SetPosR
 .text.read_pixels
                0x000012d8       0xf8 /home/jeanetie.delucing/Documents/workspace/TP1_labyrinth_slave_etu/Debug/libMyLab_lib.a(lcd.o)
                0x000012d8                read_pixels
 .text.clear_screen
                0x000013d0       0x4c /home/jeanetie.delucing/Documents/workspace/TP1_labyrinth_slave_etu/Debug/libMyLab_lib.a(lcd.o)
                0x000013d0                clear_screen
 .text.lcd_set_fenetre_pixel
                0x0000141c       0x24 /home/jeanetie.delucing/Documents/workspace/TP1_labyrinth_slave_etu/Debug/libMyLab_lib.a(lcd.o)
                0x0000141c                lcd_set_fenetre_pixel
 .text.lcd_circle
                0x00001440      0x1ac /home/jeanetie.delucing/Documents/workspace/TP1_labyrinth_slave_etu/Debug/libMyLab_lib.a(lcd.o)
                0x00001440                lcd_circle
 .text.lcd_filled_rectangle
                0x000015ec       0xa4 /home/jeanetie.delucing/Documents/workspace/TP1_labyrinth_slave_etu/Debug/libMyLab_lib.a(lcd.o)
                0x000015ec                lcd_filled_rectangle
 .text.ssp_init_custom
                0x00001690       0x84 /home/jeanetie.delucing/Documents/workspace/TP1_labyrinth_slave_etu/Debug/libMyLab_lib.a(ssp.o)
                0x00001690                ssp_init_custom
 .text.ssp_send_buf
                0x00001714       0x48 /home/jeanetie.delucing/Documents/workspace/TP1_labyrinth_slave_etu/Debug/libMyLab_lib.a(ssp.o)
                0x00001714                ssp_send_buf
 .text.ssp_receive_buf
                0x0000175c       0x70 /home/jeanetie.delucing/Documents/workspace/TP1_labyrinth_slave_etu/Debug/libMyLab_lib.a(ssp.o)
                0x0000175c                ssp_receive_buf
 .text.init_i2c
                0x000017cc      0x180 /home/jeanetie.delucing/Documents/workspace/TP1_labyrinth_slave_etu/Debug/libMyLab_lib.a(I2C.o)
                0x000017cc                init_i2c
 .text.wait_SI  0x0000194c       0x44 /home/jeanetie.delucing/Documents/workspace/TP1_labyrinth_slave_etu/Debug/libMyLab_lib.a(I2C.o)
                0x0000194c                wait_SI
 .text.I2C_master_write
                0x00001990       0xec /home/jeanetie.delucing/Documents/workspace/TP1_labyrinth_slave_etu/Debug/libMyLab_lib.a(I2C.o)
                0x00001990                I2C_master_write
 .text.I2C_master_read
                0x00001a7c      0x120 /home/jeanetie.delucing/Documents/workspace/TP1_labyrinth_slave_etu/Debug/libMyLab_lib.a(I2C.o)
                0x00001a7c                I2C_master_read
 .text.SystemInit
                0x00001b9c       0xe0 /home/jeanetie.delucing/Documents/workspace/CMSISv2p00_LPC17xx/Debug/libCMSISv2p00_LPC17xx.a(system_LPC17xx.o)
                0x00001b9c                SystemInit
 .text.__main   0x00001c7c       0x14 /usr/local/lpcxpresso_8.0.0_526/lpcxpresso/tools/bin/../lib/gcc/arm-none-eabi/4.9.3/../../../../arm-none-eabi/lib/armv7-m/libcr_semihost.a(_cr__main.o)
                0x00001c7c                __main
                0x00001c7c                __CR_SEMIHOST
 .text.malloc   0x00001c90       0xcc /usr/local/lpcxpresso_8.0.0_526/lpcxpresso/tools/bin/../lib/gcc/arm-none-eabi/4.9.3/../../../../arm-none-eabi/lib/armv7-m/libcr_c.a(alloc.o)
                0x00001c90                malloc
 .text.free     0x00001d5c       0x30 /usr/local/lpcxpresso_8.0.0_526/lpcxpresso/tools/bin/../lib/gcc/arm-none-eabi/4.9.3/../../../../arm-none-eabi/lib/armv7-m/libcr_c.a(alloc.o)
                0x00001d5c                free
 .text._Csys_alloc
                0x00001d8c       0x20 /usr/local/lpcxpresso_8.0.0_526/lpcxpresso/tools/bin/../lib/gcc/arm-none-eabi/4.9.3/../../../../arm-none-eabi/lib/armv7-m/libcr_c.a(alloc.o)
                0x00001d8c                _Csys_alloc
 .text.ceil     0x00001dac       0x90 /usr/local/lpcxpresso_8.0.0_526/lpcxpresso/tools/bin/../lib/gcc/arm-none-eabi/4.9.3/../../../../arm-none-eabi/lib/armv7-m/libcr_c.a(ceil.o)
                0x00001dac                ceil
 .text.fclose   0x00001e3c       0x6c /usr/local/lpcxpresso_8.0.0_526/lpcxpresso/tools/bin/../lib/gcc/arm-none-eabi/4.9.3/../../../../arm-none-eabi/lib/armv7-m/libcr_c.a(fclose.o)
                0x00001e3c                fclose
 .text.fflush   0x00001ea8       0x30 /usr/local/lpcxpresso_8.0.0_526/lpcxpresso/tools/bin/../lib/gcc/arm-none-eabi/4.9.3/../../../../arm-none-eabi/lib/armv7-m/libcr_c.a(fflush.o)
                0x00001ea8                fflush
 .text.floor    0x00001ed8       0x98 /usr/local/lpcxpresso_8.0.0_526/lpcxpresso/tools/bin/../lib/gcc/arm-none-eabi/4.9.3/../../../../arm-none-eabi/lib/armv7-m/libcr_c.a(floor.o)
                0x00001ed8                floor
 .text.fp_round
                0x00001f70       0x4a /usr/local/lpcxpresso_8.0.0_526/lpcxpresso/tools/bin/../lib/gcc/arm-none-eabi/4.9.3/../../../../arm-none-eabi/lib/armv7-m/libcr_c.a(fpprintf.o)
 .text.pr_dec.constprop.1
                0x00001fba       0x26 /usr/local/lpcxpresso_8.0.0_526/lpcxpresso/tools/bin/../lib/gcc/arm-none-eabi/4.9.3/../../../../arm-none-eabi/lib/armv7-m/libcr_c.a(fpprintf.o)
 .text.sprintf  0x00001fe0       0x6c /usr/local/lpcxpresso_8.0.0_526/lpcxpresso/tools/bin/../lib/gcc/arm-none-eabi/4.9.3/../../../../arm-none-eabi/lib/armv7-m/libcr_c.a(fpprintf.o)
                0x00001fe0                sprintf
 *fill*         0x0000204c        0x4 
 .text.fp_display
                0x00002050      0x900 /usr/local/lpcxpresso_8.0.0_526/lpcxpresso/tools/bin/../lib/gcc/arm-none-eabi/4.9.3/../../../../arm-none-eabi/lib/armv7-m/libcr_c.a(fpprintf.o)
 .text.vsnprintf
                0x00002950       0x5c /usr/local/lpcxpresso_8.0.0_526/lpcxpresso/tools/bin/../lib/gcc/arm-none-eabi/4.9.3/../../../../arm-none-eabi/lib/armv7-m/libcr_c.a(fpprintf.o)
                0x00002950                vsnprintf
 .text.printf   0x000029ac       0x54 /usr/local/lpcxpresso_8.0.0_526/lpcxpresso/tools/bin/../lib/gcc/arm-none-eabi/4.9.3/../../../../arm-none-eabi/lib/armv7-m/libcr_c.a(fpprintf.o)
                0x000029ac                printf
 .text.fseek    0x00002a00      0x110 /usr/local/lpcxpresso_8.0.0_526/lpcxpresso/tools/bin/../lib/gcc/arm-none-eabi/4.9.3/../../../../arm-none-eabi/lib/armv7-m/libcr_c.a(fseek.o)
                0x00002a00                fseek
 .text.ftell    0x00002b10       0x4c /usr/local/lpcxpresso_8.0.0_526/lpcxpresso/tools/bin/../lib/gcc/arm-none-eabi/4.9.3/../../../../arm-none-eabi/lib/armv7-m/libcr_c.a(ftell.o)
                0x00002b10                ftell
 .text._initio  0x00002b5c       0xa4 /usr/local/lpcxpresso_8.0.0_526/lpcxpresso/tools/bin/../lib/gcc/arm-none-eabi/4.9.3/../../../../arm-none-eabi/lib/armv7-m/libcr_c.a(initio.o)
                0x00002b5c                _initio
 .text._terminateio
                0x00002c00       0x44 /usr/local/lpcxpresso_8.0.0_526/lpcxpresso/tools/bin/../lib/gcc/arm-none-eabi/4.9.3/../../../../arm-none-eabi/lib/armv7-m/libcr_c.a(initio.o)
                0x00002c00                _terminateio
 .text.__vfprintf
                0x00002c44      0xcc0 /usr/local/lpcxpresso_8.0.0_526/lpcxpresso/tools/bin/../lib/gcc/arm-none-eabi/4.9.3/../../../../arm-none-eabi/lib/armv7-m/libcr_c.a(printf.o)
                0x00002c44                __vfprintf
 .text.remove   0x00003904       0x14 /usr/local/lpcxpresso_8.0.0_526/lpcxpresso/tools/bin/../lib/gcc/arm-none-eabi/4.9.3/../../../../arm-none-eabi/lib/armv7-m/libcr_c.a(remove.o)
                0x00003904                remove
 .text.setvbuf  0x00003918       0x40 /usr/local/lpcxpresso_8.0.0_526/lpcxpresso/tools/bin/../lib/gcc/arm-none-eabi/4.9.3/../../../../arm-none-eabi/lib/armv7-m/libcr_c.a(setvbuf.o)
                0x00003918                setvbuf
 .text.exit     0x00003958       0x2c /usr/local/lpcxpresso_8.0.0_526/lpcxpresso/tools/bin/../lib/gcc/arm-none-eabi/4.9.3/../../../../arm-none-eabi/lib/armv7-m/libcr_c.a(stdlib.o)
                0x00003958                exit
 .text.strlen   0x00003984       0x4a /usr/local/lpcxpresso_8.0.0_526/lpcxpresso/tools/bin/../lib/gcc/arm-none-eabi/4.9.3/../../../../arm-none-eabi/lib/armv7-m/libcr_c.a(strlen.o)
                0x00003984                strlen
 .text.memset   0x000039ce        0x4 /usr/local/lpcxpresso_8.0.0_526/lpcxpresso/tools/bin/../lib/gcc/arm-none-eabi/4.9.3/../../../../arm-none-eabi/lib/armv7-m/libcr_c.a(memset.o)
                0x000039ce                memset
 *fill*         0x000039d2        0x2 
 .text._sbrk    0x000039d4       0x40 /usr/local/lpcxpresso_8.0.0_526/lpcxpresso/tools/bin/../lib/gcc/arm-none-eabi/4.9.3/../../../../arm-none-eabi/lib/armv7-m/libcr_c.a(_cr_sbrk.o)
                0x000039d4                _sbrk
 .text._deferredlazyseek
                0x00003a14       0x44 /usr/local/lpcxpresso_8.0.0_526/lpcxpresso/tools/bin/../lib/gcc/arm-none-eabi/4.9.3/../../../../arm-none-eabi/lib/armv7-m/libcr_c.a(_deferredlazyseek.o)
                0x00003a14                _deferredlazyseek
 .text.__flsbuf
                0x00003a58      0x142 /usr/local/lpcxpresso_8.0.0_526/lpcxpresso/tools/bin/../lib/gcc/arm-none-eabi/4.9.3/../../../../arm-none-eabi/lib/armv7-m/libcr_c.a(_deferredlazyseek.o)
                0x00003a58                __flsbuf
 .text._do_fflush
                0x00003b9a       0x44 /usr/local/lpcxpresso_8.0.0_526/lpcxpresso/tools/bin/../lib/gcc/arm-none-eabi/4.9.3/../../../../arm-none-eabi/lib/armv7-m/libcr_c.a(_do_fflush.o)
                0x00003b9a                _do_fflush
 .text._fdopen  0x00003bde       0x6a /usr/local/lpcxpresso_8.0.0_526/lpcxpresso/tools/bin/../lib/gcc/arm-none-eabi/4.9.3/../../../../arm-none-eabi/lib/armv7-m/libcr_c.a(_fdopen.o)
                0x00003bde                _fdopen
 .text._fflush  0x00003c48       0x58 /usr/local/lpcxpresso_8.0.0_526/lpcxpresso/tools/bin/../lib/gcc/arm-none-eabi/4.9.3/../../../../arm-none-eabi/lib/armv7-m/libcr_c.a(_fflush.o)
                0x00003c48                _fflush
 .text._frexpl  0x00003ca0       0x5a /usr/local/lpcxpresso_8.0.0_526/lpcxpresso/tools/bin/../lib/gcc/arm-none-eabi/4.9.3/../../../../arm-none-eabi/lib/armv7-m/libcr_c.a(_frexpl.o)
                0x00003ca0                _frexpl
 *fill*         0x00003cfa        0x2 
 .text._ldexpl  0x00003cfc       0x4c /usr/local/lpcxpresso_8.0.0_526/lpcxpresso/tools/bin/../lib/gcc/arm-none-eabi/4.9.3/../../../../arm-none-eabi/lib/armv7-m/libcr_c.a(_ldexpl.o)
                0x00003cfc                _ldexpl
 .text._Cwritebuf
                0x00003d48       0x68 /usr/local/lpcxpresso_8.0.0_526/lpcxpresso/tools/bin/../lib/gcc/arm-none-eabi/4.9.3/../../../../arm-none-eabi/lib/armv7-m/libcr_c.a(_writebuf.o)
                0x00003d48                _Cwritebuf
 .text.__check_heap_overflow
                0x00003db0       0x18 /usr/local/lpcxpresso_8.0.0_526/lpcxpresso/tools/bin/../lib/gcc/arm-none-eabi/4.9.3/../../../../arm-none-eabi/lib/armv7-m/libcr_c.a(_cr_check_heap.o)
                0x00003db0                __check_heap_overflow
 .text.__aeabi_dmul
                0x00003dc8      0x120 /usr/local/lpcxpresso_8.0.0_526/lpcxpresso/tools/bin/../lib/gcc/arm-none-eabi/4.9.3/armv7-m/libcr_eabihelpers.a(double.o)
                0x00003dc8                __aeabi_dmul
 .text.__aeabi_ddiv
                0x00003ee8      0x150 /usr/local/lpcxpresso_8.0.0_526/lpcxpresso/tools/bin/../lib/gcc/arm-none-eabi/4.9.3/armv7-m/libcr_eabihelpers.a(double.o)
                0x00003ee8                __aeabi_ddiv
 .text.__aeabi_dsub
                0x00004038      0x1d8 /usr/local/lpcxpresso_8.0.0_526/lpcxpresso/tools/bin/../lib/gcc/arm-none-eabi/4.9.3/armv7-m/libcr_eabihelpers.a(double.o)
                0x00004038                __aeabi_dsub
 .text.__aeabi_dadd
                0x00004210      0x134 /usr/local/lpcxpresso_8.0.0_526/lpcxpresso/tools/bin/../lib/gcc/arm-none-eabi/4.9.3/armv7-m/libcr_eabihelpers.a(double.o)
                0x00004210                __aeabi_dadd
 .text.__aeabi_d2iz
                0x00004344       0x40 /usr/local/lpcxpresso_8.0.0_526/lpcxpresso/tools/bin/../lib/gcc/arm-none-eabi/4.9.3/armv7-m/libcr_eabihelpers.a(double.o)
                0x00004344                __aeabi_d2iz
 .text.__bhs_ui2d
                0x00004384       0x48 /usr/local/lpcxpresso_8.0.0_526/lpcxpresso/tools/bin/../lib/gcc/arm-none-eabi/4.9.3/armv7-m/libcr_eabihelpers.a(double.o)
                0x00004384                __bhs_ui2d
 .text.__aeabi_i2d
                0x000043cc       0x14 /usr/local/lpcxpresso_8.0.0_526/lpcxpresso/tools/bin/../lib/gcc/arm-none-eabi/4.9.3/armv7-m/libcr_eabihelpers.a(double.o)
                0x000043cc                __aeabi_i2d
 .text.__aeabi_dcmpeq
                0x000043e0       0x2c /usr/local/lpcxpresso_8.0.0_526/lpcxpresso/tools/bin/../lib/gcc/arm-none-eabi/4.9.3/armv7-m/libcr_eabihelpers.a(double.o)
                0x000043e0                __aeabi_dcmpeq
 .text.__aeabi_dcmplt
                0x0000440c       0x5c /usr/local/lpcxpresso_8.0.0_526/lpcxpresso/tools/bin/../lib/gcc/arm-none-eabi/4.9.3/armv7-m/libcr_eabihelpers.a(double.o)
                0x0000440c                __aeabi_dcmplt
 .text.__aeabi_dcmple
                0x00004468       0x5c /usr/local/lpcxpresso_8.0.0_526/lpcxpresso/tools/bin/../lib/gcc/arm-none-eabi/4.9.3/armv7-m/libcr_eabihelpers.a(double.o)
                0x00004468                __aeabi_dcmple
 .text.__aeabi_dcmpge
                0x000044c4       0x5c /usr/local/lpcxpresso_8.0.0_526/lpcxpresso/tools/bin/../lib/gcc/arm-none-eabi/4.9.3/armv7-m/libcr_eabihelpers.a(double.o)
                0x000044c4                __aeabi_dcmpge
 .text.__bhs_ui2f.part.0
                0x00004520       0x20 /usr/local/lpcxpresso_8.0.0_526/lpcxpresso/tools/bin/../lib/gcc/arm-none-eabi/4.9.3/armv7-m/libcr_eabihelpers.a(float.o)
 .text.__aeabi_fmul
                0x00004540       0xc0 /usr/local/lpcxpresso_8.0.0_526/lpcxpresso/tools/bin/../lib/gcc/arm-none-eabi/4.9.3/armv7-m/libcr_eabihelpers.a(float.o)
                0x00004540                __aeabi_fmul
 .text.__aeabi_fdiv
                0x00004600       0xc0 /usr/local/lpcxpresso_8.0.0_526/lpcxpresso/tools/bin/../lib/gcc/arm-none-eabi/4.9.3/armv7-m/libcr_eabihelpers.a(float.o)
                0x00004600                __aeabi_fdiv
 .text.__aeabi_fsub
                0x000046c0       0xec /usr/local/lpcxpresso_8.0.0_526/lpcxpresso/tools/bin/../lib/gcc/arm-none-eabi/4.9.3/armv7-m/libcr_eabihelpers.a(float.o)
                0x000046c0                __aeabi_fsub
 .text.__aeabi_fadd
                0x000047ac       0xb4 /usr/local/lpcxpresso_8.0.0_526/lpcxpresso/tools/bin/../lib/gcc/arm-none-eabi/4.9.3/armv7-m/libcr_eabihelpers.a(float.o)
                0x000047ac                __aeabi_fadd
 .text.__aeabi_f2iz
                0x00004860       0x34 /usr/local/lpcxpresso_8.0.0_526/lpcxpresso/tools/bin/../lib/gcc/arm-none-eabi/4.9.3/armv7-m/libcr_eabihelpers.a(float.o)
                0x00004860                __aeabi_f2iz
 .text.__aeabi_i2f
                0x00004894       0x20 /usr/local/lpcxpresso_8.0.0_526/lpcxpresso/tools/bin/../lib/gcc/arm-none-eabi/4.9.3/armv7-m/libcr_eabihelpers.a(float.o)
                0x00004894                __aeabi_i2f
 .text.__aeabi_ui2f
                0x000048b4       0x10 /usr/local/lpcxpresso_8.0.0_526/lpcxpresso/tools/bin/../lib/gcc/arm-none-eabi/4.9.3/armv7-m/libcr_eabihelpers.a(float.o)
                0x000048b4                __aeabi_ui2f
 .text.__aeabi_f2d
                0x000048c4       0x3c /usr/local/lpcxpresso_8.0.0_526/lpcxpresso/tools/bin/../lib/gcc/arm-none-eabi/4.9.3/armv7-m/libcr_eabihelpers.a(float.o)
                0x000048c4                __aeabi_f2d
 .text.__aeabi_fcmple
                0x00004900       0x40 /usr/local/lpcxpresso_8.0.0_526/lpcxpresso/tools/bin/../lib/gcc/arm-none-eabi/4.9.3/armv7-m/libcr_eabihelpers.a(float.o)
                0x00004900                __aeabi_fcmple
 .text.__aeabi_fcmpge
                0x00004940       0x40 /usr/local/lpcxpresso_8.0.0_526/lpcxpresso/tools/bin/../lib/gcc/arm-none-eabi/4.9.3/armv7-m/libcr_eabihelpers.a(float.o)
                0x00004940                __aeabi_fcmpge
 .text.__aeabi_memset_lowlevel
                0x00004980       0x32 /usr/local/lpcxpresso_8.0.0_526/lpcxpresso/tools/bin/../lib/gcc/arm-none-eabi/4.9.3/armv7-m/libcr_eabihelpers.a(memcpy.o)
                0x00004980                __aeabi_lowlevel_memset
 *fill*         0x000049b2        0x2 
 .text.__sys_appexit
                0x000049b4        0xc /usr/local/lpcxpresso_8.0.0_526/lpcxpresso/tools/bin/../lib/gcc/arm-none-eabi/4.9.3/../../../../arm-none-eabi/lib/armv7-m/libcr_semihost.a(__sys_appexit.o)
                0x000049b4                __exit
                0x000049b4                __sys_appexit
 .text.__sys_close
                0x000049c0        0xc /usr/local/lpcxpresso_8.0.0_526/lpcxpresso/tools/bin/../lib/gcc/arm-none-eabi/4.9.3/../../../../arm-none-eabi/lib/armv7-m/libcr_semihost.a(__sys_close.o)
                0x000049c0                __sys_close
 .text.__sys_flen
                0x000049cc        0xc /usr/local/lpcxpresso_8.0.0_526/lpcxpresso/tools/bin/../lib/gcc/arm-none-eabi/4.9.3/../../../../arm-none-eabi/lib/armv7-m/libcr_semihost.a(__sys_flen.o)
                0x000049cc                __sys_flen
 .text.__sys_istty
                0x000049d8        0xc /usr/local/lpcxpresso_8.0.0_526/lpcxpresso/tools/bin/../lib/gcc/arm-none-eabi/4.9.3/../../../../arm-none-eabi/lib/armv7-m/libcr_semihost.a(__sys_istty.o)
                0x000049d8                __sys_istty
 .text.__sys_remove
                0x000049e4        0xc /usr/local/lpcxpresso_8.0.0_526/lpcxpresso/tools/bin/../lib/gcc/arm-none-eabi/4.9.3/../../../../arm-none-eabi/lib/armv7-m/libcr_semihost.a(__sys_remove.o)
                0x000049e4                __sys_remove
 .text.__sys_seek
                0x000049f0        0xc /usr/local/lpcxpresso_8.0.0_526/lpcxpresso/tools/bin/../lib/gcc/arm-none-eabi/4.9.3/../../../../arm-none-eabi/lib/armv7-m/libcr_semihost.a(__sys_seek.o)
                0x000049f0                __sys_seek
 .text.__sys_tmpnam
                0x000049fc        0xc /usr/local/lpcxpresso_8.0.0_526/lpcxpresso/tools/bin/../lib/gcc/arm-none-eabi/4.9.3/../../../../arm-none-eabi/lib/armv7-m/libcr_semihost.a(__sys_tmpnam.o)
                0x000049fc                __sys_tmpnam
 .text.__sys_write
                0x00004a08        0xc /usr/local/lpcxpresso_8.0.0_526/lpcxpresso/tools/bin/../lib/gcc/arm-none-eabi/4.9.3/../../../../arm-none-eabi/lib/armv7-m/libcr_semihost.a(__sys_write.o)
                0x00004a08                __write
                0x00004a08                __sys_write
 *(.rodata .rodata.* .constdata .constdata.*)
 .rodata        0x00004a14       0xa4 ./src/labyrinth_slave.o
 .rodata        0x00004ab8      0x19b /home/jeanetie.delucing/Documents/workspace/TP1_labyrinth_slave_etu/Debug/libMyLab_lib.a(lcd.o)
 .rodata.str1.1
                0x00004c53       0x18 /usr/local/lpcxpresso_8.0.0_526/lpcxpresso/tools/bin/../lib/gcc/arm-none-eabi/4.9.3/../../../../arm-none-eabi/lib/armv7-m/libcr_c.a(alloc.o)
 .rodata.str1.1
                0x00004c6b       0x34 /usr/local/lpcxpresso_8.0.0_526/lpcxpresso/tools/bin/../lib/gcc/arm-none-eabi/4.9.3/../../../../arm-none-eabi/lib/armv7-m/libcr_c.a(fpprintf.o)
                                 0x35 (size before relaxing)
 .rodata.str1.1
                0x00004c9f        0x4 /usr/local/lpcxpresso_8.0.0_526/lpcxpresso/tools/bin/../lib/gcc/arm-none-eabi/4.9.3/../../../../arm-none-eabi/lib/armv7-m/libcr_c.a(initio.o)
 .rodata.str1.1
                0x00004ca3       0x31 /usr/local/lpcxpresso_8.0.0_526/lpcxpresso/tools/bin/../lib/gcc/arm-none-eabi/4.9.3/../../../../arm-none-eabi/lib/armv7-m/libcr_c.a(printf.o)
                                 0x38 (size before relaxing)
 *fill*         0x00004cd4        0x4 
 .rodata.__huge_vall
                0x00004cd8        0x8 /usr/local/lpcxpresso_8.0.0_526/lpcxpresso/tools/bin/../lib/gcc/arm-none-eabi/4.9.3/../../../../arm-none-eabi/lib/armv7-m/libcr_c.a(_hugeval.o)
                0x00004cd8                __huge_vall
                0x00004ce0                . = ALIGN (0x4)

.glue_7         0x00004ce0        0x0
 .glue_7        0x00000000        0x0 linker stubs

.glue_7t        0x00004ce0        0x0
 .glue_7t       0x00000000        0x0 linker stubs

.vfp11_veneer   0x00004ce0        0x0
 .vfp11_veneer  0x00000000        0x0 linker stubs

.v4_bx          0x00004ce0        0x0
 .v4_bx         0x00000000        0x0 linker stubs

.iplt           0x00004ce0        0x0
 .iplt          0x00000000        0x0 ./src/cr_startup_lpc175x_6x.o

.rel.dyn        0x00004ce0        0x0
 .rel.iplt      0x00000000        0x0 ./src/cr_startup_lpc175x_6x.o

.ARM.extab
 *(.ARM.extab* .gnu.linkonce.armextab.*)
                0x00004ce0                __exidx_start = .

.ARM.exidx
 *(.ARM.exidx* .gnu.linkonce.armexidx.*)
                0x00004ce0                __exidx_end = .
                0x00004ce0                _etext = .

.data_RAM2      0x2007c000        0x0 load address 0x00004ce0
 FILL mask 0xff
                0x2007c000                PROVIDE (__start_data_RAM2, .)
 *(.ramfunc.$RAM2)
 *(.ramfunc.$RamAHB32)
 *(.data.$RAM2*)
 *(.data.$RamAHB32*)
                0x2007c000                . = ALIGN (0x4)
                0x2007c000                PROVIDE (__end_data_RAM2, .)

.uninit_RESERVED
                0x10000000        0x0
 *(.bss.$RESERVED*)
                0x10000000                . = ALIGN (0x4)
                0x10000000                _end_uninit_RESERVED = .

.data           0x10000000      0x12c load address 0x00004ce0
 FILL mask 0xff
                0x10000000                _data = .
 *(vtable)
 *(.ramfunc*)
 *(.data*)
 .data.labyrinth_points
                0x10000000      0x128 ./src/labyrinth_slave.o
 .data.SystemCoreClock
                0x10000128        0x4 /home/jeanetie.delucing/Documents/workspace/CMSISv2p00_LPC17xx/Debug/libCMSISv2p00_LPC17xx.a(system_LPC17xx.o)
                0x10000128                SystemCoreClock
                0x1000012c                . = ALIGN (0x4)
                0x1000012c                _edata = .

.igot.plt       0x1000012c        0x0 load address 0x00004e0c
 .igot.plt      0x00000000        0x0 ./src/cr_startup_lpc175x_6x.o

.bss_RAM2       0x2007c000        0x0
                0x2007c000                PROVIDE (__start_bss_RAM2, .)
 *(.bss.$RAM2*)
 *(.bss.$RamAHB32*)
                0x2007c000                . = ALIGN ((. != 0x0)?0x4:0x1)
                0x2007c000                PROVIDE (__end_bss_RAM2, .)

.bss            0x1000012c      0x1dc
                0x1000012c                _bss = .
 *(.bss*)
 .bss.i2c_h     0x1000012c        0x4 /home/jeanetie.delucing/Documents/workspace/TP1_labyrinth_slave_etu/Debug/libMyLab_lib.a(accelerometer.o)
 .bss.errno     0x10000130        0x4 /usr/local/lpcxpresso_8.0.0_526/lpcxpresso/tools/bin/../lib/gcc/arm-none-eabi/4.9.3/../../../../arm-none-eabi/lib/armv7-m/libcr_c.a(errno.o)
                0x10000130                errno
 *(COMMON)
 COMMON         0x10000134        0x4 /usr/local/lpcxpresso_8.0.0_526/lpcxpresso/tools/bin/../lib/gcc/arm-none-eabi/4.9.3/../../../../arm-none-eabi/lib/armv7-m/libcr_c.a(initio.o)
                0x10000134                _extra
 COMMON         0x10000138      0x140 /usr/local/lpcxpresso_8.0.0_526/lpcxpresso/tools/bin/../lib/gcc/arm-none-eabi/4.9.3/../../../../arm-none-eabi/lib/armv7-m/libcr_c.a(stdio.o)
                0x10000138                __Ciob
 COMMON         0x10000278       0x88 /usr/local/lpcxpresso_8.0.0_526/lpcxpresso/tools/bin/../lib/gcc/arm-none-eabi/4.9.3/../../../../arm-none-eabi/lib/armv7-m/libcr_c.a(stdlib.o)
                0x10000278                _exitvector
                0x100002fc                _number_of_exit_functions
 COMMON         0x10000300        0x8 /usr/local/lpcxpresso_8.0.0_526/lpcxpresso/tools/bin/../lib/gcc/arm-none-eabi/4.9.3/../../../../arm-none-eabi/lib/armv7-m/libcr_c.a(__init_alloc.o)
                0x10000300                __heaps
                0x10000304                __end_of_heap
                0x10000308                . = ALIGN (0x4)
                0x10000308                _ebss = .
                0x10000308                PROVIDE (end, .)

.noinit_RAM2    0x2007c000        0x0
 *(.noinit.$RAM2*)
 *(.noinit.$RamAHB32*)
                0x2007c000                . = ALIGN (0x4)

.noinit         0x10000308        0x0
                0x10000308                _noinit = .
 *(.noinit*)
                0x10000308                . = ALIGN (0x4)
                0x10000308                _end_noinit = .
                0x10000308                PROVIDE (_pvHeapStart, DEFINED (__user_heap_base)?__user_heap_base:.)
                0x10008000                PROVIDE (_vStackTop, DEFINED (__user_stack_top)?__user_stack_top:(__top_RamLoc32 - 0x0))
                0xefff74b2                PROVIDE (__valid_user_code_checksum, (0x0 - ((((((_vStackTop + (ResetISR + 0x1)) + (NMI_Handler + 0x1)) + (HardFault_Handler + 0x1)) + (DEFINED (MemManage_Handler)?MemManage_Handler:0x0 + 0x1)) + (DEFINED (BusFault_Handler)?BusFault_Handler:0x0 + 0x1)) + (DEFINED (UsageFault_Handler)?UsageFault_Handler:0x0 + 0x1))))
OUTPUT(TP1_labyrinth_slave_etu.axf elf32-littlearm)

.debug_info     0x00000000     0x2f36
 .debug_info    0x00000000      0x24b ./src/cr_startup_lpc175x_6x.o
 .debug_info    0x0000024b       0x3f ./src/crp.o
 .debug_info    0x0000028a      0x33a ./src/labyrinth_slave.o
 .debug_info    0x000005c4      0x29c ./src/tools.o
 .debug_info    0x00000860      0x362 /home/jeanetie.delucing/Documents/workspace/TP1_labyrinth_slave_etu/Debug/libMyLab_lib.a(accelerometer.o)
 .debug_info    0x00000bc2     0x127b /home/jeanetie.delucing/Documents/workspace/TP1_labyrinth_slave_etu/Debug/libMyLab_lib.a(lcd.o)
 .debug_info    0x00001e3d      0x5ab /home/jeanetie.delucing/Documents/workspace/TP1_labyrinth_slave_etu/Debug/libMyLab_lib.a(ssp.o)
 .debug_info    0x000023e8      0x836 /home/jeanetie.delucing/Documents/workspace/TP1_labyrinth_slave_etu/Debug/libMyLab_lib.a(I2C.o)
 .debug_info    0x00002c1e      0x318 /home/jeanetie.delucing/Documents/workspace/CMSISv2p00_LPC17xx/Debug/libCMSISv2p00_LPC17xx.a(system_LPC17xx.o)

.debug_abbrev   0x00000000      0xad2
 .debug_abbrev  0x00000000       0xf5 ./src/cr_startup_lpc175x_6x.o
 .debug_abbrev  0x000000f5       0x36 ./src/crp.o
 .debug_abbrev  0x0000012b      0x132 ./src/labyrinth_slave.o
 .debug_abbrev  0x0000025d      0x120 ./src/tools.o
 .debug_abbrev  0x0000037d      0x111 /home/jeanetie.delucing/Documents/workspace/TP1_labyrinth_slave_etu/Debug/libMyLab_lib.a(accelerometer.o)
 .debug_abbrev  0x0000048e      0x274 /home/jeanetie.delucing/Documents/workspace/TP1_labyrinth_slave_etu/Debug/libMyLab_lib.a(lcd.o)
 .debug_abbrev  0x00000702      0x13a /home/jeanetie.delucing/Documents/workspace/TP1_labyrinth_slave_etu/Debug/libMyLab_lib.a(ssp.o)
 .debug_abbrev  0x0000083c      0x1b0 /home/jeanetie.delucing/Documents/workspace/TP1_labyrinth_slave_etu/Debug/libMyLab_lib.a(I2C.o)
 .debug_abbrev  0x000009ec       0xe6 /home/jeanetie.delucing/Documents/workspace/CMSISv2p00_LPC17xx/Debug/libCMSISv2p00_LPC17xx.a(system_LPC17xx.o)

.debug_aranges  0x00000000      0x2f0
 .debug_aranges
                0x00000000       0x80 ./src/cr_startup_lpc175x_6x.o
 .debug_aranges
                0x00000080       0x18 ./src/crp.o
 .debug_aranges
                0x00000098       0x40 ./src/labyrinth_slave.o
 .debug_aranges
                0x000000d8       0x30 ./src/tools.o
 .debug_aranges
                0x00000108       0x38 /home/jeanetie.delucing/Documents/workspace/TP1_labyrinth_slave_etu/Debug/libMyLab_lib.a(accelerometer.o)
 .debug_aranges
                0x00000140      0x110 /home/jeanetie.delucing/Documents/workspace/TP1_labyrinth_slave_etu/Debug/libMyLab_lib.a(lcd.o)
 .debug_aranges
                0x00000250       0x30 /home/jeanetie.delucing/Documents/workspace/TP1_labyrinth_slave_etu/Debug/libMyLab_lib.a(ssp.o)
 .debug_aranges
                0x00000280       0x48 /home/jeanetie.delucing/Documents/workspace/TP1_labyrinth_slave_etu/Debug/libMyLab_lib.a(I2C.o)
 .debug_aranges
                0x000002c8       0x28 /home/jeanetie.delucing/Documents/workspace/CMSISv2p00_LPC17xx/Debug/libCMSISv2p00_LPC17xx.a(system_LPC17xx.o)

.debug_ranges   0x00000000      0x288
 .debug_ranges  0x00000000       0x70 ./src/cr_startup_lpc175x_6x.o
 .debug_ranges  0x00000070       0x30 ./src/labyrinth_slave.o
 .debug_ranges  0x000000a0       0x20 ./src/tools.o
 .debug_ranges  0x000000c0       0x28 /home/jeanetie.delucing/Documents/workspace/TP1_labyrinth_slave_etu/Debug/libMyLab_lib.a(accelerometer.o)
 .debug_ranges  0x000000e8      0x130 /home/jeanetie.delucing/Documents/workspace/TP1_labyrinth_slave_etu/Debug/libMyLab_lib.a(lcd.o)
 .debug_ranges  0x00000218       0x20 /home/jeanetie.delucing/Documents/workspace/TP1_labyrinth_slave_etu/Debug/libMyLab_lib.a(ssp.o)
 .debug_ranges  0x00000238       0x38 /home/jeanetie.delucing/Documents/workspace/TP1_labyrinth_slave_etu/Debug/libMyLab_lib.a(I2C.o)
 .debug_ranges  0x00000270       0x18 /home/jeanetie.delucing/Documents/workspace/CMSISv2p00_LPC17xx/Debug/libCMSISv2p00_LPC17xx.a(system_LPC17xx.o)

.debug_macro    0x00000000     0x37f5
 .debug_macro   0x00000000       0x1d ./src/cr_startup_lpc175x_6x.o
 .debug_macro   0x0000001d      0x880 ./src/cr_startup_lpc175x_6x.o
 .debug_macro   0x0000089d       0x1a ./src/crp.o
 .debug_macro   0x000008b7       0x34 ./src/crp.o
 .debug_macro   0x000008eb      0x118 ./src/labyrinth_slave.o
 .debug_macro   0x00000a03       0x1c ./src/labyrinth_slave.o
 .debug_macro   0x00000a1f       0x2e ./src/labyrinth_slave.o
 .debug_macro   0x00000a4d       0x10 ./src/labyrinth_slave.o
 .debug_macro   0x00000a5d      0x12d ./src/labyrinth_slave.o
 .debug_macro   0x00000b8a      0x5b2 ./src/labyrinth_slave.o
 .debug_macro   0x0000113c       0x18 ./src/labyrinth_slave.o
 .debug_macro   0x00001154      0x7af ./src/labyrinth_slave.o
 .debug_macro   0x00001903      0x2c7 ./src/labyrinth_slave.o
 .debug_macro   0x00001bca       0x22 ./src/labyrinth_slave.o
 .debug_macro   0x00001bec       0xa0 ./src/labyrinth_slave.o
 .debug_macro   0x00001c8c       0x82 ./src/labyrinth_slave.o
 .debug_macro   0x00001d0e       0x1c ./src/labyrinth_slave.o
 .debug_macro   0x00001d2a       0x28 ./src/labyrinth_slave.o
 .debug_macro   0x00001d52       0x1c ./src/labyrinth_slave.o
 .debug_macro   0x00001d6e       0xc2 ./src/labyrinth_slave.o
 .debug_macro   0x00001e30       0xd6 ./src/labyrinth_slave.o
 .debug_macro   0x00001f06       0x22 ./src/labyrinth_slave.o
 .debug_macro   0x00001f28       0xc0 ./src/tools.o
 .debug_macro   0x00001fe8       0xc4 ./src/tools.o
 .debug_macro   0x000020ac       0x1c ./src/tools.o
 .debug_macro   0x000020c8       0xaf /home/jeanetie.delucing/Documents/workspace/TP1_labyrinth_slave_etu/Debug/libMyLab_lib.a(accelerometer.o)
 .debug_macro   0x00002177      0x898 /home/jeanetie.delucing/Documents/workspace/TP1_labyrinth_slave_etu/Debug/libMyLab_lib.a(accelerometer.o)
 .debug_macro   0x00002a0f       0x28 /home/jeanetie.delucing/Documents/workspace/TP1_labyrinth_slave_etu/Debug/libMyLab_lib.a(accelerometer.o)
 .debug_macro   0x00002a37       0x58 /home/jeanetie.delucing/Documents/workspace/TP1_labyrinth_slave_etu/Debug/libMyLab_lib.a(accelerometer.o)
 .debug_macro   0x00002a8f      0x108 /home/jeanetie.delucing/Documents/workspace/TP1_labyrinth_slave_etu/Debug/libMyLab_lib.a(lcd.o)
 .debug_macro   0x00002b97       0x9a /home/jeanetie.delucing/Documents/workspace/TP1_labyrinth_slave_etu/Debug/libMyLab_lib.a(lcd.o)
 .debug_macro   0x00002c31       0x22 /home/jeanetie.delucing/Documents/workspace/TP1_labyrinth_slave_etu/Debug/libMyLab_lib.a(lcd.o)
 .debug_macro   0x00002c53       0xc4 /home/jeanetie.delucing/Documents/workspace/TP1_labyrinth_slave_etu/Debug/libMyLab_lib.a(lcd.o)
 .debug_macro   0x00002d17       0x90 /home/jeanetie.delucing/Documents/workspace/TP1_labyrinth_slave_etu/Debug/libMyLab_lib.a(ssp.o)
 .debug_macro   0x00002da7       0x22 /home/jeanetie.delucing/Documents/workspace/TP1_labyrinth_slave_etu/Debug/libMyLab_lib.a(ssp.o)
 .debug_macro   0x00002dc9       0x8d /home/jeanetie.delucing/Documents/workspace/TP1_labyrinth_slave_etu/Debug/libMyLab_lib.a(I2C.o)
 .debug_macro   0x00002e56      0x12b /home/jeanetie.delucing/Documents/workspace/CMSISv2p00_LPC17xx/Debug/libCMSISv2p00_LPC17xx.a(system_LPC17xx.o)
 .debug_macro   0x00002f81      0x874 /home/jeanetie.delucing/Documents/workspace/CMSISv2p00_LPC17xx/Debug/libCMSISv2p00_LPC17xx.a(system_LPC17xx.o)

.debug_line     0x00000000     0x197c
 .debug_line    0x00000000       0xd5 ./src/cr_startup_lpc175x_6x.o
 .debug_line    0x000000d5       0x7c ./src/crp.o
 .debug_line    0x00000151      0x2fe ./src/labyrinth_slave.o
 .debug_line    0x0000044f      0x328 ./src/tools.o
 .debug_line    0x00000777      0x289 /home/jeanetie.delucing/Documents/workspace/TP1_labyrinth_slave_etu/Debug/libMyLab_lib.a(accelerometer.o)
 .debug_line    0x00000a00      0x7fc /home/jeanetie.delucing/Documents/workspace/TP1_labyrinth_slave_etu/Debug/libMyLab_lib.a(lcd.o)
 .debug_line    0x000011fc      0x24a /home/jeanetie.delucing/Documents/workspace/TP1_labyrinth_slave_etu/Debug/libMyLab_lib.a(ssp.o)
 .debug_line    0x00001446      0x358 /home/jeanetie.delucing/Documents/workspace/TP1_labyrinth_slave_etu/Debug/libMyLab_lib.a(I2C.o)
 .debug_line    0x0000179e      0x1de /home/jeanetie.delucing/Documents/workspace/CMSISv2p00_LPC17xx/Debug/libCMSISv2p00_LPC17xx.a(system_LPC17xx.o)

.debug_str      0x00000000     0xac25
 .debug_str     0x00000000     0x2651 ./src/cr_startup_lpc175x_6x.o
                               0x2664 (size before relaxing)
 .debug_str     0x00002651       0xe9 ./src/crp.o
                               0x257c (size before relaxing)
 .debug_str     0x0000273a     0x698f ./src/labyrinth_slave.o
                               0x8ecf (size before relaxing)
 .debug_str     0x000090c9      0x539 ./src/tools.o
                               0x884e (size before relaxing)
 .debug_str     0x00009602      0x8d4 /home/jeanetie.delucing/Documents/workspace/TP1_labyrinth_slave_etu/Debug/libMyLab_lib.a(accelerometer.o)
                               0x83a7 (size before relaxing)
 .debug_str     0x00009ed6      0x552 /home/jeanetie.delucing/Documents/workspace/TP1_labyrinth_slave_etu/Debug/libMyLab_lib.a(lcd.o)
                               0x8ffe (size before relaxing)
 .debug_str     0x0000a428      0x2fa /home/jeanetie.delucing/Documents/workspace/TP1_labyrinth_slave_etu/Debug/libMyLab_lib.a(ssp.o)
                               0x80da (size before relaxing)
 .debug_str     0x0000a722      0x10a /home/jeanetie.delucing/Documents/workspace/TP1_labyrinth_slave_etu/Debug/libMyLab_lib.a(I2C.o)
                               0x8278 (size before relaxing)
 .debug_str     0x0000a82c      0x3f9 /home/jeanetie.delucing/Documents/workspace/CMSISv2p00_LPC17xx/Debug/libCMSISv2p00_LPC17xx.a(system_LPC17xx.o)
                               0x80f0 (size before relaxing)

.comment        0x00000000      0x14e
 .comment       0x00000000       0x70 ./src/cr_startup_lpc175x_6x.o
                                 0x71 (size before relaxing)
 .comment       0x00000000       0x71 ./src/crp.o
 .comment       0x00000000       0x71 ./src/labyrinth_slave.o
 .comment       0x00000000       0x71 ./src/tools.o
 .comment       0x00000070       0x6e /home/jeanetie.delucing/Documents/workspace/TP1_labyrinth_slave_etu/Debug/libMyLab_lib.a(accelerometer.o)
                                 0x6f (size before relaxing)
 .comment       0x00000000       0x6f /home/jeanetie.delucing/Documents/workspace/TP1_labyrinth_slave_etu/Debug/libMyLab_lib.a(lcd.o)
 .comment       0x00000000       0x6f /home/jeanetie.delucing/Documents/workspace/TP1_labyrinth_slave_etu/Debug/libMyLab_lib.a(ssp.o)
 .comment       0x00000000       0x6f /home/jeanetie.delucing/Documents/workspace/TP1_labyrinth_slave_etu/Debug/libMyLab_lib.a(I2C.o)
 .comment       0x00000000       0x71 /home/jeanetie.delucing/Documents/workspace/CMSISv2p00_LPC17xx/Debug/libCMSISv2p00_LPC17xx.a(system_LPC17xx.o)
 .comment       0x000000de       0x70 /usr/local/lpcxpresso_8.0.0_526/lpcxpresso/tools/bin/../lib/gcc/arm-none-eabi/4.9.3/../../../../arm-none-eabi/lib/armv7-m/libcr_semihost.a(_cr__main.o)
                                 0x71 (size before relaxing)
 .comment       0x00000000       0x71 /usr/local/lpcxpresso_8.0.0_526/lpcxpresso/tools/bin/../lib/gcc/arm-none-eabi/4.9.3/../../../../arm-none-eabi/lib/armv7-m/libcr_c.a(alloc.o)
 .comment       0x00000000       0x71 /usr/local/lpcxpresso_8.0.0_526/lpcxpresso/tools/bin/../lib/gcc/arm-none-eabi/4.9.3/../../../../arm-none-eabi/lib/armv7-m/libcr_c.a(ceil.o)
 .comment       0x00000000       0x71 /usr/local/lpcxpresso_8.0.0_526/lpcxpresso/tools/bin/../lib/gcc/arm-none-eabi/4.9.3/../../../../arm-none-eabi/lib/armv7-m/libcr_c.a(fclose.o)
 .comment       0x00000000       0x71 /usr/local/lpcxpresso_8.0.0_526/lpcxpresso/tools/bin/../lib/gcc/arm-none-eabi/4.9.3/../../../../arm-none-eabi/lib/armv7-m/libcr_c.a(fflush.o)
 .comment       0x00000000       0x71 /usr/local/lpcxpresso_8.0.0_526/lpcxpresso/tools/bin/../lib/gcc/arm-none-eabi/4.9.3/../../../../arm-none-eabi/lib/armv7-m/libcr_c.a(floor.o)
 .comment       0x00000000       0x71 /usr/local/lpcxpresso_8.0.0_526/lpcxpresso/tools/bin/../lib/gcc/arm-none-eabi/4.9.3/../../../../arm-none-eabi/lib/armv7-m/libcr_c.a(fpprintf.o)
 .comment       0x00000000       0x71 /usr/local/lpcxpresso_8.0.0_526/lpcxpresso/tools/bin/../lib/gcc/arm-none-eabi/4.9.3/../../../../arm-none-eabi/lib/armv7-m/libcr_c.a(fseek.o)
 .comment       0x00000000       0x71 /usr/local/lpcxpresso_8.0.0_526/lpcxpresso/tools/bin/../lib/gcc/arm-none-eabi/4.9.3/../../../../arm-none-eabi/lib/armv7-m/libcr_c.a(ftell.o)
 .comment       0x00000000       0x71 /usr/local/lpcxpresso_8.0.0_526/lpcxpresso/tools/bin/../lib/gcc/arm-none-eabi/4.9.3/../../../../arm-none-eabi/lib/armv7-m/libcr_c.a(initio.o)
 .comment       0x00000000       0x71 /usr/local/lpcxpresso_8.0.0_526/lpcxpresso/tools/bin/../lib/gcc/arm-none-eabi/4.9.3/../../../../arm-none-eabi/lib/armv7-m/libcr_c.a(printf.o)
 .comment       0x00000000       0x71 /usr/local/lpcxpresso_8.0.0_526/lpcxpresso/tools/bin/../lib/gcc/arm-none-eabi/4.9.3/../../../../arm-none-eabi/lib/armv7-m/libcr_c.a(remove.o)
 .comment       0x00000000       0x71 /usr/local/lpcxpresso_8.0.0_526/lpcxpresso/tools/bin/../lib/gcc/arm-none-eabi/4.9.3/../../../../arm-none-eabi/lib/armv7-m/libcr_c.a(setvbuf.o)
 .comment       0x00000000       0x71 /usr/local/lpcxpresso_8.0.0_526/lpcxpresso/tools/bin/../lib/gcc/arm-none-eabi/4.9.3/../../../../arm-none-eabi/lib/armv7-m/libcr_c.a(stdio.o)
 .comment       0x00000000       0x71 /usr/local/lpcxpresso_8.0.0_526/lpcxpresso/tools/bin/../lib/gcc/arm-none-eabi/4.9.3/../../../../arm-none-eabi/lib/armv7-m/libcr_c.a(stdlib.o)
 .comment       0x00000000       0x71 /usr/local/lpcxpresso_8.0.0_526/lpcxpresso/tools/bin/../lib/gcc/arm-none-eabi/4.9.3/../../../../arm-none-eabi/lib/armv7-m/libcr_c.a(strlen.o)
 .comment       0x00000000       0x71 /usr/local/lpcxpresso_8.0.0_526/lpcxpresso/tools/bin/../lib/gcc/arm-none-eabi/4.9.3/../../../../arm-none-eabi/lib/armv7-m/libcr_c.a(memset.o)
 .comment       0x00000000       0x71 /usr/local/lpcxpresso_8.0.0_526/lpcxpresso/tools/bin/../lib/gcc/arm-none-eabi/4.9.3/../../../../arm-none-eabi/lib/armv7-m/libcr_c.a(__init_alloc.o)
 .comment       0x00000000       0x71 /usr/local/lpcxpresso_8.0.0_526/lpcxpresso/tools/bin/../lib/gcc/arm-none-eabi/4.9.3/../../../../arm-none-eabi/lib/armv7-m/libcr_c.a(_cr_sbrk.o)
 .comment       0x00000000       0x71 /usr/local/lpcxpresso_8.0.0_526/lpcxpresso/tools/bin/../lib/gcc/arm-none-eabi/4.9.3/../../../../arm-none-eabi/lib/armv7-m/libcr_c.a(_deferredlazyseek.o)
 .comment       0x00000000       0x71 /usr/local/lpcxpresso_8.0.0_526/lpcxpresso/tools/bin/../lib/gcc/arm-none-eabi/4.9.3/../../../../arm-none-eabi/lib/armv7-m/libcr_c.a(_do_fflush.o)
 .comment       0x00000000       0x71 /usr/local/lpcxpresso_8.0.0_526/lpcxpresso/tools/bin/../lib/gcc/arm-none-eabi/4.9.3/../../../../arm-none-eabi/lib/armv7-m/libcr_c.a(_fdopen.o)
 .comment       0x00000000       0x71 /usr/local/lpcxpresso_8.0.0_526/lpcxpresso/tools/bin/../lib/gcc/arm-none-eabi/4.9.3/../../../../arm-none-eabi/lib/armv7-m/libcr_c.a(_fflush.o)
 .comment       0x00000000       0x71 /usr/local/lpcxpresso_8.0.0_526/lpcxpresso/tools/bin/../lib/gcc/arm-none-eabi/4.9.3/../../../../arm-none-eabi/lib/armv7-m/libcr_c.a(_frexpl.o)
 .comment       0x00000000       0x71 /usr/local/lpcxpresso_8.0.0_526/lpcxpresso/tools/bin/../lib/gcc/arm-none-eabi/4.9.3/../../../../arm-none-eabi/lib/armv7-m/libcr_c.a(_hugeval.o)
 .comment       0x00000000       0x71 /usr/local/lpcxpresso_8.0.0_526/lpcxpresso/tools/bin/../lib/gcc/arm-none-eabi/4.9.3/../../../../arm-none-eabi/lib/armv7-m/libcr_c.a(_ldexpl.o)
 .comment       0x00000000       0x71 /usr/local/lpcxpresso_8.0.0_526/lpcxpresso/tools/bin/../lib/gcc/arm-none-eabi/4.9.3/../../../../arm-none-eabi/lib/armv7-m/libcr_c.a(_writebuf.o)
 .comment       0x00000000       0x71 /usr/local/lpcxpresso_8.0.0_526/lpcxpresso/tools/bin/../lib/gcc/arm-none-eabi/4.9.3/../../../../arm-none-eabi/lib/armv7-m/libcr_c.a(errno.o)
 .comment       0x00000000       0x71 /usr/local/lpcxpresso_8.0.0_526/lpcxpresso/tools/bin/../lib/gcc/arm-none-eabi/4.9.3/../../../../arm-none-eabi/lib/armv7-m/libcr_c.a(_cr_check_heap.o)
 .comment       0x00000000       0x71 /usr/local/lpcxpresso_8.0.0_526/lpcxpresso/tools/bin/../lib/gcc/arm-none-eabi/4.9.3/armv7-m/libcr_eabihelpers.a(double.o)
 .comment       0x00000000       0x71 /usr/local/lpcxpresso_8.0.0_526/lpcxpresso/tools/bin/../lib/gcc/arm-none-eabi/4.9.3/armv7-m/libcr_eabihelpers.a(float.o)

.ARM.attributes
                0x00000000       0x31
 .ARM.attributes
                0x00000000       0x33 ./src/cr_startup_lpc175x_6x.o
 .ARM.attributes
                0x00000033       0x33 ./src/crp.o
 .ARM.attributes
                0x00000066       0x33 ./src/labyrinth_slave.o
 .ARM.attributes
                0x00000099       0x33 ./src/tools.o
 .ARM.attributes
                0x000000cc       0x33 /home/jeanetie.delucing/Documents/workspace/TP1_labyrinth_slave_etu/Debug/libMyLab_lib.a(accelerometer.o)
 .ARM.attributes
                0x000000ff       0x33 /home/jeanetie.delucing/Documents/workspace/TP1_labyrinth_slave_etu/Debug/libMyLab_lib.a(lcd.o)
 .ARM.attributes
                0x00000132       0x33 /home/jeanetie.delucing/Documents/workspace/TP1_labyrinth_slave_etu/Debug/libMyLab_lib.a(ssp.o)
 .ARM.attributes
                0x00000165       0x33 /home/jeanetie.delucing/Documents/workspace/TP1_labyrinth_slave_etu/Debug/libMyLab_lib.a(I2C.o)
 .ARM.attributes
                0x00000198       0x33 /home/jeanetie.delucing/Documents/workspace/CMSISv2p00_LPC17xx/Debug/libCMSISv2p00_LPC17xx.a(system_LPC17xx.o)
 .ARM.attributes
                0x000001cb       0x33 /usr/local/lpcxpresso_8.0.0_526/lpcxpresso/tools/bin/../lib/gcc/arm-none-eabi/4.9.3/../../../../arm-none-eabi/lib/armv7-m/libcr_semihost.a(_cr__main.o)
 .ARM.attributes
                0x000001fe       0x33 /usr/local/lpcxpresso_8.0.0_526/lpcxpresso/tools/bin/../lib/gcc/arm-none-eabi/4.9.3/../../../../arm-none-eabi/lib/armv7-m/libcr_c.a(alloc.o)
 .ARM.attributes
                0x00000231       0x33 /usr/local/lpcxpresso_8.0.0_526/lpcxpresso/tools/bin/../lib/gcc/arm-none-eabi/4.9.3/../../../../arm-none-eabi/lib/armv7-m/libcr_c.a(ceil.o)
 .ARM.attributes
                0x00000264       0x33 /usr/local/lpcxpresso_8.0.0_526/lpcxpresso/tools/bin/../lib/gcc/arm-none-eabi/4.9.3/../../../../arm-none-eabi/lib/armv7-m/libcr_c.a(fclose.o)
 .ARM.attributes
                0x00000297       0x33 /usr/local/lpcxpresso_8.0.0_526/lpcxpresso/tools/bin/../lib/gcc/arm-none-eabi/4.9.3/../../../../arm-none-eabi/lib/armv7-m/libcr_c.a(fflush.o)
 .ARM.attributes
                0x000002ca       0x33 /usr/local/lpcxpresso_8.0.0_526/lpcxpresso/tools/bin/../lib/gcc/arm-none-eabi/4.9.3/../../../../arm-none-eabi/lib/armv7-m/libcr_c.a(floor.o)
 .ARM.attributes
                0x000002fd       0x33 /usr/local/lpcxpresso_8.0.0_526/lpcxpresso/tools/bin/../lib/gcc/arm-none-eabi/4.9.3/../../../../arm-none-eabi/lib/armv7-m/libcr_c.a(fpprintf.o)
 .ARM.attributes
                0x00000330       0x33 /usr/local/lpcxpresso_8.0.0_526/lpcxpresso/tools/bin/../lib/gcc/arm-none-eabi/4.9.3/../../../../arm-none-eabi/lib/armv7-m/libcr_c.a(fseek.o)
 .ARM.attributes
                0x00000363       0x33 /usr/local/lpcxpresso_8.0.0_526/lpcxpresso/tools/bin/../lib/gcc/arm-none-eabi/4.9.3/../../../../arm-none-eabi/lib/armv7-m/libcr_c.a(ftell.o)
 .ARM.attributes
                0x00000396       0x33 /usr/local/lpcxpresso_8.0.0_526/lpcxpresso/tools/bin/../lib/gcc/arm-none-eabi/4.9.3/../../../../arm-none-eabi/lib/armv7-m/libcr_c.a(initio.o)
 .ARM.attributes
                0x000003c9       0x33 /usr/local/lpcxpresso_8.0.0_526/lpcxpresso/tools/bin/../lib/gcc/arm-none-eabi/4.9.3/../../../../arm-none-eabi/lib/armv7-m/libcr_c.a(printf.o)
 .ARM.attributes
                0x000003fc       0x33 /usr/local/lpcxpresso_8.0.0_526/lpcxpresso/tools/bin/../lib/gcc/arm-none-eabi/4.9.3/../../../../arm-none-eabi/lib/armv7-m/libcr_c.a(remove.o)
 .ARM.attributes
                0x0000042f       0x33 /usr/local/lpcxpresso_8.0.0_526/lpcxpresso/tools/bin/../lib/gcc/arm-none-eabi/4.9.3/../../../../arm-none-eabi/lib/armv7-m/libcr_c.a(setvbuf.o)
 .ARM.attributes
                0x00000462       0x33 /usr/local/lpcxpresso_8.0.0_526/lpcxpresso/tools/bin/../lib/gcc/arm-none-eabi/4.9.3/../../../../arm-none-eabi/lib/armv7-m/libcr_c.a(stdio.o)
 .ARM.attributes
                0x00000495       0x33 /usr/local/lpcxpresso_8.0.0_526/lpcxpresso/tools/bin/../lib/gcc/arm-none-eabi/4.9.3/../../../../arm-none-eabi/lib/armv7-m/libcr_c.a(stdlib.o)
 .ARM.attributes
                0x000004c8       0x33 /usr/local/lpcxpresso_8.0.0_526/lpcxpresso/tools/bin/../lib/gcc/arm-none-eabi/4.9.3/../../../../arm-none-eabi/lib/armv7-m/libcr_c.a(strlen.o)
 .ARM.attributes
                0x000004fb       0x33 /usr/local/lpcxpresso_8.0.0_526/lpcxpresso/tools/bin/../lib/gcc/arm-none-eabi/4.9.3/../../../../arm-none-eabi/lib/armv7-m/libcr_c.a(memset.o)
 .ARM.attributes
                0x0000052e       0x33 /usr/local/lpcxpresso_8.0.0_526/lpcxpresso/tools/bin/../lib/gcc/arm-none-eabi/4.9.3/../../../../arm-none-eabi/lib/armv7-m/libcr_c.a(__init_alloc.o)
 .ARM.attributes
                0x00000561       0x33 /usr/local/lpcxpresso_8.0.0_526/lpcxpresso/tools/bin/../lib/gcc/arm-none-eabi/4.9.3/../../../../arm-none-eabi/lib/armv7-m/libcr_c.a(_cr_sbrk.o)
 .ARM.attributes
                0x00000594       0x33 /usr/local/lpcxpresso_8.0.0_526/lpcxpresso/tools/bin/../lib/gcc/arm-none-eabi/4.9.3/../../../../arm-none-eabi/lib/armv7-m/libcr_c.a(_deferredlazyseek.o)
 .ARM.attributes
                0x000005c7       0x33 /usr/local/lpcxpresso_8.0.0_526/lpcxpresso/tools/bin/../lib/gcc/arm-none-eabi/4.9.3/../../../../arm-none-eabi/lib/armv7-m/libcr_c.a(_do_fflush.o)
 .ARM.attributes
                0x000005fa       0x33 /usr/local/lpcxpresso_8.0.0_526/lpcxpresso/tools/bin/../lib/gcc/arm-none-eabi/4.9.3/../../../../arm-none-eabi/lib/armv7-m/libcr_c.a(_fdopen.o)
 .ARM.attributes
                0x0000062d       0x33 /usr/local/lpcxpresso_8.0.0_526/lpcxpresso/tools/bin/../lib/gcc/arm-none-eabi/4.9.3/../../../../arm-none-eabi/lib/armv7-m/libcr_c.a(_fflush.o)
 .ARM.attributes
                0x00000660       0x33 /usr/local/lpcxpresso_8.0.0_526/lpcxpresso/tools/bin/../lib/gcc/arm-none-eabi/4.9.3/../../../../arm-none-eabi/lib/armv7-m/libcr_c.a(_frexpl.o)
 .ARM.attributes
                0x00000693       0x33 /usr/local/lpcxpresso_8.0.0_526/lpcxpresso/tools/bin/../lib/gcc/arm-none-eabi/4.9.3/../../../../arm-none-eabi/lib/armv7-m/libcr_c.a(_hugeval.o)
 .ARM.attributes
                0x000006c6       0x33 /usr/local/lpcxpresso_8.0.0_526/lpcxpresso/tools/bin/../lib/gcc/arm-none-eabi/4.9.3/../../../../arm-none-eabi/lib/armv7-m/libcr_c.a(_ldexpl.o)
 .ARM.attributes
                0x000006f9       0x33 /usr/local/lpcxpresso_8.0.0_526/lpcxpresso/tools/bin/../lib/gcc/arm-none-eabi/4.9.3/../../../../arm-none-eabi/lib/armv7-m/libcr_c.a(_writebuf.o)
 .ARM.attributes
                0x0000072c       0x33 /usr/local/lpcxpresso_8.0.0_526/lpcxpresso/tools/bin/../lib/gcc/arm-none-eabi/4.9.3/../../../../arm-none-eabi/lib/armv7-m/libcr_c.a(errno.o)
 .ARM.attributes
                0x0000075f       0x33 /usr/local/lpcxpresso_8.0.0_526/lpcxpresso/tools/bin/../lib/gcc/arm-none-eabi/4.9.3/../../../../arm-none-eabi/lib/armv7-m/libcr_c.a(_cr_check_heap.o)
 .ARM.attributes
                0x00000792       0x33 /usr/local/lpcxpresso_8.0.0_526/lpcxpresso/tools/bin/../lib/gcc/arm-none-eabi/4.9.3/armv7-m/libcr_eabihelpers.a(double.o)
 .ARM.attributes
                0x000007c5       0x33 /usr/local/lpcxpresso_8.0.0_526/lpcxpresso/tools/bin/../lib/gcc/arm-none-eabi/4.9.3/armv7-m/libcr_eabihelpers.a(float.o)
 .ARM.attributes
                0x000007f8       0x21 /usr/local/lpcxpresso_8.0.0_526/lpcxpresso/tools/bin/../lib/gcc/arm-none-eabi/4.9.3/armv7-m/libcr_eabihelpers.a(memcpy.o)
 .ARM.attributes
                0x00000819       0x21 /usr/local/lpcxpresso_8.0.0_526/lpcxpresso/tools/bin/../lib/gcc/arm-none-eabi/4.9.3/../../../../arm-none-eabi/lib/armv7-m/libcr_semihost.a(__sys_appexit.o)
 .ARM.attributes
                0x0000083a       0x21 /usr/local/lpcxpresso_8.0.0_526/lpcxpresso/tools/bin/../lib/gcc/arm-none-eabi/4.9.3/../../../../arm-none-eabi/lib/armv7-m/libcr_semihost.a(__sys_close.o)
 .ARM.attributes
                0x0000085b       0x21 /usr/local/lpcxpresso_8.0.0_526/lpcxpresso/tools/bin/../lib/gcc/arm-none-eabi/4.9.3/../../../../arm-none-eabi/lib/armv7-m/libcr_semihost.a(__sys_flen.o)
 .ARM.attributes
                0x0000087c       0x21 /usr/local/lpcxpresso_8.0.0_526/lpcxpresso/tools/bin/../lib/gcc/arm-none-eabi/4.9.3/../../../../arm-none-eabi/lib/armv7-m/libcr_semihost.a(__sys_istty.o)
 .ARM.attributes
                0x0000089d       0x21 /usr/local/lpcxpresso_8.0.0_526/lpcxpresso/tools/bin/../lib/gcc/arm-none-eabi/4.9.3/../../../../arm-none-eabi/lib/armv7-m/libcr_semihost.a(__sys_remove.o)
 .ARM.attributes
                0x000008be       0x21 /usr/local/lpcxpresso_8.0.0_526/lpcxpresso/tools/bin/../lib/gcc/arm-none-eabi/4.9.3/../../../../arm-none-eabi/lib/armv7-m/libcr_semihost.a(__sys_seek.o)
 .ARM.attributes
                0x000008df       0x21 /usr/local/lpcxpresso_8.0.0_526/lpcxpresso/tools/bin/../lib/gcc/arm-none-eabi/4.9.3/../../../../arm-none-eabi/lib/armv7-m/libcr_semihost.a(__sys_tmpnam.o)
 .ARM.attributes
                0x00000900       0x21 /usr/local/lpcxpresso_8.0.0_526/lpcxpresso/tools/bin/../lib/gcc/arm-none-eabi/4.9.3/../../../../arm-none-eabi/lib/armv7-m/libcr_semihost.a(__sys_write.o)

.debug_frame    0x00000000      0x9b4
 .debug_frame   0x00000000      0x170 ./src/cr_startup_lpc175x_6x.o
 .debug_frame   0x00000170       0xd0 ./src/labyrinth_slave.o
 .debug_frame   0x00000240       0x8c ./src/tools.o
 .debug_frame   0x000002cc       0xa0 /home/jeanetie.delucing/Documents/workspace/TP1_labyrinth_slave_etu/Debug/libMyLab_lib.a(accelerometer.o)
 .debug_frame   0x0000036c      0x48c /home/jeanetie.delucing/Documents/workspace/TP1_labyrinth_slave_etu/Debug/libMyLab_lib.a(lcd.o)
 .debug_frame   0x000007f8       0x88 /home/jeanetie.delucing/Documents/workspace/TP1_labyrinth_slave_etu/Debug/libMyLab_lib.a(ssp.o)
 .debug_frame   0x00000880       0xf8 /home/jeanetie.delucing/Documents/workspace/TP1_labyrinth_slave_etu/Debug/libMyLab_lib.a(I2C.o)
 .debug_frame   0x00000978       0x3c /home/jeanetie.delucing/Documents/workspace/CMSISv2p00_LPC17xx/Debug/libCMSISv2p00_LPC17xx.a(system_LPC17xx.o)
