Archive member included to satisfy reference by file (symbol)

C:\Users\vince\Documents\LPCXpresso_5.2.6_2137\w_exercices\TP1_labyrinth_slave\Debug\libMyLab_lib.a(accelerometer.o)
                              ./src/labyrinth_slave.o (accel_init)
C:\Users\vince\Documents\LPCXpresso_5.2.6_2137\w_exercices\TP1_labyrinth_slave\Debug\libMyLab_lib.a(ethernet_mgt.o)
                              ./src/labyrinth_slave.o (ethernet_init)
C:\Users\vince\Documents\LPCXpresso_5.2.6_2137\w_exercices\TP1_labyrinth_slave\Debug\libMyLab_lib.a(ethmac.o)
                              C:\Users\vince\Documents\LPCXpresso_5.2.6_2137\w_exercices\TP1_labyrinth_slave\Debug\libMyLab_lib.a(ethernet_mgt.o) (Init_EthMAC)
C:\Users\vince\Documents\LPCXpresso_5.2.6_2137\w_exercices\TP1_labyrinth_slave\Debug\libMyLab_lib.a(lcd.o)
                              ./src/labyrinth_slave.o (init_lcd)
C:\Users\vince\Documents\LPCXpresso_5.2.6_2137\w_exercices\TP1_labyrinth_slave\Debug\libMyLab_lib.a(ssp.o)
                              C:\Users\vince\Documents\LPCXpresso_5.2.6_2137\w_exercices\TP1_labyrinth_slave\Debug\libMyLab_lib.a(lcd.o) (ssp_init_custom)
C:\Users\vince\Documents\LPCXpresso_5.2.6_2137\w_exercices\TP1_labyrinth_slave\Debug\libMyLab_lib.a(I2C.o)
                              C:\Users\vince\Documents\LPCXpresso_5.2.6_2137\w_exercices\TP1_labyrinth_slave\Debug\libMyLab_lib.a(accelerometer.o) (init_i2c)
C:\Users\vince\Documents\LPCXpresso_5.2.6_2137\w_exercices\TP1_labyrinth_slave\Debug\libMyLab_lib.a(fonts.o)
                              C:\Users\vince\Documents\LPCXpresso_5.2.6_2137\w_exercices\TP1_labyrinth_slave\Debug\libMyLab_lib.a(lcd.o) (SmallFont)
C:\Users\vince\Documents\LPCXpresso_5.2.6_2137\w_exercices\CMSISv2p00_LPC17xx\Debug\libCMSISv2p00_LPC17xx.a(system_LPC17xx.o)
                              ./src/cr_startup_lpc175x_6x.o (SystemInit)
c:/nxp/lpcxpresso_8.2.2_650/lpcxpresso/tools/bin/../lib/gcc/arm-none-eabi/5.4.1/../../../../arm-none-eabi/lib/armv7-m\libcr_semihost.a(_cr__main.o)
                              ./src/cr_startup_lpc175x_6x.o (__main)
c:/nxp/lpcxpresso_8.2.2_650/lpcxpresso/tools/bin/../lib/gcc/arm-none-eabi/5.4.1/../../../../arm-none-eabi/lib/armv7-m\libcr_c.a(memcpy.o)
                              C:\Users\vince\Documents\LPCXpresso_5.2.6_2137\w_exercices\TP1_labyrinth_slave\Debug\libMyLab_lib.a(ethernet_mgt.o) (memcpy)
c:/nxp/lpcxpresso_8.2.2_650/lpcxpresso/tools/bin/../lib/gcc/arm-none-eabi/5.4.1/../../../../arm-none-eabi/lib/armv7-m\libcr_c.a(memset.o)
                              ./src/labyrinth_slave.o (memset)
c:/nxp/lpcxpresso_8.2.2_650/lpcxpresso/tools/bin/../lib/gcc/arm-none-eabi/5.4.1/../../../../arm-none-eabi/lib/armv7-m\libcr_c.a(alloc.o)
                              C:\Users\vince\Documents\LPCXpresso_5.2.6_2137\w_exercices\TP1_labyrinth_slave\Debug\libMyLab_lib.a(lcd.o) (malloc)
c:/nxp/lpcxpresso_8.2.2_650/lpcxpresso/tools/bin/../lib/gcc/arm-none-eabi/5.4.1/../../../../arm-none-eabi/lib/armv7-m\libcr_c.a(ceil.o)
                              ./src/tools.o (ceil)
c:/nxp/lpcxpresso_8.2.2_650/lpcxpresso/tools/bin/../lib/gcc/arm-none-eabi/5.4.1/../../../../arm-none-eabi/lib/armv7-m\libcr_c.a(fclose.o)
                              C:\Users\vince\Documents\LPCXpresso_5.2.6_2137\w_exercices\TP1_labyrinth_slave\Debug\libMyLab_lib.a(lcd.o) (fclose)
c:/nxp/lpcxpresso_8.2.2_650/lpcxpresso/tools/bin/../lib/gcc/arm-none-eabi/5.4.1/../../../../arm-none-eabi/lib/armv7-m\libcr_c.a(fflush.o)
                              c:/nxp/lpcxpresso_8.2.2_650/lpcxpresso/tools/bin/../lib/gcc/arm-none-eabi/5.4.1/../../../../arm-none-eabi/lib/armv7-m\libcr_c.a(fclose.o) (fflush)
c:/nxp/lpcxpresso_8.2.2_650/lpcxpresso/tools/bin/../lib/gcc/arm-none-eabi/5.4.1/../../../../arm-none-eabi/lib/armv7-m\libcr_c.a(floor.o)
                              ./src/tools.o (floor)
c:/nxp/lpcxpresso_8.2.2_650/lpcxpresso/tools/bin/../lib/gcc/arm-none-eabi/5.4.1/../../../../arm-none-eabi/lib/armv7-m\libcr_c.a(fopen.o)
                              C:\Users\vince\Documents\LPCXpresso_5.2.6_2137\w_exercices\TP1_labyrinth_slave\Debug\libMyLab_lib.a(lcd.o) (fopen)
c:/nxp/lpcxpresso_8.2.2_650/lpcxpresso/tools/bin/../lib/gcc/arm-none-eabi/5.4.1/../../../../arm-none-eabi/lib/armv7-m\libcr_c.a(fpprintf.o)
                              C:\Users\vince\Documents\LPCXpresso_5.2.6_2137\w_exercices\TP1_labyrinth_slave\Debug\libMyLab_lib.a(lcd.o) (vsprintf)
c:/nxp/lpcxpresso_8.2.2_650/lpcxpresso/tools/bin/../lib/gcc/arm-none-eabi/5.4.1/../../../../arm-none-eabi/lib/armv7-m\libcr_c.a(fread.o)
                              C:\Users\vince\Documents\LPCXpresso_5.2.6_2137\w_exercices\TP1_labyrinth_slave\Debug\libMyLab_lib.a(lcd.o) (fread)
c:/nxp/lpcxpresso_8.2.2_650/lpcxpresso/tools/bin/../lib/gcc/arm-none-eabi/5.4.1/../../../../arm-none-eabi/lib/armv7-m\libcr_c.a(freopen.o)
[...]
Memory Configuration

Name             Origin             Length             Attributes
MFlash512        0x00000000         0x00080000         xr
RamLoc32         0x10000000         0x00008000         xrw
RamAHB32         0x2007c000         0x00008000         xrw
*default*        0x00000000         0xffffffff

Linker script and memory map

LOAD ./src/cr_startup_lpc175x_6x.o
LOAD ./src/crp.o
LOAD ./src/labyrinth_slave.o
LOAD ./src/timer.o
LOAD ./src/tools.o
LOAD C:\Users\vince\Documents\LPCXpresso_5.2.6_2137\w_exercices\TP1_labyrinth_slave\Debug\libMyLab_lib.a
LOAD C:\Users\vince\Documents\LPCXpresso_5.2.6_2137\w_exercices\CMSISv2p00_LPC17xx\Debug\libCMSISv2p00_LPC17xx.a
START GROUP
LOAD c:/nxp/lpcxpresso_8.2.2_650/lpcxpresso/tools/bin/../lib/gcc/arm-none-eabi/5.4.1/../../../../arm-none-eabi/lib/armv7-m\libcr_semihost.a
LOAD c:/nxp/lpcxpresso_8.2.2_650/lpcxpresso/tools/bin/../lib/gcc/arm-none-eabi/5.4.1/../../../../arm-none-eabi/lib/armv7-m\libcr_c.a
LOAD c:/nxp/lpcxpresso_8.2.2_650/lpcxpresso/tools/bin/../lib/gcc/arm-none-eabi/5.4.1/armv7-m\libcr_eabihelpers.a
END GROUP
                0x00000000                __base_MFlash512 = 0x0
                0x00000000                __base_Flash = 0x0
                0x00080000                __top_MFlash512 = 0x80000
                0x00080000                __top_Flash = 0x80000
                0x10000000                __base_RamLoc32 = 0x10000000
                0x10000000                __base_RAM = 0x10000000
                0x10008000                __top_RamLoc32 = 0x10008000
                0x10008000                __top_RAM = 0x10008000
                0x2007c000                __base_RamAHB32 = 0x2007c000
                0x2007c000                __base_RAM2 = 0x2007c000
                0x20084000                __top_RamAHB32 = 0x20084000
                0x20084000                __top_RAM2 = 0x20084000

.text           0x00000000     0x5ae0
 FILL mask 0xff
                0x00000000                __vectors_start__ = ABSOLUTE (.)
 *(.isr_vector)
 .isr_vector    0x00000000       0xcc ./src/cr_startup_lpc175x_6x.o
                0x00000000                g_pfnVectors
                0x000000cc                . = ALIGN (0x4)
                0x000000cc                __section_table_start = .
                0x000000cc                __data_section_table = .
                0x000000cc        0x4 LONG 0x5ae0 LOADADDR (.data)
                0x000000d0        0x4 LONG 0x10000000 ADDR (.data)
                0x000000d4        0x4 LONG 0x128 SIZEOF (.data)
                0x000000d8        0x4 LONG 0x5ae0 LOADADDR (.data_RAM2)
                0x000000dc        0x4 LONG 0x2007c000 ADDR (.data_RAM2)
                0x000000e0        0x4 LONG 0x0 SIZEOF (.data_RAM2)
                0x000000e4                __data_section_table_end = .
                0x000000e4                __bss_section_table = .
                0x000000e4        0x4 LONG 0x10000128 ADDR (.bss)
                0x000000e8        0x4 LONG 0x2a4 SIZEOF (.bss)
                0x000000ec        0x4 LONG 0x2007c000 ADDR (.bss_RAM2)
                0x000000f0        0x4 LONG 0x0 SIZEOF (.bss_RAM2)
                0x000000f4                __bss_section_table_end = .
                0x000000f4                __section_table_end = .
 *(.after_vectors*)
 .after_vectors
                0x000000f4      0x144 ./src/cr_startup_lpc175x_6x.o
                0x000000f4                data_init
                0x00000138                bss_init
                0x00000170                ResetISR
                0x000001e8                NMI_Handler
                0x000001f0                HardFault_Handler
                0x000001f8                MemManage_Handler
                0x00000200                BusFault_Handler
                0x00000208                UsageFault_Handler
                0x00000210                SVC_Handler
                0x00000218                DebugMon_Handler
                0x00000220                PendSV_Handler
                0x00000228                SysTick_Handler
                0x00000230                EINT3_IRQHandler
                0x00000230                CANActivity_IRQHandler
                0x00000230                TIMER3_IRQHandler
                0x00000230                UART0_IRQHandler
                0x00000230                UART1_IRQHandler
                0x00000230                EINT2_IRQHandler
                0x00000230                USBActivity_IRQHandler
                0x00000230                IntDefaultHandler
                0x00000230                PLL0_IRQHandler
                0x00000230                I2C0_IRQHandler
                0x00000230                I2C1_IRQHandler
                0x00000230                SSP0_IRQHandler
                0x00000230                I2S_IRQHandler
                0x00000230                I2C2_IRQHandler
                0x00000230                RTC_IRQHandler
                0x00000230                SPI_IRQHandler
                0x00000230                RIT_IRQHandler
                0x00000230                EINT1_IRQHandler
                0x00000230                TIMER1_IRQHandler
                0x00000230                UART2_IRQHandler
                0x00000230                ADC_IRQHandler
                0x00000230                SSP1_IRQHandler
                0x00000230                USB_IRQHandler
                0x00000230                BOD_IRQHandler
                0x00000230                PLL1_IRQHandler
                0x00000230                WDT_IRQHandler
                0x00000230                PWM1_IRQHandler
                0x00000230                QEI_IRQHandler
                0x00000230                EINT0_IRQHandler
                0x00000230                CAN_IRQHandler
                0x00000230                DMA_IRQHandler
                0x00000230                TIMER2_IRQHandler
                0x00000230                UART3_IRQHandler
                0x00000230                MCPWM_IRQHandler
                0x000002fc                . = 0x2fc
 *fill*         0x00000238       0xc4 ff
                0x000002fc                PROVIDE (__CRP_WORD_START__, .)
 *(.crp)
 .crp           0x000002fc        0x4 ./src/crp.o
                0x000002fc                CRP_WORD
                0x00000300                PROVIDE (__CRP_WORD_END__, .)
                0x00000001                ASSERT (! ((__CRP_WORD_START__ == __CRP_WORD_END__)), Linker CRP Enabled, but no CRP_WORD provided within application)
 *(.text*)
 .text.NVIC_EnableIRQ
                0x00000300       0x30 ./src/labyrinth_slave.o
 .text.NVIC_DisableIRQ
                0x00000330       0x34 ./src/labyrinth_slave.o
 .text.master_info_rx
                0x00000364       0x30 ./src/labyrinth_slave.o
                0x00000364                master_info_rx
 .text.main     0x00000394      0x1a8 ./src/labyrinth_slave.o
                0x00000394                main
 .text.NVIC_EnableIRQ
                0x0000053c       0x30 ./src/timer.o
 .text.TIMER0_IRQHandler
                0x0000056c       0x24 ./src/timer.o
                0x0000056c                TIMER0_IRQHandler
 .text.get_tick
                0x00000590       0x14 ./src/timer.o
                0x00000590                get_tick
 .text.init_timer0
                0x000005a4       0x38 ./src/timer.o
                0x000005a4                init_timer0
 .text.draw_labyrinth
                0x000005dc      0x150 ./src/tools.o
                0x000005dc                draw_labyrinth
 .text.accel_write_byte
                0x0000072c       0x44 C:\Users\vince\Documents\LPCXpresso_5.2.6_2137\w_exercices\TP1_labyrinth_slave\Debug\libMyLab_lib.a(accelerometer.o)
                0x0000072c                accel_write_byte
 .text.accel_read_byte
                0x00000770       0x54 C:\Users\vince\Documents\LPCXpresso_5.2.6_2137\w_exercices\TP1_labyrinth_slave\Debug\libMyLab_lib.a(accelerometer.o)
                0x00000770                accel_read_byte
 .text.accel_init
                0x000007c4       0xb4 C:\Users\vince\Documents\LPCXpresso_5.2.6_2137\w_exercices\TP1_labyrinth_slave\Debug\libMyLab_lib.a(accelerometer.o)
                0x000007c4                accel_init
 .text.accel_read
                0x00000878       0xcc C:\Users\vince\Documents\LPCXpresso_5.2.6_2137\w_exercices\TP1_labyrinth_slave\Debug\libMyLab_lib.a(accelerometer.o)
                0x00000878                accel_read
 .text.NVIC_EnableIRQ
                0x00000944       0x30 C:\Users\vince\Documents\LPCXpresso_5.2.6_2137\w_exercices\TP1_labyrinth_slave\Debug\libMyLab_lib.a(ethernet_mgt.o)
 .text.ENET_IRQHandler
                0x00000974       0x78 C:\Users\vince\Documents\LPCXpresso_5.2.6_2137\w_exercices\TP1_labyrinth_slave\Debug\libMyLab_lib.a(ethernet_mgt.o)
                0x00000974                ENET_IRQHandler
 .text.ethernet_init
                0x000009ec       0x4c C:\Users\vince\Documents\LPCXpresso_5.2.6_2137\w_exercices\TP1_labyrinth_slave\Debug\libMyLab_lib.a(ethernet_mgt.o)
                0x000009ec                ethernet_init
 .text.send_eth
                0x00000a38       0x64 C:\Users\vince\Documents\LPCXpresso_5.2.6_2137\w_exercices\TP1_labyrinth_slave\Debug\libMyLab_lib.a(ethernet_mgt.o)
                0x00000a38                send_eth
 .text.WriteToPHY
                0x00000a9c       0x50 C:\Users\vince\Documents\LPCXpresso_5.2.6_2137\w_exercices\TP1_labyrinth_slave\Debug\libMyLab_lib.a(ethmac.o)
                0x00000a9c                WriteToPHY
 .text.ReadFromPHY
                0x00000aec       0x60 C:\Users\vince\Documents\LPCXpresso_5.2.6_2137\w_exercices\TP1_labyrinth_slave\Debug\libMyLab_lib.a(ethmac.o)
                0x00000aec                ReadFromPHY
 .text.Init_EthMAC
                0x00000b4c      0x3e0 C:\Users\vince\Documents\LPCXpresso_5.2.6_2137\w_exercices\TP1_labyrinth_slave\Debug\libMyLab_lib.a(ethmac.o)
                0x00000b4c                Init_EthMAC
 .text.WriteFrame_EthMAC
                0x00000f2c       0x28 C:\Users\vince\Documents\LPCXpresso_5.2.6_2137\w_exercices\TP1_labyrinth_slave\Debug\libMyLab_lib.a(ethmac.o)
                0x00000f2c                WriteFrame_EthMAC
 .text.ReadFrame_EthMAC
                0x00000f54       0x1c C:\Users\vince\Documents\LPCXpresso_5.2.6_2137\w_exercices\TP1_labyrinth_slave\Debug\libMyLab_lib.a(ethmac.o)
                0x00000f54                ReadFrame_EthMAC
 .text.RequestSend
                0x00000f70       0x50 C:\Users\vince\Documents\LPCXpresso_5.2.6_2137\w_exercices\TP1_labyrinth_slave\Debug\libMyLab_lib.a(ethmac.o)
                0x00000f70                RequestSend
 .text.StartReadingFrame
                0x00000fc0       0x50 C:\Users\vince\Documents\LPCXpresso_5.2.6_2137\w_exercices\TP1_labyrinth_slave\Debug\libMyLab_lib.a(ethmac.o)
                0x00000fc0                StartReadingFrame
 .text.StopReadingFrame
                0x00001010       0x34 C:\Users\vince\Documents\LPCXpresso_5.2.6_2137\w_exercices\TP1_labyrinth_slave\Debug\libMyLab_lib.a(ethmac.o)
                0x00001010                StopReadingFrame
 .text.LCD_RS_ENA
                0x00001044       0x38 C:\Users\vince\Documents\LPCXpresso_5.2.6_2137\w_exercices\TP1_labyrinth_slave\Debug\libMyLab_lib.a(lcd.o)
 .text.LCD_RS_DIS
                0x0000107c       0x38 C:\Users\vince\Documents\LPCXpresso_5.2.6_2137\w_exercices\TP1_labyrinth_slave\Debug\libMyLab_lib.a(lcd.o)
 .text.Write_Cmd_Data
                0x000010b4       0x28 C:\Users\vince\Documents\LPCXpresso_5.2.6_2137\w_exercices\TP1_labyrinth_slave\Debug\libMyLab_lib.a(lcd.o)
                0x000010b4                Write_Cmd_Data
 .text.Write_Cmd
                0x000010dc       0x28 C:\Users\vince\Documents\LPCXpresso_5.2.6_2137\w_exercices\TP1_labyrinth_slave\Debug\libMyLab_lib.a(lcd.o)
                0x000010dc                Write_Cmd
 .text.Write_Data
                0x00001104       0x30 C:\Users\vince\Documents\LPCXpresso_5.2.6_2137\w_exercices\TP1_labyrinth_slave\Debug\libMyLab_lib.a(lcd.o)
                0x00001104                Write_Data
 .text.Write_Data_U16
                0x00001134       0x28 C:\Users\vince\Documents\LPCXpresso_5.2.6_2137\w_exercices\TP1_labyrinth_slave\Debug\libMyLab_lib.a(lcd.o)
                0x00001134                Write_Data_U16
 .text.Delay    0x0000115c       0x30 C:\Users\vince\Documents\LPCXpresso_5.2.6_2137\w_exercices\TP1_labyrinth_slave\Debug\libMyLab_lib.a(lcd.o)
                0x0000115c                Delay
 .text.ILI9341_Initial
                0x0000118c      0x220 C:\Users\vince\Documents\LPCXpresso_5.2.6_2137\w_exercices\TP1_labyrinth_slave\Debug\libMyLab_lib.a(lcd.o)
                0x0000118c                ILI9341_Initial
 .text.init_lcd
                0x000013ac       0x54 C:\Users\vince\Documents\LPCXpresso_5.2.6_2137\w_exercices\TP1_labyrinth_slave\Debug\libMyLab_lib.a(lcd.o)
                0x000013ac                init_lcd
 .text.LCD_SetPos
                0x00001400       0xb8 C:\Users\vince\Documents\LPCXpresso_5.2.6_2137\w_exercices\TP1_labyrinth_slave\Debug\libMyLab_lib.a(lcd.o)
                0x00001400                LCD_SetPos
 .text.clear_screen
                0x000014b8       0x4c C:\Users\vince\Documents\LPCXpresso_5.2.6_2137\w_exercices\TP1_labyrinth_slave\Debug\libMyLab_lib.a(lcd.o)
                0x000014b8                clear_screen
 .text.lcd_filled_circle
                0x00001504       0xd8 C:\Users\vince\Documents\LPCXpresso_5.2.6_2137\w_exercices\TP1_labyrinth_slave\Debug\libMyLab_lib.a(lcd.o)
                0x00001504                lcd_filled_circle
 .text.lcd_filled_rectangle
                0x000015dc       0xa4 C:\Users\vince\Documents\LPCXpresso_5.2.6_2137\w_exercices\TP1_labyrinth_slave\Debug\libMyLab_lib.a(lcd.o)
                0x000015dc                lcd_filled_rectangle
 .text.lcd_print_char
                0x00001680      0x10c C:\Users\vince\Documents\LPCXpresso_5.2.6_2137\w_exercices\TP1_labyrinth_slave\Debug\libMyLab_lib.a(lcd.o)
                0x00001680                lcd_print_char
 .text.lcd_print
                0x0000178c       0xf4 C:\Users\vince\Documents\LPCXpresso_5.2.6_2137\w_exercices\TP1_labyrinth_slave\Debug\libMyLab_lib.a(lcd.o)
                0x0000178c                lcd_print
 .text.ssp_init_custom
                0x00001880       0x84 C:\Users\vince\Documents\LPCXpresso_5.2.6_2137\w_exercices\TP1_labyrinth_slave\Debug\libMyLab_lib.a(ssp.o)
                0x00001880                ssp_init_custom
 .text.ssp_send_buf
                0x00001904       0x48 C:\Users\vince\Documents\LPCXpresso_5.2.6_2137\w_exercices\TP1_labyrinth_slave\Debug\libMyLab_lib.a(ssp.o)
                0x00001904                ssp_send_buf
 .text.init_i2c
                0x0000194c       0xfc C:\Users\vince\Documents\LPCXpresso_5.2.6_2137\w_exercices\TP1_labyrinth_slave\Debug\libMyLab_lib.a(I2C.o)
                0x0000194c                init_i2c
 .text.wait_SI  0x00001a48       0x44 C:\Users\vince\Documents\LPCXpresso_5.2.6_2137\w_exercices\TP1_labyrinth_slave\Debug\libMyLab_lib.a(I2C.o)
                0x00001a48                wait_SI
 .text.I2C_master_write
                0x00001a8c       0xec C:\Users\vince\Documents\LPCXpresso_5.2.6_2137\w_exercices\TP1_labyrinth_slave\Debug\libMyLab_lib.a(I2C.o)
                0x00001a8c                I2C_master_write
 .text.I2C_master_read
                0x00001b78      0x120 C:\Users\vince\Documents\LPCXpresso_5.2.6_2137\w_exercices\TP1_labyrinth_slave\Debug\libMyLab_lib.a(I2C.o)
                0x00001b78                I2C_master_read
 .text.SystemInit
                0x00001c98       0xe4 C:\Users\vince\Documents\LPCXpresso_5.2.6_2137\w_exercices\CMSISv2p00_LPC17xx\Debug\libCMSISv2p00_LPC17xx.a(system_LPC17xx.o)
                0x00001c98                SystemInit
 .text.__main   0x00001d7c       0x14 c:/nxp/lpcxpresso_8.2.2_650/lpcxpresso/tools/bin/../lib/gcc/arm-none-eabi/5.4.1/../../../../arm-none-eabi/lib/armv7-m\libcr_semihost.a(_cr__main.o)
                0x00001d7c                __CR_SEMIHOST
                0x00001d7c                __main
 .text.memset   0x00001d90        0x4 c:/nxp/lpcxpresso_8.2.2_650/lpcxpresso/tools/bin/../lib/gcc/arm-none-eabi/5.4.1/../../../../arm-none-eabi/lib/armv7-m\libcr_c.a(memset.o)
                0x00001d90                memset
 .text.malloc   0x00001d94       0xc8 c:/nxp/lpcxpresso_8.2.2_650/lpcxpresso/tools/bin/../lib/gcc/arm-none-eabi/5.4.1/../../../../arm-none-eabi/lib/armv7-m\libcr_c.a(alloc.o)
                0x00001d94                malloc
 .text.free     0x00001e5c       0x30 c:/nxp/lpcxpresso_8.2.2_650/lpcxpresso/tools/bin/../lib/gcc/arm-none-eabi/5.4.1/../../../../arm-none-eabi/lib/armv7-m\libcr_c.a(alloc.o)
                0x00001e5c                free
 .text._Csys_alloc
                0x00001e8c       0x20 c:/nxp/lpcxpresso_8.2.2_650/lpcxpresso/tools/bin/../lib/gcc/arm-none-eabi/5.4.1/../../../../arm-none-eabi/lib/armv7-m\libcr_c.a(alloc.o)
                0x00001e8c                _Csys_alloc
 .text.fclose   0x00001eac       0x6c c:/nxp/lpcxpresso_8.2.2_650/lpcxpresso/tools/bin/../lib/gcc/arm-none-eabi/5.4.1/../../../../arm-none-eabi/lib/armv7-m\libcr_c.a(fclose.o)
                0x00001eac                fclose
 .text.fflush   0x00001f18       0x30 c:/nxp/lpcxpresso_8.2.2_650/lpcxpresso/tools/bin/../lib/gcc/arm-none-eabi/5.4.1/../../../../arm-none-eabi/lib/armv7-m\libcr_c.a(fflush.o)
                0x00001f18                fflush
 .text.fp_round
                0x00001f48       0x4c c:/nxp/lpcxpresso_8.2.2_650/lpcxpresso/tools/bin/../lib/gcc/arm-none-eabi/5.4.1/../../../../arm-none-eabi/lib/armv7-m\libcr_c.a(fpprintf.o)
 .text.pr_dec.constprop.1
                0x00001f94       0x26 c:/nxp/lpcxpresso_8.2.2_650/lpcxpresso/tools/bin/../lib/gcc/arm-none-eabi/5.4.1/../../../../arm-none-eabi/lib/armv7-m\libcr_c.a(fpprintf.o)
 *fill*         0x00001fba        0x2 ff
 .text.sprintf  0x00001fbc       0x6c c:/nxp/lpcxpresso_8.2.2_650/lpcxpresso/tools/bin/../lib/gcc/arm-none-eabi/5.4.1/../../../../arm-none-eabi/lib/armv7-m\libcr_c.a(fpprintf.o)
                0x00001fbc                sprintf
 .text.fp_display
                0x00002028      0x8ec c:/nxp/lpcxpresso_8.2.2_650/lpcxpresso/tools/bin/../lib/gcc/arm-none-eabi/5.4.1/../../../../arm-none-eabi/lib/armv7-m\libcr_c.a(fpprintf.o)
 .text.vsprintf
                0x00002914       0x5c c:/nxp/lpcxpresso_8.2.2_650/lpcxpresso/tools/bin/../lib/gcc/arm-none-eabi/5.4.1/../../../../arm-none-eabi/lib/armv7-m\libcr_c.a(fpprintf.o)
                0x00002914                vsprintf
 .text.vsnprintf
                0x00002970       0x5c c:/nxp/lpcxpresso_8.2.2_650/lpcxpresso/tools/bin/../lib/gcc/arm-none-eabi/5.4.1/../../../../arm-none-eabi/lib/armv7-m\libcr_c.a(fpprintf.o)
                0x00002970                vsnprintf
 .text.printf   0x000029cc       0x54 c:/nxp/lpcxpresso_8.2.2_650/lpcxpresso/tools/bin/../lib/gcc/arm-none-eabi/5.4.1/../../../../arm-none-eabi/lib/armv7-m\libcr_c.a(fpprintf.o)
                0x000029cc                printf
 .text.fseek    0x00002a20      0x110 c:/nxp/lpcxpresso_8.2.2_650/lpcxpresso/tools/bin/../lib/gcc/arm-none-eabi/5.4.1/../../../../arm-none-eabi/lib/armv7-m\libcr_c.a(fseek.o)
                0x00002a20                fseek
 .text.ftell    0x00002b30       0x4c c:/nxp/lpcxpresso_8.2.2_650/lpcxpresso/tools/bin/../lib/gcc/arm-none-eabi/5.4.1/../../../../arm-none-eabi/lib/armv7-m\libcr_c.a(ftell.o)
                0x00002b30                ftell
 .text._initio  0x00002b7c       0xa4 c:/nxp/lpcxpresso_8.2.2_650/lpcxpresso/tools/bin/../lib/gcc/arm-none-eabi/5.4.1/../../../../arm-none-eabi/lib/armv7-m\libcr_c.a(initio.o)
                0x00002b7c                _initio
 .text._terminateio
                0x00002c20       0x44 c:/nxp/lpcxpresso_8.2.2_650/lpcxpresso/tools/bin/../lib/gcc/arm-none-eabi/5.4.1/../../../../arm-none-eabi/lib/armv7-m\libcr_c.a(initio.o)
                0x00002c20                _terminateio
 .text.__vfprintf
                0x00002c64      0xd28 c:/nxp/lpcxpresso_8.2.2_650/lpcxpresso/tools/bin/../lib/gcc/arm-none-eabi/5.4.1/../../../../arm-none-eabi/lib/armv7-m\libcr_c.a(printf.o)
                0x00002c64                __vfprintf
 .text.remove   0x0000398c       0x14 c:/nxp/lpcxpresso_8.2.2_650/lpcxpresso/tools/bin/../lib/gcc/arm-none-eabi/5.4.1/../../../../arm-none-eabi/lib/armv7-m\libcr_c.a(remove.o)
                0x0000398c                remove
 .text.setvbuf  0x000039a0       0x40 c:/nxp/lpcxpresso_8.2.2_650/lpcxpresso/tools/bin/../lib/gcc/arm-none-eabi/5.4.1/../../../../arm-none-eabi/lib/armv7-m\libcr_c.a(setvbuf.o)
                0x000039a0                setvbuf
 .text.sqrt     0x000039e0      0x11c c:/nxp/lpcxpresso_8.2.2_650/lpcxpresso/tools/bin/../lib/gcc/arm-none-eabi/5.4.1/../../../../arm-none-eabi/lib/armv7-m\libcr_c.a(sqrt.o)
                0x000039e0                sqrt
 .text.exit     0x00003afc       0x2c c:/nxp/lpcxpresso_8.2.2_650/lpcxpresso/tools/bin/../lib/gcc/arm-none-eabi/5.4.1/../../../../arm-none-eabi/lib/armv7-m\libcr_c.a(stdlib.o)
                0x00003afc                exit
 .text.strlen   0x00003b28       0x4a c:/nxp/lpcxpresso_8.2.2_650/lpcxpresso/tools/bin/../lib/gcc/arm-none-eabi/5.4.1/../../../../arm-none-eabi/lib/armv7-m\libcr_c.a(strlen.o)
                0x00003b28                strlen
 *fill*         0x00003b72        0x2 ff
 .text._sbrk    0x00003b74       0x40 c:/nxp/lpcxpresso_8.2.2_650/lpcxpresso/tools/bin/../lib/gcc/arm-none-eabi/5.4.1/../../../../arm-none-eabi/lib/armv7-m\libcr_c.a(_cr_sbrk.o)
                0x00003b74                _sbrk
 .text._deferredlazyseek
                0x00003bb4       0x44 c:/nxp/lpcxpresso_8.2.2_650/lpcxpresso/tools/bin/../lib/gcc/arm-none-eabi/5.4.1/../../../../arm-none-eabi/lib/armv7-m\libcr_c.a(_deferredlazyseek.o)
                0x00003bb4                _deferredlazyseek
 .text.__flsbuf
                0x00003bf8      0x140 c:/nxp/lpcxpresso_8.2.2_650/lpcxpresso/tools/bin/../lib/gcc/arm-none-eabi/5.4.1/../../../../arm-none-eabi/lib/armv7-m\libcr_c.a(_deferredlazyseek.o)
                0x00003bf8                __flsbuf
 .text._do_fflush
                0x00003d38       0x44 c:/nxp/lpcxpresso_8.2.2_650/lpcxpresso/tools/bin/../lib/gcc/arm-none-eabi/5.4.1/../../../../arm-none-eabi/lib/armv7-m\libcr_c.a(_do_fflush.o)
                0x00003d38                _do_fflush
 .text._fdopen  0x00003d7c       0x6a c:/nxp/lpcxpresso_8.2.2_650/lpcxpresso/tools/bin/../lib/gcc/arm-none-eabi/5.4.1/../../../../arm-none-eabi/lib/armv7-m\libcr_c.a(_fdopen.o)
                0x00003d7c                _fdopen
 .text._fflush  0x00003de6       0x58 c:/nxp/lpcxpresso_8.2.2_650/lpcxpresso/tools/bin/../lib/gcc/arm-none-eabi/5.4.1/../../../../arm-none-eabi/lib/armv7-m\libcr_c.a(_fflush.o)
                0x00003de6                _fflush
 .text._frexpl  0x00003e3e       0x5a c:/nxp/lpcxpresso_8.2.2_650/lpcxpresso/tools/bin/../lib/gcc/arm-none-eabi/5.4.1/../../../../arm-none-eabi/lib/armv7-m\libcr_c.a(_frexpl.o)
                0x00003e3e                _frexpl
 .text._ldexpl  0x00003e98       0x4c c:/nxp/lpcxpresso_8.2.2_650/lpcxpresso/tools/bin/../lib/gcc/arm-none-eabi/5.4.1/../../../../arm-none-eabi/lib/armv7-m\libcr_c.a(_ldexpl.o)
                0x00003e98                _ldexpl
 .text._Cwritebuf
                0x00003ee4       0x68 c:/nxp/lpcxpresso_8.2.2_650/lpcxpresso/tools/bin/../lib/gcc/arm-none-eabi/5.4.1/../../../../arm-none-eabi/lib/armv7-m\libcr_c.a(_writebuf.o)
                0x00003ee4                _Cwritebuf
 .text.__check_heap_overflow
                0x00003f4c       0x18 c:/nxp/lpcxpresso_8.2.2_650/lpcxpresso/tools/bin/../lib/gcc/arm-none-eabi/5.4.1/../../../../arm-none-eabi/lib/armv7-m\libcr_c.a(_cr_check_heap.o)
                0x00003f4c                __check_heap_overflow
 .text.__aeabi_dmul
                0x00003f64      0x110 c:/nxp/lpcxpresso_8.2.2_650/lpcxpresso/tools/bin/../lib/gcc/arm-none-eabi/5.4.1/armv7-m\libcr_eabihelpers.a(double.o)
                0x00003f64                __aeabi_dmul
 .text.__aeabi_ddiv
                0x00004074      0x138 c:/nxp/lpcxpresso_8.2.2_650/lpcxpresso/tools/bin/../lib/gcc/arm-none-eabi/5.4.1/armv7-m\libcr_eabihelpers.a(double.o)
                0x00004074                __aeabi_ddiv
 .text.__aeabi_dsub
                0x000041ac      0x1a0 c:/nxp/lpcxpresso_8.2.2_650/lpcxpresso/tools/bin/../lib/gcc/arm-none-eabi/5.4.1/armv7-m\libcr_eabihelpers.a(double.o)
                0x000041ac                __aeabi_dsub
 .text.__aeabi_dadd
                0x0000434c      0x10c c:/nxp/lpcxpresso_8.2.2_650/lpcxpresso/tools/bin/../lib/gcc/arm-none-eabi/5.4.1/armv7-m\libcr_eabihelpers.a(double.o)
                0x0000434c                __aeabi_dadd
 .text.__aeabi_d2iz
                0x00004458       0x40 c:/nxp/lpcxpresso_8.2.2_650/lpcxpresso/tools/bin/../lib/gcc/arm-none-eabi/5.4.1/armv7-m\libcr_eabihelpers.a(double.o)
                0x00004458                __aeabi_d2iz
 .text.__bhs_ui2d
                0x00004498       0x46 c:/nxp/lpcxpresso_8.2.2_650/lpcxpresso/tools/bin/../lib/gcc/arm-none-eabi/5.4.1/armv7-m\libcr_eabihelpers.a(double.o)
                0x00004498                __bhs_ui2d
 .text.__aeabi_i2d
                0x000044de       0x10 c:/nxp/lpcxpresso_8.2.2_650/lpcxpresso/tools/bin/../lib/gcc/arm-none-eabi/5.4.1/armv7-m\libcr_eabihelpers.a(double.o)
                0x000044de                __aeabi_i2d
 .text.__aeabi_dcmpeq
                0x000044ee       0x2c c:/nxp/lpcxpresso_8.2.2_650/lpcxpresso/tools/bin/../lib/gcc/arm-none-eabi/5.4.1/armv7-m\libcr_eabihelpers.a(double.o)
                0x000044ee                __aeabi_dcmpeq
 .text.__aeabi_dcmplt
                0x0000451a       0x54 c:/nxp/lpcxpresso_8.2.2_650/lpcxpresso/tools/bin/../lib/gcc/arm-none-eabi/5.4.1/armv7-m\libcr_eabihelpers.a(double.o)
                0x0000451a                __aeabi_dcmplt
 .text.__aeabi_dcmple
                0x0000456e       0x54 c:/nxp/lpcxpresso_8.2.2_650/lpcxpresso/tools/bin/../lib/gcc/arm-none-eabi/5.4.1/armv7-m\libcr_eabihelpers.a(double.o)
                0x0000456e                __aeabi_dcmple
 .text.__aeabi_dcmpge
                0x000045c2       0x54 c:/nxp/lpcxpresso_8.2.2_650/lpcxpresso/tools/bin/../lib/gcc/arm-none-eabi/5.4.1/armv7-m\libcr_eabihelpers.a(double.o)
                0x000045c2                __aeabi_dcmpge
 *fill*         0x00004616        0x2 ff
 .text.__aeabi_fdiv
                0x00004618       0xc0 c:/nxp/lpcxpresso_8.2.2_650/lpcxpresso/tools/bin/../lib/gcc/arm-none-eabi/5.4.1/armv7-m\libcr_eabihelpers.a(float.o)
                0x00004618                __aeabi_fdiv
 .text.__bhs_ui2f
                0x000046d8       0x26 c:/nxp/lpcxpresso_8.2.2_650/lpcxpresso/tools/bin/../lib/gcc/arm-none-eabi/5.4.1/armv7-m\libcr_eabihelpers.a(float.o)
                0x000046d8                __bhs_ui2f
 .text.__aeabi_i2f
                0x000046fe       0x10 c:/nxp/lpcxpresso_8.2.2_650/lpcxpresso/tools/bin/../lib/gcc/arm-none-eabi/5.4.1/armv7-m\libcr_eabihelpers.a(float.o)
                0x000046fe                __aeabi_i2f
 .text.__aeabi_memset_lowlevel
                0x0000470e       0x32 c:/nxp/lpcxpresso_8.2.2_650/lpcxpresso/tools/bin/../lib/gcc/arm-none-eabi/5.4.1/armv7-m\libcr_eabihelpers.a(memcpy.o)
                0x0000470e                __aeabi_lowlevel_memset
 .text.__sys_appexit
                0x00004740        0xc c:/nxp/lpcxpresso_8.2.2_650/lpcxpresso/tools/bin/../lib/gcc/arm-none-eabi/5.4.1/../../../../arm-none-eabi/lib/armv7-m\libcr_semihost.a(__sys_appexit.o)
                0x00004740                __sys_appexit
                0x00004740                __exit
 .text.__sys_close
                0x0000474c        0xc c:/nxp/lpcxpresso_8.2.2_650/lpcxpresso/tools/bin/../lib/gcc/arm-none-eabi/5.4.1/../../../../arm-none-eabi/lib/armv7-m\libcr_semihost.a(__sys_close.o)
                0x0000474c                __sys_close
 .text.__sys_flen
                0x00004758        0xc c:/nxp/lpcxpresso_8.2.2_650/lpcxpresso/tools/bin/../lib/gcc/arm-none-eabi/5.4.1/../../../../arm-none-eabi/lib/armv7-m\libcr_semihost.a(__sys_flen.o)
                0x00004758                __sys_flen
 .text.__sys_istty
                0x00004764        0xc c:/nxp/lpcxpresso_8.2.2_650/lpcxpresso/tools/bin/../lib/gcc/arm-none-eabi/5.4.1/../../../../arm-none-eabi/lib/armv7-m\libcr_semihost.a(__sys_istty.o)
                0x00004764                __sys_istty
 .text.__sys_remove
                0x00004770        0xc c:/nxp/lpcxpresso_8.2.2_650/lpcxpresso/tools/bin/../lib/gcc/arm-none-eabi/5.4.1/../../../../arm-none-eabi/lib/armv7-m\libcr_semihost.a(__sys_remove.o)
                0x00004770                __sys_remove
 .text.__sys_seek
                0x0000477c        0xc c:/nxp/lpcxpresso_8.2.2_650/lpcxpresso/tools/bin/../lib/gcc/arm-none-eabi/5.4.1/../../../../arm-none-eabi/lib/armv7-m\libcr_semihost.a(__sys_seek.o)
                0x0000477c                __sys_seek
 .text.__sys_tmpnam
                0x00004788        0xc c:/nxp/lpcxpresso_8.2.2_650/lpcxpresso/tools/bin/../lib/gcc/arm-none-eabi/5.4.1/../../../../arm-none-eabi/lib/armv7-m\libcr_semihost.a(__sys_tmpnam.o)
                0x00004788                __sys_tmpnam
 .text.__sys_write
                0x00004794        0xc c:/nxp/lpcxpresso_8.2.2_650/lpcxpresso/tools/bin/../lib/gcc/arm-none-eabi/5.4.1/../../../../arm-none-eabi/lib/armv7-m\libcr_semihost.a(__sys_write.o)
                0x00004794                __sys_write
                0x00004794                __write
 *(.rodata .rodata.* .constdata .constdata.*)
 .rodata        0x000047a0       0x52 ./src/labyrinth_slave.o
 *fill*         0x000047f2        0x2 ff
 .rodata        0x000047f4       0x28 C:\Users\vince\Documents\LPCXpresso_5.2.6_2137\w_exercices\TP1_labyrinth_slave\Debug\libMyLab_lib.a(ethernet_mgt.o)
 .rodata        0x0000481c       0x37 C:\Users\vince\Documents\LPCXpresso_5.2.6_2137\w_exercices\TP1_labyrinth_slave\Debug\libMyLab_lib.a(ethmac.o)
 *fill*         0x00004853        0x1 ff
 .rodata        0x00004854      0x19b C:\Users\vince\Documents\LPCXpresso_5.2.6_2137\w_exercices\TP1_labyrinth_slave\Debug\libMyLab_lib.a(lcd.o)
 *fill*         0x000049ef        0x1 ff
 .rodata.SmallFont
                0x000049f0      0x478 C:\Users\vince\Documents\LPCXpresso_5.2.6_2137\w_exercices\TP1_labyrinth_slave\Debug\libMyLab_lib.a(fonts.o)
                0x000049f0                SmallFont
 .rodata.BigFont
                0x00004e68      0xbe4 C:\Users\vince\Documents\LPCXpresso_5.2.6_2137\w_exercices\TP1_labyrinth_slave\Debug\libMyLab_lib.a(fonts.o)
                0x00004e68                BigFont
 .rodata.str1.1
                0x00005a4c       0x18 c:/nxp/lpcxpresso_8.2.2_650/lpcxpresso/tools/bin/../lib/gcc/arm-none-eabi/5.4.1/../../../../arm-none-eabi/lib/armv7-m\libcr_c.a(alloc.o)
 .rodata.str1.1
                0x00005a64       0x34 c:/nxp/lpcxpresso_8.2.2_650/lpcxpresso/tools/bin/../lib/gcc/arm-none-eabi/5.4.1/../../../../arm-none-eabi/lib/armv7-m\libcr_c.a(fpprintf.o)
                                 0x35 (size before relaxing)
 .rodata.str1.1
                0x00005a98        0x4 c:/nxp/lpcxpresso_8.2.2_650/lpcxpresso/tools/bin/../lib/gcc/arm-none-eabi/5.4.1/../../../../arm-none-eabi/lib/armv7-m\libcr_c.a(initio.o)
 .rodata.str1.1
                0x00005a9c       0x31 c:/nxp/lpcxpresso_8.2.2_650/lpcxpresso/tools/bin/../lib/gcc/arm-none-eabi/5.4.1/../../../../arm-none-eabi/lib/armv7-m\libcr_c.a(printf.o)
                                 0x38 (size before relaxing)
 *fill*         0x00005acd        0x3 ff
 .rodata.__huge_val
                0x00005ad0        0x8 c:/nxp/lpcxpresso_8.2.2_650/lpcxpresso/tools/bin/../lib/gcc/arm-none-eabi/5.4.1/../../../../arm-none-eabi/lib/armv7-m\libcr_c.a(_hugeval.o)
                0x00005ad0                __huge_val
 .rodata.__huge_vall
                0x00005ad8        0x8 c:/nxp/lpcxpresso_8.2.2_650/lpcxpresso/tools/bin/../lib/gcc/arm-none-eabi/5.4.1/../../../../arm-none-eabi/lib/armv7-m\libcr_c.a(_hugeval.o)
                0x00005ad8                __huge_vall
                0x00005ae0                . = ALIGN (0x4)

.glue_7         0x00005ae0        0x0
 .glue_7        0x00005ae0        0x0 linker stubs

.glue_7t        0x00005ae0        0x0
 .glue_7t       0x00005ae0        0x0 linker stubs

.vfp11_veneer   0x00005ae0        0x0
 .vfp11_veneer  0x00005ae0        0x0 linker stubs

.v4_bx          0x00005ae0        0x0
 .v4_bx         0x00005ae0        0x0 linker stubs

.iplt           0x00005ae0        0x0
 .iplt          0x00005ae0        0x0 ./src/cr_startup_lpc175x_6x.o

.rel.dyn        0x00005ae0        0x0
 .rel.iplt      0x00005ae0        0x0 ./src/cr_startup_lpc175x_6x.o

.ARM.extab
 *(.ARM.extab* .gnu.linkonce.armextab.*)
                0x00005ae0                __exidx_start = .

.ARM.exidx
 *(.ARM.exidx* .gnu.linkonce.armexidx.*)
                0x00005ae0                __exidx_end = .
                0x00005ae0                _etext = .

.data_RAM2      0x2007c000        0x0 load address 0x00005ae0
 FILL mask 0xff
                [!provide]                PROVIDE (__start_data_RAM2, .)
 *(.ramfunc.$RAM2)
 *(.ramfunc.$RamAHB32)
 *(.data.$RAM2*)
 *(.data.$RamAHB32*)
                0x2007c000                . = ALIGN (0x4)
                [!provide]                PROVIDE (__end_data_RAM2, .)

.uninit_RESERVED
                0x10000000        0x0
 *(.bss.$RESERVED*)
                0x10000000                . = ALIGN (0x4)
                0x10000000                _end_uninit_RESERVED = .

.data           0x10000000      0x128 load address 0x00005ae0
 FILL mask 0xff
                0x10000000                _data = .
 *(vtable)
 *(.ramfunc*)
 *(.data*)
 .data.labyrinth_points
                0x10000000      0x128 ./src/labyrinth_slave.o
                0x10000128                . = ALIGN (0x4)
                0x10000128                _edata = .

.igot.plt       0x10000128        0x0 load address 0x00005c08
 .igot.plt      0x10000128        0x0 ./src/cr_startup_lpc175x_6x.o

.bss_RAM2       0x2007c000        0x0
                [!provide]                PROVIDE (__start_bss_RAM2, .)
 *(.bss.$RAM2*)
 *(.bss.$RamAHB32*)
                0x2007c000                . = ALIGN ((. != 0x0)?0x4:0x1)
                [!provide]                PROVIDE (__end_bss_RAM2, .)

.bss            0x10000128      0x2a4
                0x10000128                _bss = .
 *(.bss*)
 .bss.timer_count
                0x10000128        0x4 ./src/timer.o
 .bss.i2c_h     0x1000012c        0x4 C:\Users\vince\Documents\LPCXpresso_5.2.6_2137\w_exercices\TP1_labyrinth_slave\Debug\libMyLab_lib.a(accelerometer.o)
 .bss.rx_irq_callback
                0x10000130        0x4 C:\Users\vince\Documents\LPCXpresso_5.2.6_2137\w_exercices\TP1_labyrinth_slave\Debug\libMyLab_lib.a(ethernet_mgt.o)
 .bss.dat       0x10000134       0x3c C:\Users\vince\Documents\LPCXpresso_5.2.6_2137\w_exercices\TP1_labyrinth_slave\Debug\libMyLab_lib.a(ethernet_mgt.o)
 .bss.rx        0x10000170        0x4 C:\Users\vince\Documents\LPCXpresso_5.2.6_2137\w_exercices\TP1_labyrinth_slave\Debug\libMyLab_lib.a(ethernet_mgt.o)
                0x10000170                rx
 .bss.rxptr     0x10000174        0x4 C:\Users\vince\Documents\LPCXpresso_5.2.6_2137\w_exercices\TP1_labyrinth_slave\Debug\libMyLab_lib.a(ethmac.o)
 .bss.txptr     0x10000178        0x4 C:\Users\vince\Documents\LPCXpresso_5.2.6_2137\w_exercices\TP1_labyrinth_slave\Debug\libMyLab_lib.a(ethmac.o)
 .bss._extra    0x1000017c        0x4 c:/nxp/lpcxpresso_8.2.2_650/lpcxpresso/tools/bin/../lib/gcc/arm-none-eabi/5.4.1/../../../../arm-none-eabi/lib/armv7-m\libcr_c.a(initio.o)
                0x1000017c                _extra
 .bss.__Ciob    0x10000180      0x140 c:/nxp/lpcxpresso_8.2.2_650/lpcxpresso/tools/bin/../lib/gcc/arm-none-eabi/5.4.1/../../../../arm-none-eabi/lib/armv7-m\libcr_c.a(stdio.o)
                0x10000180                __Ciob
 .bss._exitvector
                0x100002c0       0x84 c:/nxp/lpcxpresso_8.2.2_650/lpcxpresso/tools/bin/../lib/gcc/arm-none-eabi/5.4.1/../../../../arm-none-eabi/lib/armv7-m\libcr_c.a(stdlib.o)
                0x100002c0                _exitvector
 .bss._number_of_exit_functions
                0x10000344        0x4 c:/nxp/lpcxpresso_8.2.2_650/lpcxpresso/tools/bin/../lib/gcc/arm-none-eabi/5.4.1/../../../../arm-none-eabi/lib/armv7-m\libcr_c.a(stdlib.o)
                0x10000344                _number_of_exit_functions
 .bss.__heaps   0x10000348        0x4 c:/nxp/lpcxpresso_8.2.2_650/lpcxpresso/tools/bin/../lib/gcc/arm-none-eabi/5.4.1/../../../../arm-none-eabi/lib/armv7-m\libcr_c.a(__init_alloc.o)
                0x10000348                __heaps
 .bss.__end_of_heap
                0x1000034c        0x4 c:/nxp/lpcxpresso_8.2.2_650/lpcxpresso/tools/bin/../lib/gcc/arm-none-eabi/5.4.1/../../../../arm-none-eabi/lib/armv7-m\libcr_c.a(__init_alloc.o)
                0x1000034c                __end_of_heap
 .bss.errno     0x10000350        0x4 c:/nxp/lpcxpresso_8.2.2_650/lpcxpresso/tools/bin/../lib/gcc/arm-none-eabi/5.4.1/../../../../arm-none-eabi/lib/armv7-m\libcr_c.a(errno.o)
                0x10000350                errno
 *(COMMON)
 COMMON         0x10000354       0x78 ./src/labyrinth_slave.o
                0x10000354                last_ball_coord
                0x1000037c                master_tx
                0x100003cc                . = ALIGN (0x4)
                0x100003cc                _ebss = .
                [!provide]                PROVIDE (end, .)

.noinit_RAM2    0x2007c000        0x0
 *(.noinit.$RAM2*)
 *(.noinit.$RamAHB32*)
                0x2007c000                . = ALIGN (0x4)

.noinit         0x100003cc        0x0
                0x100003cc                _noinit = .
 *(.noinit*)
                0x100003cc                . = ALIGN (0x4)
                0x100003cc                _end_noinit = .
                0x100003cc                PROVIDE (_pvHeapStart, DEFINED (__user_heap_base)?__user_heap_base:.)
                0x10008000                PROVIDE (_vStackTop, DEFINED (__user_stack_top)?__user_stack_top:(__top_RamLoc32 - 0x0))
                [!provide]                PROVIDE (__valid_user_code_checksum, (0x0 - ((((((_vStackTop + (ResetISR + 0x1)) + (NMI_Handler + 0x1)) + (HardFault_Handler + 0x1)) + (DEFINED (MemManage_Handler)?MemManage_Handler:0x0 + 0x1)) + (DEFINED (BusFault_Handler)?BusFault_Handler:0x0 + 0x1)) + (DEFINED (UsageFault_Handler)?UsageFault_Handler:0x0 + 0x1))))
OUTPUT(TP1_labyrinth_slave.axf elf32-littlearm)

.debug_info     0x00000000     0x48a3
 .debug_info    0x00000000      0x250 ./src/cr_startup_lpc175x_6x.o
 .debug_info    0x00000250       0x3f ./src/crp.o
 .debug_info    0x0000028f      0x581 ./src/labyrinth_slave.o
 .debug_info    0x00000810      0x4d9 ./src/timer.o
 .debug_info    0x00000ce9      0x2a0 ./src/tools.o
 .debug_info    0x00000f89      0x362 C:\Users\vince\Documents\LPCXpresso_5.2.6_2137\w_exercices\TP1_labyrinth_slave\Debug\libMyLab_lib.a(accelerometer.o)
 .debug_info    0x000012eb      0x7d8 C:\Users\vince\Documents\LPCXpresso_5.2.6_2137\w_exercices\TP1_labyrinth_slave\Debug\libMyLab_lib.a(ethernet_mgt.o)
 .debug_info    0x00001ac3      0x9cb C:\Users\vince\Documents\LPCXpresso_5.2.6_2137\w_exercices\TP1_labyrinth_slave\Debug\libMyLab_lib.a(ethmac.o)
 .debug_info    0x0000248e     0x129f C:\Users\vince\Documents\LPCXpresso_5.2.6_2137\w_exercices\TP1_labyrinth_slave\Debug\libMyLab_lib.a(lcd.o)
 .debug_info    0x0000372d      0x5ab C:\Users\vince\Documents\LPCXpresso_5.2.6_2137\w_exercices\TP1_labyrinth_slave\Debug\libMyLab_lib.a(ssp.o)
 .debug_info    0x00003cd8      0x809 C:\Users\vince\Documents\LPCXpresso_5.2.6_2137\w_exercices\TP1_labyrinth_slave\Debug\libMyLab_lib.a(I2C.o)
 .debug_info    0x000044e1       0xaa C:\Users\vince\Documents\LPCXpresso_5.2.6_2137\w_exercices\TP1_labyrinth_slave\Debug\libMyLab_lib.a(fonts.o)
 .debug_info    0x0000458b      0x318 C:\Users\vince\Documents\LPCXpresso_5.2.6_2137\w_exercices\CMSISv2p00_LPC17xx\Debug\libCMSISv2p00_LPC17xx.a(system_LPC17xx.o)

.debug_abbrev   0x00000000     0x1109
 .debug_abbrev  0x00000000       0xf5 ./src/cr_startup_lpc175x_6x.o
 .debug_abbrev  0x000000f5       0x36 ./src/crp.o
 .debug_abbrev  0x0000012b      0x1b5 ./src/labyrinth_slave.o
 .debug_abbrev  0x000002e0      0x1c3 ./src/timer.o
 .debug_abbrev  0x000004a3      0x122 ./src/tools.o
 .debug_abbrev  0x000005c5      0x111 C:\Users\vince\Documents\LPCXpresso_5.2.6_2137\w_exercices\TP1_labyrinth_slave\Debug\libMyLab_lib.a(accelerometer.o)
 .debug_abbrev  0x000006d6      0x1fc C:\Users\vince\Documents\LPCXpresso_5.2.6_2137\w_exercices\TP1_labyrinth_slave\Debug\libMyLab_lib.a(ethernet_mgt.o)
 .debug_abbrev  0x000008d2      0x205 C:\Users\vince\Documents\LPCXpresso_5.2.6_2137\w_exercices\TP1_labyrinth_slave\Debug\libMyLab_lib.a(ethmac.o)
 .debug_abbrev  0x00000ad7      0x274 C:\Users\vince\Documents\LPCXpresso_5.2.6_2137\w_exercices\TP1_labyrinth_slave\Debug\libMyLab_lib.a(lcd.o)
 .debug_abbrev  0x00000d4b      0x13a C:\Users\vince\Documents\LPCXpresso_5.2.6_2137\w_exercices\TP1_labyrinth_slave\Debug\libMyLab_lib.a(ssp.o)
 .debug_abbrev  0x00000e85      0x156 C:\Users\vince\Documents\LPCXpresso_5.2.6_2137\w_exercices\TP1_labyrinth_slave\Debug\libMyLab_lib.a(I2C.o)
 .debug_abbrev  0x00000fdb       0x48 C:\Users\vince\Documents\LPCXpresso_5.2.6_2137\w_exercices\TP1_labyrinth_slave\Debug\libMyLab_lib.a(fonts.o)
 .debug_abbrev  0x00001023       0xe6 C:\Users\vince\Documents\LPCXpresso_5.2.6_2137\w_exercices\CMSISv2p00_LPC17xx\Debug\libCMSISv2p00_LPC17xx.a(system_LPC17xx.o)

.debug_aranges  0x00000000      0x3e8
 .debug_aranges
                0x00000000       0x80 ./src/cr_startup_lpc175x_6x.o
 .debug_aranges
                0x00000080       0x18 ./src/crp.o
 .debug_aranges
                0x00000098       0x38 ./src/labyrinth_slave.o
 .debug_aranges
                0x000000d0       0x40 ./src/timer.o
 .debug_aranges
                0x00000110       0x30 ./src/tools.o
 .debug_aranges
                0x00000140       0x38 C:\Users\vince\Documents\LPCXpresso_5.2.6_2137\w_exercices\TP1_labyrinth_slave\Debug\libMyLab_lib.a(accelerometer.o)
 .debug_aranges
                0x00000178       0x40 C:\Users\vince\Documents\LPCXpresso_5.2.6_2137\w_exercices\TP1_labyrinth_slave\Debug\libMyLab_lib.a(ethernet_mgt.o)
 .debug_aranges
                0x000001b8       0x68 C:\Users\vince\Documents\LPCXpresso_5.2.6_2137\w_exercices\TP1_labyrinth_slave\Debug\libMyLab_lib.a(ethmac.o)
 .debug_aranges
                0x00000220      0x110 C:\Users\vince\Documents\LPCXpresso_5.2.6_2137\w_exercices\TP1_labyrinth_slave\Debug\libMyLab_lib.a(lcd.o)
 .debug_aranges
                0x00000330       0x30 C:\Users\vince\Documents\LPCXpresso_5.2.6_2137\w_exercices\TP1_labyrinth_slave\Debug\libMyLab_lib.a(ssp.o)
 .debug_aranges
                0x00000360       0x48 C:\Users\vince\Documents\LPCXpresso_5.2.6_2137\w_exercices\TP1_labyrinth_slave\Debug\libMyLab_lib.a(I2C.o)
 .debug_aranges
                0x000003a8       0x18 C:\Users\vince\Documents\LPCXpresso_5.2.6_2137\w_exercices\TP1_labyrinth_slave\Debug\libMyLab_lib.a(fonts.o)
 .debug_aranges
                0x000003c0       0x28 C:\Users\vince\Documents\LPCXpresso_5.2.6_2137\w_exercices\CMSISv2p00_LPC17xx\Debug\libCMSISv2p00_LPC17xx.a(system_LPC17xx.o)

.debug_ranges   0x00000000      0x338
 .debug_ranges  0x00000000       0x70 ./src/cr_startup_lpc175x_6x.o
 .debug_ranges  0x00000070       0x28 ./src/labyrinth_slave.o
 .debug_ranges  0x00000098       0x30 ./src/timer.o
 .debug_ranges  0x000000c8       0x20 ./src/tools.o
 .debug_ranges  0x000000e8       0x28 C:\Users\vince\Documents\LPCXpresso_5.2.6_2137\w_exercices\TP1_labyrinth_slave\Debug\libMyLab_lib.a(accelerometer.o)
 .debug_ranges  0x00000110       0x30 C:\Users\vince\Documents\LPCXpresso_5.2.6_2137\w_exercices\TP1_labyrinth_slave\Debug\libMyLab_lib.a(ethernet_mgt.o)
 .debug_ranges  0x00000140       0x58 C:\Users\vince\Documents\LPCXpresso_5.2.6_2137\w_exercices\TP1_labyrinth_slave\Debug\libMyLab_lib.a(ethmac.o)
 .debug_ranges  0x00000198      0x130 C:\Users\vince\Documents\LPCXpresso_5.2.6_2137\w_exercices\TP1_labyrinth_slave\Debug\libMyLab_lib.a(lcd.o)
 .debug_ranges  0x000002c8       0x20 C:\Users\vince\Documents\LPCXpresso_5.2.6_2137\w_exercices\TP1_labyrinth_slave\Debug\libMyLab_lib.a(ssp.o)
 .debug_ranges  0x000002e8       0x38 C:\Users\vince\Documents\LPCXpresso_5.2.6_2137\w_exercices\TP1_labyrinth_slave\Debug\libMyLab_lib.a(I2C.o)
 .debug_ranges  0x00000320       0x18 C:\Users\vince\Documents\LPCXpresso_5.2.6_2137\w_exercices\CMSISv2p00_LPC17xx\Debug\libCMSISv2p00_LPC17xx.a(system_LPC17xx.o)

.debug_macro    0x00000000     0x4085
 .debug_macro   0x00000000       0x1d ./src/cr_startup_lpc175x_6x.o
 .debug_macro   0x0000001d      0x892 ./src/cr_startup_lpc175x_6x.o
 .debug_macro   0x000008af       0x1a ./src/crp.o
 .debug_macro   0x000008c9       0x34 ./src/crp.o
 .debug_macro   0x000008fd      0x122 ./src/labyrinth_slave.o
 .debug_macro   0x00000a1f       0x1c ./src/labyrinth_slave.o
 .debug_macro   0x00000a3b       0x2e ./src/labyrinth_slave.o
 .debug_macro   0x00000a69       0x10 ./src/labyrinth_slave.o
 .debug_macro   0x00000a79      0x12d ./src/labyrinth_slave.o
 .debug_macro   0x00000ba6      0x5b2 ./src/labyrinth_slave.o
 .debug_macro   0x00001158       0x18 ./src/labyrinth_slave.o
 .debug_macro   0x00001170      0x7af ./src/labyrinth_slave.o
 .debug_macro   0x0000191f      0x2c7 ./src/labyrinth_slave.o
 .debug_macro   0x00001be6       0x22 ./src/labyrinth_slave.o
 .debug_macro   0x00001c08       0xa0 ./src/labyrinth_slave.o
 .debug_macro   0x00001ca8       0x82 ./src/labyrinth_slave.o
 .debug_macro   0x00001d2a       0x1c ./src/labyrinth_slave.o
 .debug_macro   0x00001d46       0x28 ./src/labyrinth_slave.o
 .debug_macro   0x00001d6e       0x1c ./src/labyrinth_slave.o
 .debug_macro   0x00001d8a       0xc2 ./src/labyrinth_slave.o
 .debug_macro   0x00001e4c       0xd6 ./src/labyrinth_slave.o
 .debug_macro   0x00001f22       0x22 ./src/labyrinth_slave.o
 .debug_macro   0x00001f44       0x92 ./src/timer.o
 .debug_macro   0x00001fd6       0x28 ./src/timer.o
 .debug_macro   0x00001ffe       0xc0 ./src/tools.o
 .debug_macro   0x000020be       0xc4 ./src/tools.o
 .debug_macro   0x00002182       0x1c ./src/tools.o
 .debug_macro   0x0000219e       0xaf C:\Users\vince\Documents\LPCXpresso_5.2.6_2137\w_exercices\TP1_labyrinth_slave\Debug\libMyLab_lib.a(accelerometer.o)
 .debug_macro   0x0000224d      0x898 C:\Users\vince\Documents\LPCXpresso_5.2.6_2137\w_exercices\TP1_labyrinth_slave\Debug\libMyLab_lib.a(accelerometer.o)
 .debug_macro   0x00002ae5       0x52 C:\Users\vince\Documents\LPCXpresso_5.2.6_2137\w_exercices\TP1_labyrinth_slave\Debug\libMyLab_lib.a(accelerometer.o)
 .debug_macro   0x00002b37       0xd4 C:\Users\vince\Documents\LPCXpresso_5.2.6_2137\w_exercices\TP1_labyrinth_slave\Debug\libMyLab_lib.a(ethernet_mgt.o)
 .debug_macro   0x00002c0b       0x9a C:\Users\vince\Documents\LPCXpresso_5.2.6_2137\w_exercices\TP1_labyrinth_slave\Debug\libMyLab_lib.a(ethernet_mgt.o)
 .debug_macro   0x00002ca5       0x7c C:\Users\vince\Documents\LPCXpresso_5.2.6_2137\w_exercices\TP1_labyrinth_slave\Debug\libMyLab_lib.a(ethernet_mgt.o)
 .debug_macro   0x00002d21      0x5c3 C:\Users\vince\Documents\LPCXpresso_5.2.6_2137\w_exercices\TP1_labyrinth_slave\Debug\libMyLab_lib.a(ethernet_mgt.o)
 .debug_macro   0x000032e4       0xa9 C:\Users\vince\Documents\LPCXpresso_5.2.6_2137\w_exercices\TP1_labyrinth_slave\Debug\libMyLab_lib.a(ethmac.o)
 .debug_macro   0x0000338d      0x108 C:\Users\vince\Documents\LPCXpresso_5.2.6_2137\w_exercices\TP1_labyrinth_slave\Debug\libMyLab_lib.a(lcd.o)
 .debug_macro   0x00003495       0x22 C:\Users\vince\Documents\LPCXpresso_5.2.6_2137\w_exercices\TP1_labyrinth_slave\Debug\libMyLab_lib.a(lcd.o)
 .debug_macro   0x000034b7       0xc4 C:\Users\vince\Documents\LPCXpresso_5.2.6_2137\w_exercices\TP1_labyrinth_slave\Debug\libMyLab_lib.a(lcd.o)
 .debug_macro   0x0000357b       0x90 C:\Users\vince\Documents\LPCXpresso_5.2.6_2137\w_exercices\TP1_labyrinth_slave\Debug\libMyLab_lib.a(ssp.o)
 .debug_macro   0x0000360b       0x22 C:\Users\vince\Documents\LPCXpresso_5.2.6_2137\w_exercices\TP1_labyrinth_slave\Debug\libMyLab_lib.a(ssp.o)
 .debug_macro   0x0000362d       0x8d C:\Users\vince\Documents\LPCXpresso_5.2.6_2137\w_exercices\TP1_labyrinth_slave\Debug\libMyLab_lib.a(I2C.o)
 .debug_macro   0x000036ba       0x1a C:\Users\vince\Documents\LPCXpresso_5.2.6_2137\w_exercices\TP1_labyrinth_slave\Debug\libMyLab_lib.a(fonts.o)
 .debug_macro   0x000036d4      0x12b C:\Users\vince\Documents\LPCXpresso_5.2.6_2137\w_exercices\CMSISv2p00_LPC17xx\Debug\libCMSISv2p00_LPC17xx.a(system_LPC17xx.o)
 .debug_macro   0x000037ff      0x886 C:\Users\vince\Documents\LPCXpresso_5.2.6_2137\w_exercices\CMSISv2p00_LPC17xx\Debug\libCMSISv2p00_LPC17xx.a(system_LPC17xx.o)

.debug_line     0x00000000     0x2363
 .debug_line    0x00000000       0xd5 ./src/cr_startup_lpc175x_6x.o
 .debug_line    0x000000d5       0x78 ./src/crp.o
 .debug_line    0x0000014d      0x324 ./src/labyrinth_slave.o
 .debug_line    0x00000471      0x212 ./src/timer.o
 .debug_line    0x00000683      0x32f ./src/tools.o
 .debug_line    0x000009b2      0x299 C:\Users\vince\Documents\LPCXpresso_5.2.6_2137\w_exercices\TP1_labyrinth_slave\Debug\libMyLab_lib.a(accelerometer.o)
 .debug_line    0x00000c4b      0x320 C:\Users\vince\Documents\LPCXpresso_5.2.6_2137\w_exercices\TP1_labyrinth_slave\Debug\libMyLab_lib.a(ethernet_mgt.o)
 .debug_line    0x00000f6b      0x3db C:\Users\vince\Documents\LPCXpresso_5.2.6_2137\w_exercices\TP1_labyrinth_slave\Debug\libMyLab_lib.a(ethmac.o)
 .debug_line    0x00001346      0x80d C:\Users\vince\Documents\LPCXpresso_5.2.6_2137\w_exercices\TP1_labyrinth_slave\Debug\libMyLab_lib.a(lcd.o)
 .debug_line    0x00001b53      0x25a C:\Users\vince\Documents\LPCXpresso_5.2.6_2137\w_exercices\TP1_labyrinth_slave\Debug\libMyLab_lib.a(ssp.o)
 .debug_line    0x00001dad      0x360 C:\Users\vince\Documents\LPCXpresso_5.2.6_2137\w_exercices\TP1_labyrinth_slave\Debug\libMyLab_lib.a(I2C.o)
 .debug_line    0x0000210d       0x83 C:\Users\vince\Documents\LPCXpresso_5.2.6_2137\w_exercices\TP1_labyrinth_slave\Debug\libMyLab_lib.a(fonts.o)
 .debug_line    0x00002190      0x1d3 C:\Users\vince\Documents\LPCXpresso_5.2.6_2137\w_exercices\CMSISv2p00_LPC17xx\Debug\libCMSISv2p00_LPC17xx.a(system_LPC17xx.o)

.debug_str      0x00000000     0xc443
 .debug_str     0x00000000     0x26ab ./src/cr_startup_lpc175x_6x.o
                               0x26be (size before relaxing)
 .debug_str     0x000026ab       0xe9 ./src/crp.o
                               0x25d6 (size before relaxing)
 .debug_str     0x00002794     0x6bc4 ./src/labyrinth_slave.o
                               0x916a (size before relaxing)
 .debug_str     0x00009358      0x111 ./src/timer.o
                               0x80e8 (size before relaxing)
 .debug_str     0x00009469      0x58f ./src/tools.o
                               0x88a8 (size before relaxing)
 .debug_str     0x000099f8      0x230 C:\Users\vince\Documents\LPCXpresso_5.2.6_2137\w_exercices\TP1_labyrinth_slave\Debug\libMyLab_lib.a(accelerometer.o)
                               0x8393 (size before relaxing)
 .debug_str     0x00009c28     0x1a14 C:\Users\vince\Documents\LPCXpresso_5.2.6_2137\w_exercices\TP1_labyrinth_slave\Debug\libMyLab_lib.a(ethernet_mgt.o)
                               0xa130 (size before relaxing)
 .debug_str     0x0000b63c      0x317 C:\Users\vince\Documents\LPCXpresso_5.2.6_2137\w_exercices\TP1_labyrinth_slave\Debug\libMyLab_lib.a(ethmac.o)
                               0x9a75 (size before relaxing)
 .debug_str     0x0000b953      0x548 C:\Users\vince\Documents\LPCXpresso_5.2.6_2137\w_exercices\TP1_labyrinth_slave\Debug\libMyLab_lib.a(lcd.o)
                               0x9006 (size before relaxing)
 .debug_str     0x0000be9b       0xa7 C:\Users\vince\Documents\LPCXpresso_5.2.6_2137\w_exercices\TP1_labyrinth_slave\Debug\libMyLab_lib.a(ssp.o)
                               0x80e2 (size before relaxing)
 .debug_str     0x0000bf42       0xda C:\Users\vince\Documents\LPCXpresso_5.2.6_2137\w_exercices\TP1_labyrinth_slave\Debug\libMyLab_lib.a(I2C.o)
                               0x823f (size before relaxing)
 .debug_str     0x0000c01c       0x1f C:\Users\vince\Documents\LPCXpresso_5.2.6_2137\w_exercices\TP1_labyrinth_slave\Debug\libMyLab_lib.a(fonts.o)
                               0x2587 (size before relaxing)
 .debug_str     0x0000c03b      0x408 C:\Users\vince\Documents\LPCXpresso_5.2.6_2137\w_exercices\CMSISv2p00_LPC17xx\Debug\libCMSISv2p00_LPC17xx.a(system_LPC17xx.o)
                               0x814e (size before relaxing)

.comment        0x00000000       0xdc
 .comment       0x00000000       0x6e ./src/cr_startup_lpc175x_6x.o
                                 0x6f (size before relaxing)
 .comment       0x0000006e       0x6f ./src/crp.o
 .comment       0x0000006e       0x6f ./src/labyrinth_slave.o
 .comment       0x0000006e       0x6f ./src/timer.o
 .comment       0x0000006e       0x6f ./src/tools.o
 .comment       0x0000006e       0x6f C:\Users\vince\Documents\LPCXpresso_5.2.6_2137\w_exercices\TP1_labyrinth_slave\Debug\libMyLab_lib.a(accelerometer.o)
 .comment       0x0000006e       0x6f C:\Users\vince\Documents\LPCXpresso_5.2.6_2137\w_exercices\TP1_labyrinth_slave\Debug\libMyLab_lib.a(ethernet_mgt.o)
 .comment       0x0000006e       0x6f C:\Users\vince\Documents\LPCXpresso_5.2.6_2137\w_exercices\TP1_labyrinth_slave\Debug\libMyLab_lib.a(ethmac.o)
 .comment       0x0000006e       0x6f C:\Users\vince\Documents\LPCXpresso_5.2.6_2137\w_exercices\TP1_labyrinth_slave\Debug\libMyLab_lib.a(lcd.o)
 .comment       0x0000006e       0x6f C:\Users\vince\Documents\LPCXpresso_5.2.6_2137\w_exercices\TP1_labyrinth_slave\Debug\libMyLab_lib.a(ssp.o)
 .comment       0x0000006e       0x6f C:\Users\vince\Documents\LPCXpresso_5.2.6_2137\w_exercices\TP1_labyrinth_slave\Debug\libMyLab_lib.a(I2C.o)
 .comment       0x0000006e       0x6f C:\Users\vince\Documents\LPCXpresso_5.2.6_2137\w_exercices\TP1_labyrinth_slave\Debug\libMyLab_lib.a(fonts.o)
 .comment       0x0000006e       0x6f C:\Users\vince\Documents\LPCXpresso_5.2.6_2137\w_exercices\CMSISv2p00_LPC17xx\Debug\libCMSISv2p00_LPC17xx.a(system_LPC17xx.o)
 .comment       0x0000006e       0x6e c:/nxp/lpcxpresso_8.2.2_650/lpcxpresso/tools/bin/../lib/gcc/arm-none-eabi/5.4.1/../../../../arm-none-eabi/lib/armv7-m\libcr_semihost.a(_cr__main.o)
                                 0x6f (size before relaxing)
 .comment       0x000000dc       0x6f c:/nxp/lpcxpresso_8.2.2_650/lpcxpresso/tools/bin/../lib/gcc/arm-none-eabi/5.4.1/../../../../arm-none-eabi/lib/armv7-m\libcr_c.a(memset.o)
 .comment       0x000000dc       0x6f c:/nxp/lpcxpresso_8.2.2_650/lpcxpresso/tools/bin/../lib/gcc/arm-none-eabi/5.4.1/../../../../arm-none-eabi/lib/armv7-m\libcr_c.a(alloc.o)
 .comment       0x000000dc       0x6f c:/nxp/lpcxpresso_8.2.2_650/lpcxpresso/tools/bin/../lib/gcc/arm-none-eabi/5.4.1/../../../../arm-none-eabi/lib/armv7-m\libcr_c.a(fclose.o)
 .comment       0x000000dc       0x6f c:/nxp/lpcxpresso_8.2.2_650/lpcxpresso/tools/bin/../lib/gcc/arm-none-eabi/5.4.1/../../../../arm-none-eabi/lib/armv7-m\libcr_c.a(fflush.o)
 .comment       0x000000dc       0x6f c:/nxp/lpcxpresso_8.2.2_650/lpcxpresso/tools/bin/../lib/gcc/arm-none-eabi/5.4.1/../../../../arm-none-eabi/lib/armv7-m\libcr_c.a(fpprintf.o)
 .comment       0x000000dc       0x6f c:/nxp/lpcxpresso_8.2.2_650/lpcxpresso/tools/bin/../lib/gcc/arm-none-eabi/5.4.1/../../../../arm-none-eabi/lib/armv7-m\libcr_c.a(fseek.o)
 .comment       0x000000dc       0x6f c:/nxp/lpcxpresso_8.2.2_650/lpcxpresso/tools/bin/../lib/gcc/arm-none-eabi/5.4.1/../../../../arm-none-eabi/lib/armv7-m\libcr_c.a(ftell.o)
 .comment       0x000000dc       0x6f c:/nxp/lpcxpresso_8.2.2_650/lpcxpresso/tools/bin/../lib/gcc/arm-none-eabi/5.4.1/../../../../arm-none-eabi/lib/armv7-m\libcr_c.a(initio.o)
 .comment       0x000000dc       0x6f c:/nxp/lpcxpresso_8.2.2_650/lpcxpresso/tools/bin/../lib/gcc/arm-none-eabi/5.4.1/../../../../arm-none-eabi/lib/armv7-m\libcr_c.a(printf.o)
 .comment       0x000000dc       0x6f c:/nxp/lpcxpresso_8.2.2_650/lpcxpresso/tools/bin/../lib/gcc/arm-none-eabi/5.4.1/../../../../arm-none-eabi/lib/armv7-m\libcr_c.a(remove.o)
 .comment       0x000000dc       0x6f c:/nxp/lpcxpresso_8.2.2_650/lpcxpresso/tools/bin/../lib/gcc/arm-none-eabi/5.4.1/../../../../arm-none-eabi/lib/armv7-m\libcr_c.a(setvbuf.o)
 .comment       0x000000dc       0x6f c:/nxp/lpcxpresso_8.2.2_650/lpcxpresso/tools/bin/../lib/gcc/arm-none-eabi/5.4.1/../../../../arm-none-eabi/lib/armv7-m\libcr_c.a(sqrt.o)
 .comment       0x000000dc       0x6f c:/nxp/lpcxpresso_8.2.2_650/lpcxpresso/tools/bin/../lib/gcc/arm-none-eabi/5.4.1/../../../../arm-none-eabi/lib/armv7-m\libcr_c.a(stdio.o)
 .comment       0x000000dc       0x6f c:/nxp/lpcxpresso_8.2.2_650/lpcxpresso/tools/bin/../lib/gcc/arm-none-eabi/5.4.1/../../../../arm-none-eabi/lib/armv7-m\libcr_c.a(stdlib.o)
 .comment       0x000000dc       0x6f c:/nxp/lpcxpresso_8.2.2_650/lpcxpresso/tools/bin/../lib/gcc/arm-none-eabi/5.4.1/../../../../arm-none-eabi/lib/armv7-m\libcr_c.a(strlen.o)
 .comment       0x000000dc       0x6f c:/nxp/lpcxpresso_8.2.2_650/lpcxpresso/tools/bin/../lib/gcc/arm-none-eabi/5.4.1/../../../../arm-none-eabi/lib/armv7-m\libcr_c.a(__init_alloc.o)
 .comment       0x000000dc       0x6f c:/nxp/lpcxpresso_8.2.2_650/lpcxpresso/tools/bin/../lib/gcc/arm-none-eabi/5.4.1/../../../../arm-none-eabi/lib/armv7-m\libcr_c.a(_cr_sbrk.o)
 .comment       0x000000dc       0x6f c:/nxp/lpcxpresso_8.2.2_650/lpcxpresso/tools/bin/../lib/gcc/arm-none-eabi/5.4.1/../../../../arm-none-eabi/lib/armv7-m\libcr_c.a(_deferredlazyseek.o)
 .comment       0x000000dc       0x6f c:/nxp/lpcxpresso_8.2.2_650/lpcxpresso/tools/bin/../lib/gcc/arm-none-eabi/5.4.1/../../../../arm-none-eabi/lib/armv7-m\libcr_c.a(_do_fflush.o)
 .comment       0x000000dc       0x6f c:/nxp/lpcxpresso_8.2.2_650/lpcxpresso/tools/bin/../lib/gcc/arm-none-eabi/5.4.1/../../../../arm-none-eabi/lib/armv7-m\libcr_c.a(_fdopen.o)
 .comment       0x000000dc       0x6f c:/nxp/lpcxpresso_8.2.2_650/lpcxpresso/tools/bin/../lib/gcc/arm-none-eabi/5.4.1/../../../../arm-none-eabi/lib/armv7-m\libcr_c.a(_fflush.o)
 .comment       0x000000dc       0x6f c:/nxp/lpcxpresso_8.2.2_650/lpcxpresso/tools/bin/../lib/gcc/arm-none-eabi/5.4.1/../../../../arm-none-eabi/lib/armv7-m\libcr_c.a(_frexpl.o)
 .comment       0x000000dc       0x6f c:/nxp/lpcxpresso_8.2.2_650/lpcxpresso/tools/bin/../lib/gcc/arm-none-eabi/5.4.1/../../../../arm-none-eabi/lib/armv7-m\libcr_c.a(_hugeval.o)
 .comment       0x000000dc       0x6f c:/nxp/lpcxpresso_8.2.2_650/lpcxpresso/tools/bin/../lib/gcc/arm-none-eabi/5.4.1/../../../../arm-none-eabi/lib/armv7-m\libcr_c.a(_ldexpl.o)
 .comment       0x000000dc       0x6f c:/nxp/lpcxpresso_8.2.2_650/lpcxpresso/tools/bin/../lib/gcc/arm-none-eabi/5.4.1/../../../../arm-none-eabi/lib/armv7-m\libcr_c.a(_writebuf.o)
 .comment       0x000000dc       0x6f c:/nxp/lpcxpresso_8.2.2_650/lpcxpresso/tools/bin/../lib/gcc/arm-none-eabi/5.4.1/../../../../arm-none-eabi/lib/armv7-m\libcr_c.a(errno.o)
 .comment       0x000000dc       0x6f c:/nxp/lpcxpresso_8.2.2_650/lpcxpresso/tools/bin/../lib/gcc/arm-none-eabi/5.4.1/../../../../arm-none-eabi/lib/armv7-m\libcr_c.a(_cr_check_heap.o)
 .comment       0x000000dc       0x6f c:/nxp/lpcxpresso_8.2.2_650/lpcxpresso/tools/bin/../lib/gcc/arm-none-eabi/5.4.1/armv7-m\libcr_eabihelpers.a(double.o)
 .comment       0x000000dc       0x6f c:/nxp/lpcxpresso_8.2.2_650/lpcxpresso/tools/bin/../lib/gcc/arm-none-eabi/5.4.1/armv7-m\libcr_eabihelpers.a(float.o)

.ARM.attributes
                0x00000000       0x31
 .ARM.attributes
                0x00000000       0x33 ./src/cr_startup_lpc175x_6x.o
 .ARM.attributes
                0x00000033       0x33 ./src/crp.o
 .ARM.attributes
                0x00000066       0x33 ./src/labyrinth_slave.o
 .ARM.attributes
                0x00000099       0x33 ./src/timer.o
 .ARM.attributes
                0x000000cc       0x33 ./src/tools.o
 .ARM.attributes
                0x000000ff       0x33 C:\Users\vince\Documents\LPCXpresso_5.2.6_2137\w_exercices\TP1_labyrinth_slave\Debug\libMyLab_lib.a(accelerometer.o)
 .ARM.attributes
                0x00000132       0x33 C:\Users\vince\Documents\LPCXpresso_5.2.6_2137\w_exercices\TP1_labyrinth_slave\Debug\libMyLab_lib.a(ethernet_mgt.o)
 .ARM.attributes
                0x00000165       0x33 C:\Users\vince\Documents\LPCXpresso_5.2.6_2137\w_exercices\TP1_labyrinth_slave\Debug\libMyLab_lib.a(ethmac.o)
 .ARM.attributes
                0x00000198       0x33 C:\Users\vince\Documents\LPCXpresso_5.2.6_2137\w_exercices\TP1_labyrinth_slave\Debug\libMyLab_lib.a(lcd.o)
 .ARM.attributes
                0x000001cb       0x33 C:\Users\vince\Documents\LPCXpresso_5.2.6_2137\w_exercices\TP1_labyrinth_slave\Debug\libMyLab_lib.a(ssp.o)
 .ARM.attributes
                0x000001fe       0x33 C:\Users\vince\Documents\LPCXpresso_5.2.6_2137\w_exercices\TP1_labyrinth_slave\Debug\libMyLab_lib.a(I2C.o)
 .ARM.attributes
                0x00000231       0x33 C:\Users\vince\Documents\LPCXpresso_5.2.6_2137\w_exercices\TP1_labyrinth_slave\Debug\libMyLab_lib.a(fonts.o)
 .ARM.attributes
                0x00000264       0x33 C:\Users\vince\Documents\LPCXpresso_5.2.6_2137\w_exercices\CMSISv2p00_LPC17xx\Debug\libCMSISv2p00_LPC17xx.a(system_LPC17xx.o)
 .ARM.attributes
                0x00000297       0x33 c:/nxp/lpcxpresso_8.2.2_650/lpcxpresso/tools/bin/../lib/gcc/arm-none-eabi/5.4.1/../../../../arm-none-eabi/lib/armv7-m\libcr_semihost.a(_cr__main.o)
 .ARM.attributes
                0x000002ca       0x33 c:/nxp/lpcxpresso_8.2.2_650/lpcxpresso/tools/bin/../lib/gcc/arm-none-eabi/5.4.1/../../../../arm-none-eabi/lib/armv7-m\libcr_c.a(memset.o)
 .ARM.attributes
                0x000002fd       0x33 c:/nxp/lpcxpresso_8.2.2_650/lpcxpresso/tools/bin/../lib/gcc/arm-none-eabi/5.4.1/../../../../arm-none-eabi/lib/armv7-m\libcr_c.a(alloc.o)
 .ARM.attributes
                0x00000330       0x33 c:/nxp/lpcxpresso_8.2.2_650/lpcxpresso/tools/bin/../lib/gcc/arm-none-eabi/5.4.1/../../../../arm-none-eabi/lib/armv7-m\libcr_c.a(fclose.o)
 .ARM.attributes
                0x00000363       0x33 c:/nxp/lpcxpresso_8.2.2_650/lpcxpresso/tools/bin/../lib/gcc/arm-none-eabi/5.4.1/../../../../arm-none-eabi/lib/armv7-m\libcr_c.a(fflush.o)
 .ARM.attributes
                0x00000396       0x33 c:/nxp/lpcxpresso_8.2.2_650/lpcxpresso/tools/bin/../lib/gcc/arm-none-eabi/5.4.1/../../../../arm-none-eabi/lib/armv7-m\libcr_c.a(fpprintf.o)
 .ARM.attributes
                0x000003c9       0x33 c:/nxp/lpcxpresso_8.2.2_650/lpcxpresso/tools/bin/../lib/gcc/arm-none-eabi/5.4.1/../../../../arm-none-eabi/lib/armv7-m\libcr_c.a(fseek.o)
 .ARM.attributes
                0x000003fc       0x33 c:/nxp/lpcxpresso_8.2.2_650/lpcxpresso/tools/bin/../lib/gcc/arm-none-eabi/5.4.1/../../../../arm-none-eabi/lib/armv7-m\libcr_c.a(ftell.o)
 .ARM.attributes
                0x0000042f       0x33 c:/nxp/lpcxpresso_8.2.2_650/lpcxpresso/tools/bin/../lib/gcc/arm-none-eabi/5.4.1/../../../../arm-none-eabi/lib/armv7-m\libcr_c.a(initio.o)
 .ARM.attributes
                0x00000462       0x33 c:/nxp/lpcxpresso_8.2.2_650/lpcxpresso/tools/bin/../lib/gcc/arm-none-eabi/5.4.1/../../../../arm-none-eabi/lib/armv7-m\libcr_c.a(printf.o)
 .ARM.attributes
                0x00000495       0x33 c:/nxp/lpcxpresso_8.2.2_650/lpcxpresso/tools/bin/../lib/gcc/arm-none-eabi/5.4.1/../../../../arm-none-eabi/lib/armv7-m\libcr_c.a(remove.o)
 .ARM.attributes
                0x000004c8       0x33 c:/nxp/lpcxpresso_8.2.2_650/lpcxpresso/tools/bin/../lib/gcc/arm-none-eabi/5.4.1/../../../../arm-none-eabi/lib/armv7-m\libcr_c.a(setvbuf.o)
 .ARM.attributes
                0x000004fb       0x33 c:/nxp/lpcxpresso_8.2.2_650/lpcxpresso/tools/bin/../lib/gcc/arm-none-eabi/5.4.1/../../../../arm-none-eabi/lib/armv7-m\libcr_c.a(sqrt.o)
 .ARM.attributes
                0x0000052e       0x33 c:/nxp/lpcxpresso_8.2.2_650/lpcxpresso/tools/bin/../lib/gcc/arm-none-eabi/5.4.1/../../../../arm-none-eabi/lib/armv7-m\libcr_c.a(stdio.o)
 .ARM.attributes
                0x00000561       0x33 c:/nxp/lpcxpresso_8.2.2_650/lpcxpresso/tools/bin/../lib/gcc/arm-none-eabi/5.4.1/../../../../arm-none-eabi/lib/armv7-m\libcr_c.a(stdlib.o)
 .ARM.attributes
                0x00000594       0x33 c:/nxp/lpcxpresso_8.2.2_650/lpcxpresso/tools/bin/../lib/gcc/arm-none-eabi/5.4.1/../../../../arm-none-eabi/lib/armv7-m\libcr_c.a(strlen.o)
 .ARM.attributes
                0x000005c7       0x33 c:/nxp/lpcxpresso_8.2.2_650/lpcxpresso/tools/bin/../lib/gcc/arm-none-eabi/5.4.1/../../../../arm-none-eabi/lib/armv7-m\libcr_c.a(__init_alloc.o)
 .ARM.attributes
                0x000005fa       0x33 c:/nxp/lpcxpresso_8.2.2_650/lpcxpresso/tools/bin/../lib/gcc/arm-none-eabi/5.4.1/../../../../arm-none-eabi/lib/armv7-m\libcr_c.a(_cr_sbrk.o)
 .ARM.attributes
                0x0000062d       0x33 c:/nxp/lpcxpresso_8.2.2_650/lpcxpresso/tools/bin/../lib/gcc/arm-none-eabi/5.4.1/../../../../arm-none-eabi/lib/armv7-m\libcr_c.a(_deferredlazyseek.o)
 .ARM.attributes
                0x00000660       0x33 c:/nxp/lpcxpresso_8.2.2_650/lpcxpresso/tools/bin/../lib/gcc/arm-none-eabi/5.4.1/../../../../arm-none-eabi/lib/armv7-m\libcr_c.a(_do_fflush.o)
 .ARM.attributes
                0x00000693       0x33 c:/nxp/lpcxpresso_8.2.2_650/lpcxpresso/tools/bin/../lib/gcc/arm-none-eabi/5.4.1/../../../../arm-none-eabi/lib/armv7-m\libcr_c.a(_fdopen.o)
 .ARM.attributes
                0x000006c6       0x33 c:/nxp/lpcxpresso_8.2.2_650/lpcxpresso/tools/bin/../lib/gcc/arm-none-eabi/5.4.1/../../../../arm-none-eabi/lib/armv7-m\libcr_c.a(_fflush.o)
 .ARM.attributes
                0x000006f9       0x33 c:/nxp/lpcxpresso_8.2.2_650/lpcxpresso/tools/bin/../lib/gcc/arm-none-eabi/5.4.1/../../../../arm-none-eabi/lib/armv7-m\libcr_c.a(_frexpl.o)
 .ARM.attributes
                0x0000072c       0x33 c:/nxp/lpcxpresso_8.2.2_650/lpcxpresso/tools/bin/../lib/gcc/arm-none-eabi/5.4.1/../../../../arm-none-eabi/lib/armv7-m\libcr_c.a(_hugeval.o)
 .ARM.attributes
                0x0000075f       0x33 c:/nxp/lpcxpresso_8.2.2_650/lpcxpresso/tools/bin/../lib/gcc/arm-none-eabi/5.4.1/../../../../arm-none-eabi/lib/armv7-m\libcr_c.a(_ldexpl.o)
 .ARM.attributes
                0x00000792       0x33 c:/nxp/lpcxpresso_8.2.2_650/lpcxpresso/tools/bin/../lib/gcc/arm-none-eabi/5.4.1/../../../../arm-none-eabi/lib/armv7-m\libcr_c.a(_writebuf.o)
 .ARM.attributes
                0x000007c5       0x33 c:/nxp/lpcxpresso_8.2.2_650/lpcxpresso/tools/bin/../lib/gcc/arm-none-eabi/5.4.1/../../../../arm-none-eabi/lib/armv7-m\libcr_c.a(errno.o)
 .ARM.attributes
                0x000007f8       0x33 c:/nxp/lpcxpresso_8.2.2_650/lpcxpresso/tools/bin/../lib/gcc/arm-none-eabi/5.4.1/../../../../arm-none-eabi/lib/armv7-m\libcr_c.a(_cr_check_heap.o)
 .ARM.attributes
                0x0000082b       0x33 c:/nxp/lpcxpresso_8.2.2_650/lpcxpresso/tools/bin/../lib/gcc/arm-none-eabi/5.4.1/armv7-m\libcr_eabihelpers.a(double.o)
 .ARM.attributes
                0x0000085e       0x33 c:/nxp/lpcxpresso_8.2.2_650/lpcxpresso/tools/bin/../lib/gcc/arm-none-eabi/5.4.1/armv7-m\libcr_eabihelpers.a(float.o)
 .ARM.attributes
                0x00000891       0x21 c:/nxp/lpcxpresso_8.2.2_650/lpcxpresso/tools/bin/../lib/gcc/arm-none-eabi/5.4.1/armv7-m\libcr_eabihelpers.a(memcpy.o)
 .ARM.attributes
                0x000008b2       0x21 c:/nxp/lpcxpresso_8.2.2_650/lpcxpresso/tools/bin/../lib/gcc/arm-none-eabi/5.4.1/../../../../arm-none-eabi/lib/armv7-m\libcr_semihost.a(__sys_appexit.o)
 .ARM.attributes
                0x000008d3       0x21 c:/nxp/lpcxpresso_8.2.2_650/lpcxpresso/tools/bin/../lib/gcc/arm-none-eabi/5.4.1/../../../../arm-none-eabi/lib/armv7-m\libcr_semihost.a(__sys_close.o)
 .ARM.attributes
                0x000008f4       0x21 c:/nxp/lpcxpresso_8.2.2_650/lpcxpresso/tools/bin/../lib/gcc/arm-none-eabi/5.4.1/../../../../arm-none-eabi/lib/armv7-m\libcr_semihost.a(__sys_flen.o)
 .ARM.attributes
                0x00000915       0x21 c:/nxp/lpcxpresso_8.2.2_650/lpcxpresso/tools/bin/../lib/gcc/arm-none-eabi/5.4.1/../../../../arm-none-eabi/lib/armv7-m\libcr_semihost.a(__sys_istty.o)
 .ARM.attributes
                0x00000936       0x21 c:/nxp/lpcxpresso_8.2.2_650/lpcxpresso/tools/bin/../lib/gcc/arm-none-eabi/5.4.1/../../../../arm-none-eabi/lib/armv7-m\libcr_semihost.a(__sys_remove.o)
 .ARM.attributes
                0x00000957       0x21 c:/nxp/lpcxpresso_8.2.2_650/lpcxpresso/tools/bin/../lib/gcc/arm-none-eabi/5.4.1/../../../../arm-none-eabi/lib/armv7-m\libcr_semihost.a(__sys_seek.o)
 .ARM.attributes
                0x00000978       0x21 c:/nxp/lpcxpresso_8.2.2_650/lpcxpresso/tools/bin/../lib/gcc/arm-none-eabi/5.4.1/../../../../arm-none-eabi/lib/armv7-m\libcr_semihost.a(__sys_tmpnam.o)
 .ARM.attributes
                0x00000999       0x21 c:/nxp/lpcxpresso_8.2.2_650/lpcxpresso/tools/bin/../lib/gcc/arm-none-eabi/5.4.1/../../../../arm-none-eabi/lib/armv7-m\libcr_semihost.a(__sys_write.o)

.debug_frame    0x00000000      0xcb4
 .debug_frame   0x00000000      0x170 ./src/cr_startup_lpc175x_6x.o
 .debug_frame   0x00000170       0xb0 ./src/labyrinth_slave.o
 .debug_frame   0x00000220       0xc4 ./src/timer.o
 .debug_frame   0x000002e4       0x90 ./src/tools.o
 .debug_frame   0x00000374       0xa0 C:\Users\vince\Documents\LPCXpresso_5.2.6_2137\w_exercices\TP1_labyrinth_slave\Debug\libMyLab_lib.a(accelerometer.o)
 .debug_frame   0x00000414       0xc8 C:\Users\vince\Documents\LPCXpresso_5.2.6_2137\w_exercices\TP1_labyrinth_slave\Debug\libMyLab_lib.a(ethernet_mgt.o)
 .debug_frame   0x000004dc      0x18c C:\Users\vince\Documents\LPCXpresso_5.2.6_2137\w_exercices\TP1_labyrinth_slave\Debug\libMyLab_lib.a(ethmac.o)
 .debug_frame   0x00000668      0x490 C:\Users\vince\Documents\LPCXpresso_5.2.6_2137\w_exercices\TP1_labyrinth_slave\Debug\libMyLab_lib.a(lcd.o)
 .debug_frame   0x00000af8       0x88 C:\Users\vince\Documents\LPCXpresso_5.2.6_2137\w_exercices\TP1_labyrinth_slave\Debug\libMyLab_lib.a(ssp.o)
 .debug_frame   0x00000b80       0xf8 C:\Users\vince\Documents\LPCXpresso_5.2.6_2137\w_exercices\TP1_labyrinth_slave\Debug\libMyLab_lib.a(I2C.o)
 .debug_frame   0x00000c78       0x3c C:\Users\vince\Documents\LPCXpresso_5.2.6_2137\w_exercices\CMSISv2p00_LPC17xx\Debug\libCMSISv2p00_LPC17xx.a(system_LPC17xx.o)
